Archive member included to satisfy reference by file (symbol)

/usr/lib/n64/nusys/libnusys.a(nugfxdisplayon.o)
                              build/src/main.o (nuGfxDisplayOn)
/usr/lib/n64/nusys/libnusys.a(nugfxfuncset.o)
                              build/src/main.o (nuGfxFuncSet)
/usr/lib/n64/nusys/libnusys.a(nugfxinit_ex2.o)
                              build/src/main.o (nuGfxInitEX2)
/usr/lib/n64/nusys/libnusys.a(nugfxsetcfb.o)
                              /usr/lib/n64/nusys/libnusys.a(nugfxinit_ex2.o) (nuGfxSetCfb)
/usr/lib/n64/nusys/libnusys.a(nugfxsetucodefifo.o)
                              /usr/lib/n64/nusys/libnusys.a(nugfxinit_ex2.o) (nuGfxSetUcodeFifo)
/usr/lib/n64/nusys/libnusys.a(nugfxswapcfb.o)
                              /usr/lib/n64/nusys/libnusys.a(nugfxinit_ex2.o) (nuGfxSwapCfb)
/usr/lib/n64/nusys/libnusys.a(nugfxswapcfbfuncset.o)
                              /usr/lib/n64/nusys/libnusys.a(nugfxinit_ex2.o) (nuGfxSwapCfbFuncSet)
/usr/lib/n64/nusys/libnusys.a(nugfxtaskallendwait.o)
                              /usr/lib/n64/nusys/libnusys.a(nugfxfuncset.o) (nuGfxTaskAllEndWait)
/usr/lib/n64/nusys/libnusys.a(nugfxtaskmgr.o)
                              /usr/lib/n64/nusys/libnusys.a(nugfxswapcfbfuncset.o) (nuGfxSwapCfbFunc)
/usr/lib/n64/nusys/libnusys.a(nugfxthread.o)
                              /usr/lib/n64/nusys/libnusys.a(nugfxfuncset.o) (nuGfxFunc)
/usr/lib/n64/nusys/libnusys.a(nupiinit.o)
                              /usr/lib/n64/nusys/nusys_rom.o (nuPiInit)
/usr/lib/n64/nusys/libnusys.a(nurdpoutput.o)
                              /usr/lib/n64/nusys/libnusys.a(nugfxinit_ex2.o) (nuRDPOutputBuf)
/usr/lib/n64/nusys/libnusys.a(nusched.o)
                              /usr/lib/n64/nusys/libnusys.a(nugfxtaskmgr.o) (nusched)
/usr/lib/n64/nusys/libnusys.a(nuyieldbuf.o)
                              /usr/lib/n64/nusys/libnusys.a(nugfxtaskmgr.o) (nuYieldBuf)
/usr/lib/n64/nusys/libnusys.a(nudramstack.o)
                              /usr/lib/n64/nusys/libnusys.a(nugfxtaskmgr.o) (nuDramStack)
/usr/lib/n64/nusys/libnusys.a(nugfxdisplayoff.o)
                              /usr/lib/n64/nusys/libnusys.a(nugfxtaskmgr.o) (nuGfxDisplayOff)
/usr/lib/n64/nusys/libnusys.a(nugfxretracewait.o)
                              /usr/lib/n64/nusys/libnusys.a(nugfxsetcfb.o) (nuGfxRetraceWait)
/usr/lib/n64/libultra_rom.a(afterprenmi.o)
                              /usr/lib/n64/nusys/libnusys.a(nusched.o) (osAfterPreNMI)
/usr/lib/n64/libultra_rom.a(initialize.o)
                              /usr/lib/n64/nusys/nusys_rom.o (osInitialize)
/usr/lib/n64/libultra_rom.a(cartrominit.o)
                              /usr/lib/n64/nusys/libnusys.a(nupiinit.o) (osCartRomInit)
/usr/lib/n64/libultra_rom.a(piacs.o)
                              /usr/lib/n64/libultra_rom.a(cartrominit.o) (__osPiGetAccess)
/usr/lib/n64/libultra_rom.a(pimgr.o)
                              /usr/lib/n64/nusys/libnusys.a(nupiinit.o) (osCreatePiManager)
/usr/lib/n64/libultra_rom.a(pirawdma.o)
                              /usr/lib/n64/libultra_rom.a(pimgr.o) (__osPiRawStartDma)
/usr/lib/n64/libultra_rom.a(createthread.o)
                              /usr/lib/n64/nusys/nusys_rom.o (osCreateThread)
/usr/lib/n64/libultra_rom.a(getthreadpri.o)
                              /usr/lib/n64/libultra_rom.a(pimgr.o) (osGetThreadPri)
/usr/lib/n64/libultra_rom.a(setthreadpri.o)
                              /usr/lib/n64/nusys/nusys_rom.o (osSetThreadPri)
/usr/lib/n64/libultra_rom.a(startthread.o)
                              /usr/lib/n64/nusys/nusys_rom.o (osStartThread)
/usr/lib/n64/libultra_rom.a(thread.o)
                              /usr/lib/n64/libultra_rom.a(setthreadpri.o) (__osDequeueThread)
/usr/lib/n64/libultra_rom.a(spsetpc.o)
                              /usr/lib/n64/libultra_rom.a(afterprenmi.o) (__osSpSetPc)
/usr/lib/n64/libultra_rom.a(sptask.o)
                              /usr/lib/n64/nusys/libnusys.a(nusched.o) (osSpTaskLoad)
/usr/lib/n64/libultra_rom.a(sptaskyield.o)
                              /usr/lib/n64/nusys/libnusys.a(nusched.o) (osSpTaskYield)
/usr/lib/n64/libultra_rom.a(sptaskyielded.o)
                              /usr/lib/n64/nusys/libnusys.a(nusched.o) (osSpTaskYielded)
/usr/lib/n64/libultra_rom.a(string.o)
                              /usr/lib/n64/libultra_rom.a(initialize.o) (memcpy)
/usr/lib/n64/libultra_rom.a(createmesgqueue.o)
                              /usr/lib/n64/nusys/libnusys.a(nugfxtaskmgr.o) (osCreateMesgQueue)
/usr/lib/n64/libultra_rom.a(recvmesg.o)
                              /usr/lib/n64/nusys/libnusys.a(nugfxtaskmgr.o) (osRecvMesg)
/usr/lib/n64/libultra_rom.a(sendmesg.o)
                              /usr/lib/n64/nusys/libnusys.a(nugfxtaskmgr.o) (osSendMesg)
/usr/lib/n64/libultra_rom.a(seteventmesg.o)
                              /usr/lib/n64/nusys/libnusys.a(nusched.o) (osSetEventMesg)
/usr/lib/n64/libultra_rom.a(virtualtophysical.o)
[...]
Memory Configuration

Name             Origin             Length             Attributes
*default*        0x0000000000000000 0xffffffffffffffff

Linker script and memory map

                0x0000000000014edc                __romPos = 0x0
                0x0000000004000000                _bootSegmentStart = ADDR (.boot)
                0x0000000000000000                _bootSegmentRomStart = __romPos

.MIPS.abiflags  0x0000000000000000       0x18
 .MIPS.abiflags
                0x0000000000000000       0x18 build/asm/rom_header.o

.boot           0x0000000004000000     0x1000 load address 0x0000000000000000
 build/asm/rom_header.o(.text)
 .text          0x0000000004000000       0x40 build/asm/rom_header.o
 build/boot.6102.o(.data)
 .data          0x0000000004000040      0xfc0 build/boot.6102.o
                0x0000000004000040                _binary__usr_lib_n64_PR_bootcode_boot_6102_start
                0x0000000004001000                _binary__usr_lib_n64_PR_bootcode_boot_6102_end
                0x0000000004001000                _bootSegmentEnd = (ADDR (.boot) + SIZEOF (.boot))
                0x0000000000001000                _bootSegmentRomEnd = (__romPos + SIZEOF (.boot))
                0x0000000000014edc                __romPos = (__romPos + SIZEOF (.boot))
                0x0000000080025c00                _codeSegmentStart = ADDR (.code)
                0x0000000000001000                _codeSegmentRomStart = __romPos

.code           0x0000000080025c00    0x13edc load address 0x0000000000001000
 build/asm/entry.o(.start)
 .start         0x0000000080025c00       0x3c build/asm/entry.o
                0x0000000080025c00                __start
 /usr/lib/n64/nusys/nusys_rom.o(.text)
 *fill*         0x0000000080025c3c        0x4 
 .text          0x0000000080025c40       0xf0 /usr/lib/n64/nusys/nusys_rom.o
                0x0000000080025cdc                nuBoot
 build/src*.o(.text)
 .text          0x0000000080025d30        0x0 build/src/gfx_statics.o
 .text          0x0000000080025d30       0x70 build/src/main.o
                0x0000000080025d30                mainproc
 .text          0x0000000080025da0        0x0 build/src/stage1_data.o
 .text          0x0000000080025da0      0x1a4 build/src/stage1_matrix.o
                0x0000000080025da0                stage1_setup_projection
                0x0000000080025e24                stage1_setup_modelview
                0x0000000080025ebc                stage1_setup_object_transform
 *fill*         0x0000000080025f44        0xc 
 .text          0x0000000080025f50       0xa8 build/src/swift_stubs.o
                0x0000000080025f50                __stack_chk_fail
                0x0000000080025f64                posix_memalign
                0x0000000080025fd0                free
 build/swiftlib.o(.text)
 *fill*         0x0000000080025ff8        0x8 
 .text          0x0000000080026000     0x2184 build/swiftlib.o
                0x0000000080026000                call_swift
                0x0000000080026028                gfx_rcp_init
                0x00000000800260b0                gfx_clear_cfb
                0x0000000080026228                gfx_new_task
                0x00000000800262b0                stage0_init
                0x00000000800262d8                stage0_loop
                0x0000000080026760                stage1_init
                0x0000000080026788                stage1_loop
                0x0000000080026810                swift_allocBox
                0x00000000800268f0                swift_makeBoxUnique
                0x00000000800269c0                swift_releaseBox
                0x0000000080026a90                swift_deallocBox
                0x0000000080026ac0                swift_allocEmptyBox
                0x0000000080026b28                swift_allocObject
                0x0000000080026be8                swift_allocObjectTyped
                0x0000000080026ca8                swift_initStackObject
                0x0000000080026ce0                swift_initStaticObject
                0x0000000080026d48                swift_deallocClassInstance
                0x0000000080026d88                swift_deallocPartialClassInstance
                0x0000000080026e00                swift_slowAlloc
                0x0000000080026ea0                swift_willThrow
                0x0000000080026ec8                swift_unexpectedError
                0x0000000080026ee0                swift_setDeallocating
                0x00000000800271c0                swift_isUniquelyReferenced_native
                0x0000000080027210                swift_isUniquelyReferenced_nonNull_native
                0x0000000080027250                swift_isEscapingClosureAtFileLocation
                0x00000000800272a0                swift_getObjectType
                0x00000000800272d0                swift_dynamicCastClass
                0x0000000080027330                swift_dynamicCastClassUnconditional
                0x0000000080027380                swift_dynamicCast
                0x0000000080027688                swift_once
                0x0000000080027720                swift_coroFrameAlloc
                0x0000000080027788                swift_deletedMethodError
                0x00000000800277a0                swift_allocError
                0x0000000080027978                _swift_embedded_error_destroy_impl
                0x00000000800279d8                swift_deallocError
                0x0000000080027a08                swift_getErrorValue
                0x0000000080027a60                swift_intToFloat32
                0x0000000080027b68                swift_intToFloat64
                0x0000000080027c68                swift_clearSensitive
                0x0000000080027cb8                swift_retainCount
                0x0000000080027e28                swift_release_n
                0x0000000080027e58                swift_retain
                0x0000000080027e88                swift_nonatomic_retain
                0x0000000080027eb8                swift_bridgeObjectRetain
                0x0000000080027ee8                swift_errorRetain
                0x0000000080027f18                swift_bridgeObjectRelease
                0x0000000080027f48                swift_retain_n
                0x0000000080027f78                swift_nonatomic_retain_n
                0x0000000080027fa8                swift_bridgeObjectRetain_n
                0x0000000080027fd8                swift_nonatomic_release_n
                0x0000000080028008                swift_bridgeObjectRelease_n
                0x0000000080028038                swift_errorInMain
                0x0000000080028068                swift_deallocUninitializedObject
                0x0000000080028098                swift_deallocObject
                0x00000000800280c8                swift_slowDealloc
                0x00000000800280f8                swift_release
                0x0000000080028128                swift_nonatomic_release
                0x0000000080028158                swift_errorRelease
 */libultra_rom.a:*.o(.text)
 *fill*         0x0000000080028184        0xc 
 .text          0x0000000080028190        0x8 /usr/lib/n64/libultra_rom.a(afterprenmi.o)
                0x0000000080028190                osAfterPreNMI
 *fill*         0x0000000080028198        0x8 
 .text          0x00000000800281a0      0x240 /usr/lib/n64/libultra_rom.a(initialize.o)
                0x00000000800281a0                __createSpeedParam
                0x0000000080028204                osInitialize
                0x00000000800283d8                osInitialize_isv
 .text          0x00000000800283e0      0x128 /usr/lib/n64/libultra_rom.a(cartrominit.o)
                0x00000000800283e0                osCartRomInit
 *fill*         0x0000000080028508        0x8 
 .text          0x0000000080028510       0x9c /usr/lib/n64/libultra_rom.a(piacs.o)
                0x0000000080028510                __osPiCreateAccessQueue
                0x000000008002855c                __osPiGetAccess
                0x0000000080028598                __osPiRelAccess
 *fill*         0x00000000800285ac        0x4 
 .text          0x00000000800285b0      0x188 /usr/lib/n64/libultra_rom.a(pimgr.o)
                0x00000000800285b0                osCreatePiManager
 *fill*         0x0000000080028738        0x8 
 .text          0x0000000080028740       0xbc /usr/lib/n64/libultra_rom.a(pirawdma.o)
                0x0000000080028740                __osPiRawStartDma
 *fill*         0x00000000800287fc        0x4 
 .text          0x0000000080028800       0xb4 /usr/lib/n64/libultra_rom.a(createthread.o)
                0x0000000080028800                osCreateThread
 *fill*         0x00000000800288b4        0xc 
 .text          0x00000000800288c0       0x18 /usr/lib/n64/libultra_rom.a(getthreadpri.o)
                0x00000000800288c0                osGetThreadPri
 *fill*         0x00000000800288d8        0x8 
 .text          0x00000000800288e0       0xc0 /usr/lib/n64/libultra_rom.a(setthreadpri.o)
                0x00000000800288e0                osSetThreadPri
 .text          0x00000000800289a0      0x104 /usr/lib/n64/libultra_rom.a(startthread.o)
                0x00000000800289a0                osStartThread
 *fill*         0x0000000080028aa4        0xc 
 .text          0x0000000080028ab0       0x30 /usr/lib/n64/libultra_rom.a(thread.o)
                0x0000000080028ab0                __osDequeueThread
 .text          0x0000000080028ae0       0x28 /usr/lib/n64/libultra_rom.a(spsetpc.o)
                0x0000000080028ae0                __osSpSetPc
 *fill*         0x0000000080028b08        0x8 
 .text          0x0000000080028b10      0x1fc /usr/lib/n64/libultra_rom.a(sptask.o)
                0x0000000080028b10                osSpTaskLoad
                0x0000000080028ce8                osSpTaskStartGo
 *fill*         0x0000000080028d0c        0x4 
 .text          0x0000000080028d10        0x8 /usr/lib/n64/libultra_rom.a(sptaskyield.o)
                0x0000000080028d10                osSpTaskYield
 *fill*         0x0000000080028d18        0x8 
 .text          0x0000000080028d20       0x4c /usr/lib/n64/libultra_rom.a(sptaskyielded.o)
                0x0000000080028d20                osSpTaskYielded
 *fill*         0x0000000080028d6c        0x4 
 .text          0x0000000080028d70       0x7c /usr/lib/n64/libultra_rom.a(string.o)
                0x0000000080028d70                strchr
                0x0000000080028da8                strlen
                0x0000000080028dc0                memcpy
 *fill*         0x0000000080028dec        0x4 
 .text          0x0000000080028df0       0x24 /usr/lib/n64/libultra_rom.a(createmesgqueue.o)
                0x0000000080028df0                osCreateMesgQueue
 *fill*         0x0000000080028e14        0xc 
 .text          0x0000000080028e20       0xf8 /usr/lib/n64/libultra_rom.a(recvmesg.o)
                0x0000000080028e20                osRecvMesg
 *fill*         0x0000000080028f18        0x8 
 .text          0x0000000080028f20      0x10c /usr/lib/n64/libultra_rom.a(sendmesg.o)
                0x0000000080028f20                osSendMesg
 *fill*         0x000000008002902c        0x4 
 .text          0x0000000080029030       0xa0 /usr/lib/n64/libultra_rom.a(seteventmesg.o)
                0x0000000080029030                osSetEventMesg
 .text          0x00000000800290d0       0x4c /usr/lib/n64/libultra_rom.a(virtualtophysical.o)
                0x00000000800290d0                osVirtualToPhysical
 *fill*         0x000000008002911c        0x4 
 .text          0x0000000080029120       0x48 /usr/lib/n64/libultra_rom.a(viblack.o)
                0x0000000080029120                osViBlack
 *fill*         0x0000000080029168        0x8 
 .text          0x0000000080029170       0xbc /usr/lib/n64/libultra_rom.a(vi.o)
                0x0000000080029170                __osViInit
 *fill*         0x000000008002922c        0x4 
 .text          0x0000000080029230       0x38 /usr/lib/n64/libultra_rom.a(vigetcurrframebuf.o)
                0x0000000080029230                osViGetCurrentFramebuffer
 *fill*         0x0000000080029268        0x8 
 .text          0x0000000080029270       0x38 /usr/lib/n64/libultra_rom.a(vigetnextframebuf.o)
                0x0000000080029270                osViGetNextFramebuffer
 *fill*         0x00000000800292a8        0x8 
 .text          0x00000000800292b0      0x2a4 /usr/lib/n64/libultra_rom.a(vimgr.o)
                0x00000000800293d0                osCreateViManager
 *fill*         0x0000000080029554        0xc 
 .text          0x0000000080029560       0x54 /usr/lib/n64/libultra_rom.a(visetevent.o)
                0x0000000080029560                osViSetEvent
 *fill*         0x00000000800295b4        0xc 
 .text          0x00000000800295c0       0x44 /usr/lib/n64/libultra_rom.a(visetmode.o)
                0x00000000800295c0                osViSetMode
 *fill*         0x0000000080029604        0xc 
 .text          0x0000000080029610      0x124 /usr/lib/n64/libultra_rom.a(visetspecial.o)
                0x0000000080029610                osViSetSpecialFeatures
 *fill*         0x0000000080029734        0xc 
 .text          0x0000000080029740       0x40 /usr/lib/n64/libultra_rom.a(visetyscale.o)
                0x0000000080029740                osViSetYScale
 .text          0x0000000080029780       0x40 /usr/lib/n64/libultra_rom.a(viswapbuf.o)
                0x0000000080029780                osViSwapBuffer
 .text          0x00000000800297c0      0x214 /usr/lib/n64/libultra_rom.a(viswapcontext.o)
                0x00000000800297c0                __osViSwapContext
 *fill*         0x00000000800299d4        0xc 
 .text          0x00000000800299e0        0x0 /usr/lib/n64/libultra_rom.a(vitbl.o)
 .text          0x00000000800299e0      0x29c /usr/lib/n64/libultra_rom.a(timerintr.o)
                0x00000000800299e0                __osTimerServicesInit
                0x0000000080029a30                __osSetTimerIntr
                0x0000000080029a98                __osInsertTimer
                0x0000000080029b74                __osTimerInterrupt
 *fill*         0x0000000080029c7c        0x4 
 .text          0x0000000080029c80       0x4c /usr/lib/n64/libultra_rom.a(sirawread.o)
                0x0000000080029c80                __osSiRawReadIo
 *fill*         0x0000000080029ccc        0x4 
 .text          0x0000000080029cd0       0x48 /usr/lib/n64/libultra_rom.a(sirawwrite.o)
                0x0000000080029cd0                __osSiRawWriteIo
 *fill*         0x0000000080029d18        0x8 
 .text          0x0000000080029d20      0x304 /usr/lib/n64/libultra_rom.a(lookat.o)
                0x0000000080029d20                guLookAtF
                0x0000000080029fc0                guLookAt
 *fill*         0x000000008002a024        0xc 
 .text          0x000000008002a030      0x1c0 /usr/lib/n64/libultra_rom.a(mtxutil.o)
                0x000000008002a030                guMtxF2L
                0x000000008002a0d4                guMtxL2F
                0x000000008002a178                guMtxIdentF
                0x000000008002a1c8                guMtxIdent
 .text          0x000000008002a1f0      0x1bc /usr/lib/n64/libultra_rom.a(perspective.o)
                0x000000008002a1f0                guPerspectiveF
                0x000000008002a360                guPerspective
 *fill*         0x000000008002a3ac        0x4 
 .text          0x000000008002a3b0      0x204 /usr/lib/n64/libultra_rom.a(position.o)
                0x000000008002a3b0                guPositionF
                0x000000008002a560                guPosition
 *fill*         0x000000008002a5b4        0xc 
 .text          0x000000008002a5c0      0x178 /usr/lib/n64/libultra_rom.a(sinf.o)
                0x000000008002a5c0                fsin
                0x000000008002a5c0                __sinf
                0x000000008002a5c0                sinf
 *fill*         0x000000008002a738        0x8 
 .text          0x000000008002a740        0x0 /usr/lib/n64/libultra_rom.a(vimodempallan1.o)
 .text          0x000000008002a740        0x0 /usr/lib/n64/libultra_rom.a(vimodentsclan1.o)
 .text          0x000000008002a740        0x0 /usr/lib/n64/libultra_rom.a(vimodepallan1.o)
 .text          0x000000008002a740       0x60 /usr/lib/n64/libultra_rom.a(parameters.o)
 .text          0x000000008002a7a0      0x964 /usr/lib/n64/libultra_rom.a(exceptasm.o)
                0x000000008002a7a0                __osExceptionPreamble
                0x000000008002a7b0                __osException
                0x000000008002ad2c                send_mesg
                0x000000008002ade4                handle_CpU
                0x000000008002ae18                __osEnqueueAndYield
                0x000000008002af1c                __osEnqueueThread
                0x000000008002af64                __osPopThread
                0x000000008002af74                __osNop
                0x000000008002af7c                __osDispatchThread
                0x000000008002b0f8                __osCleanupThread
 *fill*         0x000000008002b104        0xc 
 .text          0x000000008002b110       0x8c /usr/lib/n64/libultra_rom.a(interrupt.o)
                0x000000008002b110                __osDisableInt
                0x000000008002b180                __osRestoreInt
 *fill*         0x000000008002b19c        0x4 
 .text          0x000000008002b1a0       0xa0 /usr/lib/n64/libultra_rom.a(setintmask.o)
                0x000000008002b1a0                osSetIntMask
 .text          0x000000008002b240       0x58 /usr/lib/n64/libultra_rom.a(maptlbrdb.o)
                0x000000008002b240                osMapTLBRdb
 *fill*         0x000000008002b298        0x8 
 .text          0x000000008002b2a0       0xb8 /usr/lib/n64/libultra_rom.a(probetlb.o)
                0x000000008002b2a0                __osProbeTLB
 *fill*         0x000000008002b358        0x8 
 .text          0x000000008002b360       0x44 /usr/lib/n64/libultra_rom.a(unmaptlball.o)
                0x000000008002b360                osUnmapTLBAll
 *fill*         0x000000008002b3a4        0xc 
 .text          0x000000008002b3b0        0xc /usr/lib/n64/libultra_rom.a(getcause.o)
                0x000000008002b3b0                __osGetCause
 *fill*         0x000000008002b3bc        0x4 
 .text          0x000000008002b3c0        0xc /usr/lib/n64/libultra_rom.a(getcount.o)
                0x000000008002b3c0                osGetCount
 *fill*         0x000000008002b3cc        0x4 
 .text          0x000000008002b3d0        0xc /usr/lib/n64/libultra_rom.a(getsr.o)
                0x000000008002b3d0                __osGetSR
 *fill*         0x000000008002b3dc        0x4 
 .text          0x000000008002b3e0        0xc /usr/lib/n64/libultra_rom.a(setcompare.o)
                0x000000008002b3e0                __osSetCompare
 *fill*         0x000000008002b3ec        0x4 
 .text          0x000000008002b3f0       0x10 /usr/lib/n64/libultra_rom.a(setfpccsr.o)
                0x000000008002b3f0                __osSetFpcCsr
 .text          0x000000008002b400       0x10 /usr/lib/n64/libultra_rom.a(setsr.o)
                0x000000008002b400                __osSetSR
 .text          0x000000008002b410       0x10 /usr/lib/n64/libultra_rom.a(setwatchlo.o)
                0x000000008002b410                __osSetWatchLo
 .text          0x000000008002b420      0x31c /usr/lib/n64/libultra_rom.a(bcopy.o)
                0x000000008002b420                bcopy
 *fill*         0x000000008002b73c        0x4 
 .text          0x000000008002b740       0xa0 /usr/lib/n64/libultra_rom.a(bzero.o)
                0x000000008002b740                bzero
 .text          0x000000008002b7e0        0x0 /usr/lib/n64/libultra_rom.a(libm_vals.o)
 .text          0x000000008002b7e0        0x8 /usr/lib/n64/libultra_rom.a(sqrtf.o)
                0x000000008002b7e0                sqrtf
 *fill*         0x000000008002b7e8        0x8 
 .text          0x000000008002b7f0       0x74 /usr/lib/n64/libultra_rom.a(invalicache.o)
                0x000000008002b7f0                osInvalICache
 *fill*         0x000000008002b864        0xc 
 .text          0x000000008002b870       0x28 /usr/lib/n64/libultra_rom.a(writebackdcacheall.o)
                0x000000008002b870                osWritebackDCacheAll
 *fill*         0x000000008002b898        0x8 
 .text          0x000000008002b8a0       0x74 /usr/lib/n64/libultra_rom.a(writebackdcache.o)
                0x000000008002b8a0                osWritebackDCache
 *fill*         0x000000008002b914        0xc 
 .text          0x000000008002b920      0x384 /usr/lib/n64/libultra_rom.a(devmgr.o)
                0x000000008002b920                __osDevMgrMain
 *fill*         0x000000008002bca4        0xc 
 .text          0x000000008002bcb0      0x1b0 /usr/lib/n64/libultra_rom.a(epirawdma.o)
                0x000000008002bcb0                __osEPiRawStartDma
 .text          0x000000008002be60      0x130 /usr/lib/n64/libultra_rom.a(epirawread.o)
                0x000000008002be60                __osEPiRawReadIo
 .text          0x000000008002bf90      0x12c /usr/lib/n64/libultra_rom.a(epirawwrite.o)
                0x000000008002bf90                __osEPiRawWriteIo
 *fill*         0x000000008002c0bc        0x4 
 .text          0x000000008002c0c0       0x40 /usr/lib/n64/libultra_rom.a(resetglobalintmask.o)
                0x000000008002c0c0                __osResetGlobalIntMask
 .text          0x000000008002c100       0x38 /usr/lib/n64/libultra_rom.a(setglobalintmask.o)
                0x000000008002c100                __osSetGlobalIntMask
 *fill*         0x000000008002c138        0x8 
 .text          0x000000008002c140        0x0 /usr/lib/n64/libultra_rom.a(kdebugserver.o)
 .text          0x000000008002c140       0xb8 /usr/lib/n64/libultra_rom.a(destroythread.o)
                0x000000008002c140                osDestroyThread
 *fill*         0x000000008002c1f8        0x8 
 .text          0x000000008002c200       0x44 /usr/lib/n64/libultra_rom.a(yieldthread.o)
                0x000000008002c200                osYieldThread
 *fill*         0x000000008002c244        0xc 
 .text          0x000000008002c250       0x14 /usr/lib/n64/libultra_rom.a(sp.o)
                0x000000008002c250                __osSpDeviceBusy
 *fill*         0x000000008002c264        0xc 
 .text          0x000000008002c270       0x10 /usr/lib/n64/libultra_rom.a(spgetstat.o)
                0x000000008002c270                __osSpGetStatus
 .text          0x000000008002c280       0x94 /usr/lib/n64/libultra_rom.a(sprawdma.o)
                0x000000008002c280                __osSpRawStartDma
 *fill*         0x000000008002c314        0xc 
 .text          0x000000008002c320       0x10 /usr/lib/n64/libultra_rom.a(spsetstat.o)
                0x000000008002c320                __osSpSetStatus
 .text          0x000000008002c330        0xc /usr/lib/n64/libultra_rom.a(vigetcurrcontext.o)
                0x000000008002c330                __osViGetCurrentContext
 *fill*         0x000000008002c33c        0x4 
 .text          0x000000008002c340       0x14 /usr/lib/n64/libultra_rom.a(si.o)
                0x000000008002c340                __osSiDeviceBusy
 *fill*         0x000000008002c354        0xc 
 .text          0x000000008002c360      0x134 /usr/lib/n64/libultra_rom.a(cosf.o)
                0x000000008002c360                fcos
                0x000000008002c360                cosf
                0x000000008002c360                __cosf
 */libnustd.a:*.o(.text)
 *fill*         0x000000008002c494        0xc 
 .text          0x000000008002c4a0       0x28 /usr/lib/n64/libnustd.a(malloc.o)
                0x000000008002c4a0                malloc
 *fill*         0x000000008002c4c8        0x8 
 .text          0x000000008002c4d0       0x24 /usr/lib/n64/libnustd.a(memset.o)
                0x000000008002c4d0                memset
 *fill*         0x000000008002c4f4        0xc 
 .text          0x000000008002c500       0x6c /usr/lib/n64/libnustd.a(initheap.o)
                0x000000008002c500                _InitHeap
                0x000000008002c53c                InitHeap
 *fill*         0x000000008002c56c        0x4 
 .text          0x000000008002c570       0xbc /usr/lib/n64/libnustd.a(_malloc.o)
                0x000000008002c570                _malloc
 */libnusys.a:*.o(.text)
 *fill*         0x000000008002c62c        0x4 
 .text          0x000000008002c630       0x10 /usr/lib/n64/nusys/libnusys.a(nugfxdisplayon.o)
                0x000000008002c630                nuGfxDisplayOn
 .text          0x000000008002c640       0x38 /usr/lib/n64/nusys/libnusys.a(nugfxfuncset.o)
                0x000000008002c640                nuGfxFuncSet
 *fill*         0x000000008002c678        0x8 
 .text          0x000000008002c680       0xb4 /usr/lib/n64/nusys/libnusys.a(nugfxinit_ex2.o)
                0x000000008002c680                nuGfxInitEX2
 *fill*         0x000000008002c734        0xc 
 .text          0x000000008002c740      0x104 /usr/lib/n64/nusys/libnusys.a(nugfxsetcfb.o)
                0x000000008002c740                nuGfxSetCfb
 *fill*         0x000000008002c844        0xc 
 .text          0x000000008002c850       0x14 /usr/lib/n64/nusys/libnusys.a(nugfxsetucodefifo.o)
                0x000000008002c850                nuGfxSetUcodeFifo
 *fill*         0x000000008002c864        0xc 
 .text          0x000000008002c870        0x8 /usr/lib/n64/nusys/libnusys.a(nugfxswapcfb.o)
                0x000000008002c870                nuGfxSwapCfb
 *fill*         0x000000008002c878        0x8 
 .text          0x000000008002c880       0x34 /usr/lib/n64/nusys/libnusys.a(nugfxswapcfbfuncset.o)
                0x000000008002c880                nuGfxSwapCfbFuncSet
 *fill*         0x000000008002c8b4        0xc 
 .text          0x000000008002c8c0       0x18 /usr/lib/n64/nusys/libnusys.a(nugfxtaskallendwait.o)
                0x000000008002c8c0                nuGfxTaskAllEndWait
 *fill*         0x000000008002c8d8        0x8 
 .text          0x000000008002c8e0      0x360 /usr/lib/n64/nusys/libnusys.a(nugfxtaskmgr.o)
                0x000000008002c8e0                nuGfxTaskMgr
                0x000000008002c9dc                nuGfxTaskMgrInit
                0x000000008002caec                nuGfxTaskStart
 .text          0x000000008002cc40      0x108 /usr/lib/n64/nusys/libnusys.a(nugfxthread.o)
                0x000000008002ccf8                nuGfxThreadStart
 *fill*         0x000000008002cd48        0x8 
 .text          0x000000008002cd50       0x40 /usr/lib/n64/nusys/libnusys.a(nupiinit.o)
                0x000000008002cd50                nuPiInit
 .text          0x000000008002cd90        0x0 /usr/lib/n64/nusys/libnusys.a(nurdpoutput.o)
 .text          0x000000008002cd90      0x808 /usr/lib/n64/nusys/libnusys.a(nusched.o)
                0x000000008002d048                nuScCreateScheduler
                0x000000008002d284                nuScGetAudioMQ
                0x000000008002d290                nuScGetGfxMQ
                0x000000008002d29c                nuScAddClient
                0x000000008002d334                nuScResetClientMesgType
                0x000000008002d370                nuScRemoveClient
                0x000000008002d580                nuScSetFrameBufferNum
                0x000000008002d58c                nuScGetFrameRate
 *fill*         0x000000008002d598        0x8 
 .text          0x000000008002d5a0        0x0 /usr/lib/n64/nusys/libnusys.a(nuyieldbuf.o)
 .text          0x000000008002d5a0        0x0 /usr/lib/n64/nusys/libnusys.a(nudramstack.o)
 .text          0x000000008002d5a0       0x10 /usr/lib/n64/nusys/libnusys.a(nugfxdisplayoff.o)
                0x000000008002d5a0                nuGfxDisplayOff
 .text          0x000000008002d5b0       0x64 /usr/lib/n64/nusys/libnusys.a(nugfxretracewait.o)
                0x000000008002d5b0                nuGfxRetraceWait
 */libnualstl_n.a:*.o(.text)
 */libn_mus.a:*.o(.text)
 */libn_audio_sc.a:*.o(.text)
 */libgcc.a:*.o(.text)
 */libswift*.a:*.o(.text)
 /usr/lib/n64/PR/rspboot.o(.text)
 *fill*         0x000000008002d614        0xc 
 .text          0x000000008002d620       0xd0 /usr/lib/n64/PR/rspboot.o
                0x000000008002d620                rspbootTextStart
                0x000000008002d6f0                rspbootTextEnd
 /usr/lib/n64/PR/aspMain.o(.text)
 .text          0x000000008002d6f0      0xe20 /usr/lib/n64/PR/aspMain.o
                0x000000008002d6f0                aspMainTextStart
                0x000000008002e510                aspMainTextEnd
 /usr/lib/n64/PR/n_aspMain.o(.text)
 .text          0x000000008002e510      0xc60 /usr/lib/n64/PR/n_aspMain.o
                0x000000008002e510                n_aspMainTextStart
                0x000000008002f170                n_aspMainTextEnd
 /usr/lib/n64/PR/gspF3DEX2.fifo.o(.text)
 .text          0x000000008002f170     0x1390 /usr/lib/n64/PR/gspF3DEX2.fifo.o
                0x000000008002f170                gspF3DEX2_fifoTextStart
                0x0000000080030500                gspF3DEX2_fifoTextEnd
 /usr/lib/n64/PR/gspL3DEX2.fifo.o(.text)
 .text          0x0000000080030500     0x1190 /usr/lib/n64/PR/gspL3DEX2.fifo.o
                0x0000000080030500                gspL3DEX2_fifoTextStart
                0x0000000080031690                gspL3DEX2_fifoTextEnd
 /usr/lib/n64/PR/gspF3DEX2.Rej.fifo.o(.text)
 .text          0x0000000080031690     0x1190 /usr/lib/n64/PR/gspF3DEX2.Rej.fifo.o
                0x0000000080031690                gspF3DEX2_Rej_fifoTextStart
                0x0000000080032820                gspF3DEX2_Rej_fifoTextEnd
 /usr/lib/n64/PR/gspF3DEX2.NoN.fifo.o(.text)
 .text          0x0000000080032820     0x1390 /usr/lib/n64/PR/gspF3DEX2.NoN.fifo.o
                0x0000000080032820                gspF3DEX2_NoN_fifoTextStart
                0x0000000080033bb0                gspF3DEX2_NoN_fifoTextEnd
 /usr/lib/n64/PR/gspF3DLX2.Rej.fifo.o(.text)
 .text          0x0000000080033bb0     0x1190 /usr/lib/n64/PR/gspF3DLX2.Rej.fifo.o
                0x0000000080033bb0                gspF3DLX2_Rej_fifoTextStart
                0x0000000080034d40                gspF3DLX2_Rej_fifoTextEnd
 /usr/lib/n64/PR/gspS2DEX2.fifo.o(.text)
 .text          0x0000000080034d40     0x18c0 /usr/lib/n64/PR/gspS2DEX2.fifo.o
                0x0000000080034d40                gspS2DEX2_fifoTextStart
                0x0000000080036600                gspS2DEX2_fifoTextEnd
 /usr/lib/n64/nusys/nusys_rom.o(.data*)
 .data          0x0000000080036600        0x0 /usr/lib/n64/nusys/nusys_rom.o
 build/src*.o(.data*)
 .data          0x0000000080036600       0x68 build/src/gfx_statics.o
                0x0000000080036600                current_task
                0x0000000080036618                gfx_setup_rdpstate
                0x0000000080036640                gfx_setup_rspstate
 *fill*         0x0000000080036668        0x8 
 .data          0x0000000080036670        0x0 build/src/main.o
 .data          0x0000000080036670       0x80 build/src/stage1_data.o
                0x0000000080036670                square_verts
 .data          0x00000000800366f0        0x0 build/src/stage1_matrix.o
 .data          0x00000000800366f0        0x4 build/src/swift_stubs.o
                0x00000000800366f0                __stack_chk_guard
 build/swiftlib.o(.data*)
 *fill*         0x00000000800366f4        0xc 
 .data          0x0000000080036700       0x10 build/swiftlib.o
 */libultra_rom.a:*.o(.data*)
 .data          0x0000000080036710        0x0 /usr/lib/n64/libultra_rom.a(afterprenmi.o)
 .data          0x0000000080036710       0x10 /usr/lib/n64/libultra_rom.a(initialize.o)
                0x0000000080036710                __OSGlobalIntMask
                0x0000000080036714                osViClock
                0x0000000080036718                osClockRate
 .data          0x0000000080036720        0x4 /usr/lib/n64/libultra_rom.a(cartrominit.o)
 *fill*         0x0000000080036724        0xc 
 .data          0x0000000080036730        0x0 /usr/lib/n64/libultra_rom.a(piacs.o)
 .data          0x0000000080036730        0x8 /usr/lib/n64/libultra_rom.a(pimgr.o)
                0x0000000080036730                __osCurrentHandle
 *fill*         0x0000000080036738        0x8 
 .data          0x0000000080036740        0x0 /usr/lib/n64/libultra_rom.a(pirawdma.o)
 .data          0x0000000080036740        0x0 /usr/lib/n64/libultra_rom.a(createthread.o)
 .data          0x0000000080036740        0x0 /usr/lib/n64/libultra_rom.a(getthreadpri.o)
 .data          0x0000000080036740        0x0 /usr/lib/n64/libultra_rom.a(setthreadpri.o)
 .data          0x0000000080036740        0x0 /usr/lib/n64/libultra_rom.a(startthread.o)
 .data          0x0000000080036740       0x10 /usr/lib/n64/libultra_rom.a(thread.o)
                0x0000000080036740                __osActiveQueue
                0x0000000080036744                __osRunQueue
                0x0000000080036748                __osThreadTail
 .data          0x0000000080036750        0x0 /usr/lib/n64/libultra_rom.a(spsetpc.o)
 .data          0x0000000080036750        0x0 /usr/lib/n64/libultra_rom.a(sptask.o)
 .data          0x0000000080036750        0x0 /usr/lib/n64/libultra_rom.a(sptaskyield.o)
 .data          0x0000000080036750        0x0 /usr/lib/n64/libultra_rom.a(sptaskyielded.o)
 .data          0x0000000080036750        0x0 /usr/lib/n64/libultra_rom.a(string.o)
 .data          0x0000000080036750        0x0 /usr/lib/n64/libultra_rom.a(createmesgqueue.o)
 .data          0x0000000080036750        0x0 /usr/lib/n64/libultra_rom.a(recvmesg.o)
 .data          0x0000000080036750        0x0 /usr/lib/n64/libultra_rom.a(sendmesg.o)
 .data          0x0000000080036750        0x0 /usr/lib/n64/libultra_rom.a(seteventmesg.o)
 .data          0x0000000080036750        0x0 /usr/lib/n64/libultra_rom.a(virtualtophysical.o)
 .data          0x0000000080036750        0x0 /usr/lib/n64/libultra_rom.a(viblack.o)
 .data          0x0000000080036750        0x8 /usr/lib/n64/libultra_rom.a(vi.o)
                0x0000000080036750                __osViNext
                0x0000000080036754                __osViCurr
 *fill*         0x0000000080036758        0x8 
 .data          0x0000000080036760        0x0 /usr/lib/n64/libultra_rom.a(vigetcurrframebuf.o)
 .data          0x0000000080036760        0x0 /usr/lib/n64/libultra_rom.a(vigetnextframebuf.o)
 .data          0x0000000080036760        0x0 /usr/lib/n64/libultra_rom.a(vimgr.o)
 .data          0x0000000080036760        0x0 /usr/lib/n64/libultra_rom.a(visetevent.o)
 .data          0x0000000080036760        0x0 /usr/lib/n64/libultra_rom.a(visetmode.o)
 .data          0x0000000080036760        0x0 /usr/lib/n64/libultra_rom.a(visetspecial.o)
 .data          0x0000000080036760        0x0 /usr/lib/n64/libultra_rom.a(visetyscale.o)
 .data          0x0000000080036760        0x0 /usr/lib/n64/libultra_rom.a(viswapbuf.o)
 .data          0x0000000080036760        0x0 /usr/lib/n64/libultra_rom.a(viswapcontext.o)
 .data          0x0000000080036760     0x1180 /usr/lib/n64/libultra_rom.a(vitbl.o)
                0x0000000080036760                osViModeTable
 .data          0x00000000800378e0        0x4 /usr/lib/n64/libultra_rom.a(timerintr.o)
                0x00000000800378e0                __osTimerList
 *fill*         0x00000000800378e4        0xc 
 .data          0x00000000800378f0        0x0 /usr/lib/n64/libultra_rom.a(sirawread.o)
 .data          0x00000000800378f0        0x0 /usr/lib/n64/libultra_rom.a(sirawwrite.o)
 .data          0x00000000800378f0        0x0 /usr/lib/n64/libultra_rom.a(lookat.o)
 .data          0x00000000800378f0        0x0 /usr/lib/n64/libultra_rom.a(mtxutil.o)
 .data          0x00000000800378f0        0x0 /usr/lib/n64/libultra_rom.a(perspective.o)
 .data          0x00000000800378f0        0x0 /usr/lib/n64/libultra_rom.a(position.o)
 .data          0x00000000800378f0        0x0 /usr/lib/n64/libultra_rom.a(sinf.o)
 .data          0x00000000800378f0       0x50 /usr/lib/n64/libultra_rom.a(vimodempallan1.o)
                0x00000000800378f0                osViModeMpalLan1
 .data          0x0000000080037940       0x50 /usr/lib/n64/libultra_rom.a(vimodentsclan1.o)
                0x0000000080037940                osViModeNtscLan1
 .data          0x0000000080037990       0x50 /usr/lib/n64/libultra_rom.a(vimodepallan1.o)
                0x0000000080037990                osViModePalLan1
 .data          0x00000000800379e0        0x0 /usr/lib/n64/libultra_rom.a(parameters.o)
 .data          0x00000000800379e0       0x30 /usr/lib/n64/libultra_rom.a(exceptasm.o)
                0x00000000800379e0                __osHwIntTable
                0x0000000080037a08                __osPiIntTable
 .data          0x0000000080037a10        0x0 /usr/lib/n64/libultra_rom.a(interrupt.o)
 .data          0x0000000080037a10        0x0 /usr/lib/n64/libultra_rom.a(setintmask.o)
 .data          0x0000000080037a10        0x0 /usr/lib/n64/libultra_rom.a(maptlbrdb.o)
 .data          0x0000000080037a10        0x0 /usr/lib/n64/libultra_rom.a(probetlb.o)
 .data          0x0000000080037a10        0x0 /usr/lib/n64/libultra_rom.a(unmaptlball.o)
 .data          0x0000000080037a10        0x0 /usr/lib/n64/libultra_rom.a(getcause.o)
 .data          0x0000000080037a10        0x0 /usr/lib/n64/libultra_rom.a(getcount.o)
 .data          0x0000000080037a10        0x0 /usr/lib/n64/libultra_rom.a(getsr.o)
 .data          0x0000000080037a10        0x0 /usr/lib/n64/libultra_rom.a(setcompare.o)
 .data          0x0000000080037a10        0x0 /usr/lib/n64/libultra_rom.a(setfpccsr.o)
 .data          0x0000000080037a10        0x0 /usr/lib/n64/libultra_rom.a(setsr.o)
 .data          0x0000000080037a10        0x0 /usr/lib/n64/libultra_rom.a(setwatchlo.o)
 .data          0x0000000080037a10        0x0 /usr/lib/n64/libultra_rom.a(bcopy.o)
 .data          0x0000000080037a10        0x0 /usr/lib/n64/libultra_rom.a(bzero.o)
 .data          0x0000000080037a10        0x0 /usr/lib/n64/libultra_rom.a(libm_vals.o)
 .data          0x0000000080037a10        0x0 /usr/lib/n64/libultra_rom.a(sqrtf.o)
 .data          0x0000000080037a10        0x0 /usr/lib/n64/libultra_rom.a(invalicache.o)
 .data          0x0000000080037a10        0x0 /usr/lib/n64/libultra_rom.a(writebackdcacheall.o)
 .data          0x0000000080037a10        0x0 /usr/lib/n64/libultra_rom.a(writebackdcache.o)
 .data          0x0000000080037a10        0x0 /usr/lib/n64/libultra_rom.a(devmgr.o)
 .data          0x0000000080037a10        0x0 /usr/lib/n64/libultra_rom.a(epirawdma.o)
 .data          0x0000000080037a10        0x0 /usr/lib/n64/libultra_rom.a(epirawread.o)
 .data          0x0000000080037a10        0x0 /usr/lib/n64/libultra_rom.a(epirawwrite.o)
 .data          0x0000000080037a10        0x0 /usr/lib/n64/libultra_rom.a(resetglobalintmask.o)
 .data          0x0000000080037a10        0x0 /usr/lib/n64/libultra_rom.a(setglobalintmask.o)
 .data          0x0000000080037a10        0x0 /usr/lib/n64/libultra_rom.a(kdebugserver.o)
 .data          0x0000000080037a10        0x0 /usr/lib/n64/libultra_rom.a(destroythread.o)
 .data          0x0000000080037a10        0x0 /usr/lib/n64/libultra_rom.a(yieldthread.o)
 .data          0x0000000080037a10        0x0 /usr/lib/n64/libultra_rom.a(sp.o)
 .data          0x0000000080037a10        0x0 /usr/lib/n64/libultra_rom.a(spgetstat.o)
 .data          0x0000000080037a10        0x0 /usr/lib/n64/libultra_rom.a(sprawdma.o)
 .data          0x0000000080037a10        0x0 /usr/lib/n64/libultra_rom.a(spsetstat.o)
 .data          0x0000000080037a10        0x0 /usr/lib/n64/libultra_rom.a(vigetcurrcontext.o)
 .data          0x0000000080037a10        0x0 /usr/lib/n64/libultra_rom.a(si.o)
 .data          0x0000000080037a10        0x0 /usr/lib/n64/libultra_rom.a(cosf.o)
 */libnustd.a:*.o(.data*)
 .data          0x0000000080037a10        0x0 /usr/lib/n64/libnustd.a(malloc.o)
 .data          0x0000000080037a10        0x0 /usr/lib/n64/libnustd.a(memset.o)
 .data          0x0000000080037a10        0x4 /usr/lib/n64/libnustd.a(initheap.o)
                0x0000000080037a10                malloc_ptr
 *fill*         0x0000000080037a14        0xc 
 .data          0x0000000080037a20        0x0 /usr/lib/n64/libnustd.a(_malloc.o)
 */libnusys.a:*.o(.data*)
 .data          0x0000000080037a20        0x0 /usr/lib/n64/nusys/libnusys.a(nugfxdisplayon.o)
 .data          0x0000000080037a20        0x0 /usr/lib/n64/nusys/libnusys.a(nugfxfuncset.o)
 .data          0x0000000080037a20      0x124 /usr/lib/n64/nusys/libnusys.a(nugfxinit_ex2.o)
 *fill*         0x0000000080037b44        0xc 
 .data          0x0000000080037b50        0x0 /usr/lib/n64/nusys/libnusys.a(nugfxsetcfb.o)
 .data          0x0000000080037b50        0x0 /usr/lib/n64/nusys/libnusys.a(nugfxsetucodefifo.o)
 .data          0x0000000080037b50        0x0 /usr/lib/n64/nusys/libnusys.a(nugfxswapcfb.o)
 .data          0x0000000080037b50        0x0 /usr/lib/n64/nusys/libnusys.a(nugfxswapcfbfuncset.o)
 .data          0x0000000080037b50        0x0 /usr/lib/n64/nusys/libnusys.a(nugfxtaskallendwait.o)
 .data          0x0000000080037b50        0x8 /usr/lib/n64/nusys/libnusys.a(nugfxtaskmgr.o)
                0x0000000080037b50                nuGfxUcodeFifoSize
                0x0000000080037b54                nuGfxCfbNum
 *fill*         0x0000000080037b58        0x8 
 .data          0x0000000080037b60        0x0 /usr/lib/n64/nusys/libnusys.a(nugfxthread.o)
 .data          0x0000000080037b60        0x0 /usr/lib/n64/nusys/libnusys.a(nupiinit.o)
 .data          0x0000000080037b60        0x0 /usr/lib/n64/nusys/libnusys.a(nurdpoutput.o)
 .data          0x0000000080037b60       0x11 /usr/lib/n64/nusys/libnusys.a(nusched.o)
                0x0000000080037b60                nuScRetraceCounter
                0x0000000080037b64                nuVersion
 *fill*         0x0000000080037b71        0xf 
 .data          0x0000000080037b80        0x0 /usr/lib/n64/nusys/libnusys.a(nuyieldbuf.o)
 .data          0x0000000080037b80        0x0 /usr/lib/n64/nusys/libnusys.a(nudramstack.o)
 .data          0x0000000080037b80        0x0 /usr/lib/n64/nusys/libnusys.a(nugfxdisplayoff.o)
 .data          0x0000000080037b80        0x0 /usr/lib/n64/nusys/libnusys.a(nugfxretracewait.o)
 */libnualstl_n.a:*.o(.data*)
 */libn_mus.a:*.o(.data*)
 */libn_audio_sc.a:*.o(.data*)
 */libswift*.a:*.o(.data*)
 /usr/lib/n64/PR/rspboot.o(.data*)
 .data          0x0000000080037b80        0x0 /usr/lib/n64/PR/rspboot.o
                0x0000000080037b80                rspbootDataEnd
                0x0000000080037b80                rspbootDataStart
 /usr/lib/n64/PR/aspMain.o(.data*)
 .data          0x0000000080037b80      0x2c0 /usr/lib/n64/PR/aspMain.o
                0x0000000080037b80                aspMainDataStart
                0x0000000080037e40                aspMainDataEnd
 /usr/lib/n64/PR/n_aspMain.o(.data*)
 .data          0x0000000080037e40      0x2b0 /usr/lib/n64/PR/n_aspMain.o
                0x0000000080037e40                n_aspMainDataStart
                0x00000000800380f0                n_aspMainDataEnd
 /usr/lib/n64/PR/gspF3DEX2.fifo.o(.data*)
 .data          0x00000000800380f0      0x420 /usr/lib/n64/PR/gspF3DEX2.fifo.o
                0x00000000800380f0                gspF3DEX2_fifoDataStart
                0x0000000080038510                gspF3DEX2_fifoDataEnd
 /usr/lib/n64/PR/gspL3DEX2.fifo.o(.data*)
 .data          0x0000000080038510      0x3f0 /usr/lib/n64/PR/gspL3DEX2.fifo.o
                0x0000000080038510                gspL3DEX2_fifoDataStart
                0x0000000080038900                gspL3DEX2_fifoDataEnd
 /usr/lib/n64/PR/gspF3DEX2.Rej.fifo.o(.data*)
 .data          0x0000000080038900      0x410 /usr/lib/n64/PR/gspF3DEX2.Rej.fifo.o
                0x0000000080038900                gspF3DEX2_Rej_fifoDataStart
                0x0000000080038d10                gspF3DEX2_Rej_fifoDataEnd
 /usr/lib/n64/PR/gspF3DEX2.NoN.fifo.o(.data*)
 .data          0x0000000080038d10      0x420 /usr/lib/n64/PR/gspF3DEX2.NoN.fifo.o
                0x0000000080038d10                gspF3DEX2_NoN_fifoDataStart
                0x0000000080039130                gspF3DEX2_NoN_fifoDataEnd
 /usr/lib/n64/PR/gspF3DLX2.Rej.fifo.o(.data*)
 .data          0x0000000080039130      0x410 /usr/lib/n64/PR/gspF3DLX2.Rej.fifo.o
                0x0000000080039130                gspF3DLX2_Rej_fifoDataStart
                0x0000000080039540                gspF3DLX2_Rej_fifoDataEnd
 /usr/lib/n64/PR/gspS2DEX2.fifo.o(.data*)
 .data          0x0000000080039540      0x390 /usr/lib/n64/PR/gspS2DEX2.fifo.o
                0x0000000080039540                gspS2DEX2_fifoDataStart
                0x00000000800398d0                gspS2DEX2_fifoDataEnd
 /usr/lib/n64/nusys/nusys_rom.o(.*rodata*)
 build/src*.o(.*rodata*)
 .rodata        0x00000000800398d0       0x40 build/src/stage1_matrix.o
 build/swiftlib.o(.rodata*)
 .rodata.cst4   0x0000000080039910       0x10 build/swiftlib.o
 .rodata.cst8   0x0000000080039920       0x10 build/swiftlib.o
                                         0x18 (size before relaxing)
 */libultra_rom.a:*.o(.*rodata*)
 .rodata.cst4   0x0000000080039930        0x4 /usr/lib/n64/libultra_rom.a(viswapcontext.o)
 *fill*         0x0000000080039934        0xc 
 .rodata.cst4   0x0000000080039940        0x4 /usr/lib/n64/libultra_rom.a(lookat.o)
                                          0x8 (size before relaxing)
 *fill*         0x0000000080039944        0xc 
 .rodata.cst4   0x0000000080039950        0x8 /usr/lib/n64/libultra_rom.a(mtxutil.o)
                                          0xc (size before relaxing)
 *fill*         0x0000000080039958        0x8 
 .rodata.cst8   0x0000000080039960       0x18 /usr/lib/n64/libultra_rom.a(perspective.o)
 *fill*         0x0000000080039978        0x8 
 .rodata.cst4   0x0000000080039980        0x4 /usr/lib/n64/libultra_rom.a(perspective.o)
                                          0xc (size before relaxing)
 *fill*         0x0000000080039984        0xc 
 .rodata.cst4   0x0000000080039990        0x4 /usr/lib/n64/libultra_rom.a(position.o)
                                          0x8 (size before relaxing)
 *fill*         0x0000000080039994        0xc 
 .rodata.cst8   0x00000000800399a0       0x40 /usr/lib/n64/libultra_rom.a(sinf.o)
 .rodata        0x00000000800399e0       0x44 /usr/lib/n64/libultra_rom.a(exceptasm.o)
 *fill*         0x0000000080039a24        0xc 
 .rodata        0x0000000080039a30       0x80 /usr/lib/n64/libultra_rom.a(setintmask.o)
                0x0000000080039a30                __osRcpImTable
 .rodata        0x0000000080039ab0        0x4 /usr/lib/n64/libultra_rom.a(libm_vals.o)
                0x0000000080039ab0                __libm_qnan_f
 *fill*         0x0000000080039ab4        0xc 
 .rodata        0x0000000080039ac0       0x1c /usr/lib/n64/libultra_rom.a(devmgr.o)
 .rodata.cst8   0x0000000080039adc       0x40 /usr/lib/n64/libultra_rom.a(cosf.o)
 */libnustd.a:*.o(*.rodata*)
 */libnusys.a:*.o(.*rodata*)
 .rodata.cst4   0x0000000080039adc        0x4 /usr/lib/n64/nusys/libnusys.a(nusched.o)
 */libnualstl_n.a:*.o(.*rodata*)
 */libn_mus.a:*.o(.*rodata*)
 */libn_audio_sc.a:*.o(.*rodata*)
 */libgcc.a:*.o(.*rodata*)
 */libswift*.a:*.o(.*rodata*)
                0x0000000080039adc                _codeSegmentEnd = (ADDR (.code) + SIZEOF (.code))
                0x0000000000014edc                _codeSegmentRomEnd = (__romPos + SIZEOF (.code))
                0x0000000000014edc                __romPos = (__romPos + SIZEOF (.code))
                0x0000000080039b30                _codeSegmentBssStart = ADDR (.code.noload)

.text           0x0000000080039adc        0x0 load address 0x0000000000014edc
 .text          0x0000000080039adc        0x0 build/asm/entry.o

.text._swift_exceptionPersonality
                0x0000000080039ae0       0x14 load address 0x0000000000014ee0
 .text._swift_exceptionPersonality
                0x0000000080039ae0       0x14 build/swiftlib.o
                0x0000000080039ae0                _swift_exceptionPersonality

.text._swift_fatalError
                0x0000000080039af8       0x2c load address 0x0000000000014ef8
 .text._swift_fatalError
                0x0000000080039af8       0x2c build/swiftlib.o
                0x0000000080039af8                _swift_fatalError

.rel.dyn        0x0000000080039b24        0x0 load address 0x0000000000014f24
 .rel.dyn       0x0000000080039b24        0x0 /usr/lib/n64/nusys/libnusys.a(nugfxinit_ex2.o)

.data           0x0000000080039b24        0x0 load address 0x0000000000014f24
 .data          0x0000000080039b24        0x0 build/asm/rom_header.o
 .data          0x0000000080039b24        0x0 build/asm/entry.o

.code.noload    0x0000000080039b30    0x3b1a0 load address 0x0000000000014f30
 /usr/lib/n64/nusys/nusys_rom.o(COMMON)
 /usr/lib/n64/nusys/nusys_rom.o(.scommon)
 /usr/lib/n64/nusys/nusys_rom.o(.*bss*)
 .bss           0x0000000080039b30     0x4370 /usr/lib/n64/nusys/nusys_rom.o
                0x0000000080039b30                nuIdleFunc
                0x0000000080039b40                nuMainStack
 build/src*.o(.*bss*)
 .bss           0x000000008003dea0     0x8604 build/src/gfx_statics.o
                0x000000008003dea0                gfx_tasks
                0x00000000800464a0                gfx_list_ptr
 .bss           0x00000000800464a4        0x0 build/src/main.o
 .bss           0x00000000800464a4        0x0 build/src/stage1_data.o
 .bss           0x00000000800464a4        0x0 build/src/stage1_matrix.o
 .bss           0x00000000800464a4        0x0 build/src/swift_stubs.o
 build/swiftlib.o(.bss*)
 *fill*         0x00000000800464a4        0xc 
 .bss           0x00000000800464b0       0x15 build/swiftlib.o
                0x00000000800464b8                _swift_embedded_error_metadata_storage
 */libultra_rom.a:*.o(COMMON)
 */libultra_rom.a:*.o(.scommon)
 */libultra_rom.a:*.o(.*bss*)
 .bss           0x00000000800464c5        0x0 /usr/lib/n64/libultra_rom.a(afterprenmi.o)
 *fill*         0x00000000800464c5        0x3 
 .bss           0x00000000800464c8        0x8 /usr/lib/n64/libultra_rom.a(initialize.o)
                0x00000000800464c8                __osFinalrom
                0x00000000800464cc                __osShutdown
 .bss           0x00000000800464d0       0x74 /usr/lib/n64/libultra_rom.a(cartrominit.o)
                0x00000000800464d0                __CartRomHandle
 *fill*         0x0000000080046544        0x4 
 .bss           0x0000000080046548       0x20 /usr/lib/n64/libultra_rom.a(piacs.o)
                0x0000000080046548                __osPiAccessQueue
                0x0000000080046560                __osPiAccessQueueEnabled
 *fill*         0x0000000080046568        0x8 
 .bss           0x0000000080046570     0x12e0 /usr/lib/n64/libultra_rom.a(pimgr.o)
                0x0000000080046570                __Dom2SpeedParam
                0x00000000800465e8                __Dom1SpeedParam
                0x000000008004665c                __osPiTable
                0x0000000080046660                __osPiDevMgr
 .bss           0x0000000080047850        0x0 /usr/lib/n64/libultra_rom.a(pirawdma.o)
 .bss           0x0000000080047850        0x0 /usr/lib/n64/libultra_rom.a(createthread.o)
 .bss           0x0000000080047850        0x0 /usr/lib/n64/libultra_rom.a(getthreadpri.o)
 .bss           0x0000000080047850        0x0 /usr/lib/n64/libultra_rom.a(setthreadpri.o)
 .bss           0x0000000080047850        0x0 /usr/lib/n64/libultra_rom.a(startthread.o)
 .bss           0x0000000080047850        0x8 /usr/lib/n64/libultra_rom.a(thread.o)
                0x0000000080047850                __osFaultedThread
                0x0000000080047854                __osRunningThread
 .bss           0x0000000080047858        0x0 /usr/lib/n64/libultra_rom.a(spsetpc.o)
 .bss           0x0000000080047858       0x40 /usr/lib/n64/libultra_rom.a(sptask.o)
 .bss           0x0000000080047898        0x0 /usr/lib/n64/libultra_rom.a(sptaskyield.o)
 .bss           0x0000000080047898        0x0 /usr/lib/n64/libultra_rom.a(sptaskyielded.o)
 .bss           0x0000000080047898        0x0 /usr/lib/n64/libultra_rom.a(string.o)
 .bss           0x0000000080047898        0x0 /usr/lib/n64/libultra_rom.a(createmesgqueue.o)
 .bss           0x0000000080047898        0x0 /usr/lib/n64/libultra_rom.a(recvmesg.o)
 .bss           0x0000000080047898        0x0 /usr/lib/n64/libultra_rom.a(sendmesg.o)
 .bss           0x0000000080047898       0x80 /usr/lib/n64/libultra_rom.a(seteventmesg.o)
                0x0000000080047898                __osPreNMI
                0x00000000800478a0                __osEventStateTab
 .bss           0x0000000080047918        0x0 /usr/lib/n64/libultra_rom.a(virtualtophysical.o)
 .bss           0x0000000080047918        0x0 /usr/lib/n64/libultra_rom.a(viblack.o)
 .bss           0x0000000080047918       0x60 /usr/lib/n64/libultra_rom.a(vi.o)
 .bss           0x0000000080047978        0x0 /usr/lib/n64/libultra_rom.a(vigetcurrframebuf.o)
 .bss           0x0000000080047978        0x0 /usr/lib/n64/libultra_rom.a(vigetnextframebuf.o)
 *fill*         0x0000000080047978        0x8 
 .bss           0x0000000080047980     0x1240 /usr/lib/n64/libultra_rom.a(vimgr.o)
                0x0000000080047980                __additional_scanline
                0x0000000080047984                __osViDevMgr
 .bss           0x0000000080048bc0        0x0 /usr/lib/n64/libultra_rom.a(visetevent.o)
 .bss           0x0000000080048bc0        0x0 /usr/lib/n64/libultra_rom.a(visetmode.o)
 .bss           0x0000000080048bc0        0x0 /usr/lib/n64/libultra_rom.a(visetspecial.o)
 .bss           0x0000000080048bc0        0x0 /usr/lib/n64/libultra_rom.a(visetyscale.o)
 .bss           0x0000000080048bc0        0x0 /usr/lib/n64/libultra_rom.a(viswapbuf.o)
 .bss           0x0000000080048bc0        0x0 /usr/lib/n64/libultra_rom.a(viswapcontext.o)
 .bss           0x0000000080048bc0        0x0 /usr/lib/n64/libultra_rom.a(vitbl.o)
 .bss           0x0000000080048bc0       0x38 /usr/lib/n64/libultra_rom.a(timerintr.o)
                0x0000000080048bc0                __osBaseTimer
                0x0000000080048be0                __osTimerCounter
                0x0000000080048be4                __osViIntrCount
                0x0000000080048be8                __osBaseCounter
                0x0000000080048bf0                __osCurrentTime
 .bss           0x0000000080048bf8        0x0 /usr/lib/n64/libultra_rom.a(sirawread.o)
 .bss           0x0000000080048bf8        0x0 /usr/lib/n64/libultra_rom.a(sirawwrite.o)
 .bss           0x0000000080048bf8        0x0 /usr/lib/n64/libultra_rom.a(lookat.o)
 .bss           0x0000000080048bf8        0x0 /usr/lib/n64/libultra_rom.a(mtxutil.o)
 .bss           0x0000000080048bf8        0x0 /usr/lib/n64/libultra_rom.a(perspective.o)
 .bss           0x0000000080048bf8        0x0 /usr/lib/n64/libultra_rom.a(position.o)
 .bss           0x0000000080048bf8        0x0 /usr/lib/n64/libultra_rom.a(sinf.o)
 .bss           0x0000000080048bf8        0x0 /usr/lib/n64/libultra_rom.a(vimodempallan1.o)
 .bss           0x0000000080048bf8        0x0 /usr/lib/n64/libultra_rom.a(vimodentsclan1.o)
 .bss           0x0000000080048bf8        0x0 /usr/lib/n64/libultra_rom.a(vimodepallan1.o)
 .bss           0x0000000080048bf8        0x0 /usr/lib/n64/libultra_rom.a(parameters.o)
 .bss           0x0000000080048bf8        0x0 /usr/lib/n64/libultra_rom.a(exceptasm.o)
 .bss           0x0000000080048bf8        0x0 /usr/lib/n64/libultra_rom.a(interrupt.o)
 .bss           0x0000000080048bf8        0x0 /usr/lib/n64/libultra_rom.a(setintmask.o)
 .bss           0x0000000080048bf8        0x0 /usr/lib/n64/libultra_rom.a(maptlbrdb.o)
 .bss           0x0000000080048bf8        0x0 /usr/lib/n64/libultra_rom.a(probetlb.o)
 .bss           0x0000000080048bf8        0x0 /usr/lib/n64/libultra_rom.a(unmaptlball.o)
 .bss           0x0000000080048bf8        0x0 /usr/lib/n64/libultra_rom.a(getcause.o)
 .bss           0x0000000080048bf8        0x0 /usr/lib/n64/libultra_rom.a(getcount.o)
 .bss           0x0000000080048bf8        0x0 /usr/lib/n64/libultra_rom.a(getsr.o)
 .bss           0x0000000080048bf8        0x0 /usr/lib/n64/libultra_rom.a(setcompare.o)
 .bss           0x0000000080048bf8        0x0 /usr/lib/n64/libultra_rom.a(setfpccsr.o)
 .bss           0x0000000080048bf8        0x0 /usr/lib/n64/libultra_rom.a(setsr.o)
 .bss           0x0000000080048bf8        0x0 /usr/lib/n64/libultra_rom.a(setwatchlo.o)
 .bss           0x0000000080048bf8        0x0 /usr/lib/n64/libultra_rom.a(bcopy.o)
 .bss           0x0000000080048bf8        0x0 /usr/lib/n64/libultra_rom.a(bzero.o)
 .bss           0x0000000080048bf8        0x0 /usr/lib/n64/libultra_rom.a(libm_vals.o)
 .bss           0x0000000080048bf8        0x0 /usr/lib/n64/libultra_rom.a(sqrtf.o)
 .bss           0x0000000080048bf8        0x0 /usr/lib/n64/libultra_rom.a(invalicache.o)
 .bss           0x0000000080048bf8        0x0 /usr/lib/n64/libultra_rom.a(writebackdcacheall.o)
 .bss           0x0000000080048bf8        0x0 /usr/lib/n64/libultra_rom.a(writebackdcache.o)
 .bss           0x0000000080048bf8        0x0 /usr/lib/n64/libultra_rom.a(devmgr.o)
 .bss           0x0000000080048bf8        0x0 /usr/lib/n64/libultra_rom.a(epirawdma.o)
 .bss           0x0000000080048bf8        0x0 /usr/lib/n64/libultra_rom.a(epirawread.o)
 .bss           0x0000000080048bf8        0x0 /usr/lib/n64/libultra_rom.a(epirawwrite.o)
 .bss           0x0000000080048bf8        0x0 /usr/lib/n64/libultra_rom.a(resetglobalintmask.o)
 .bss           0x0000000080048bf8        0x0 /usr/lib/n64/libultra_rom.a(setglobalintmask.o)
 .bss           0x0000000080048bf8      0x1b0 /usr/lib/n64/libultra_rom.a(kdebugserver.o)
                0x0000000080048bf8                __osThreadSave
 .bss           0x0000000080048da8        0x0 /usr/lib/n64/libultra_rom.a(destroythread.o)
 .bss           0x0000000080048da8        0x0 /usr/lib/n64/libultra_rom.a(yieldthread.o)
 .bss           0x0000000080048da8        0x0 /usr/lib/n64/libultra_rom.a(sp.o)
 .bss           0x0000000080048da8        0x0 /usr/lib/n64/libultra_rom.a(spgetstat.o)
 .bss           0x0000000080048da8        0x0 /usr/lib/n64/libultra_rom.a(sprawdma.o)
 .bss           0x0000000080048da8        0x0 /usr/lib/n64/libultra_rom.a(spsetstat.o)
 .bss           0x0000000080048da8        0x0 /usr/lib/n64/libultra_rom.a(vigetcurrcontext.o)
 .bss           0x0000000080048da8        0x0 /usr/lib/n64/libultra_rom.a(si.o)
 .bss           0x0000000080048da8        0x0 /usr/lib/n64/libultra_rom.a(cosf.o)
 */libnustd.a:*.o(COMMON)
 */libnustd.a:*.o(.scommon)
 */libnustd.a:*.o(.*bss*)
 .bss           0x0000000080048da8        0x0 /usr/lib/n64/libnustd.a(malloc.o)
 .bss           0x0000000080048da8        0x0 /usr/lib/n64/libnustd.a(memset.o)
 .bss           0x0000000080048da8        0x0 /usr/lib/n64/libnustd.a(initheap.o)
 .bss           0x0000000080048da8        0x0 /usr/lib/n64/libnustd.a(_malloc.o)
 */libnusys.a:*.o(COMMON)
 */libnusys.a:*.o(.scommon)
 */libnusys.a:*.o(.*bss*)
 .bss           0x0000000080048da8        0x0 /usr/lib/n64/nusys/libnusys.a(nugfxdisplayon.o)
 .bss           0x0000000080048da8        0x0 /usr/lib/n64/nusys/libnusys.a(nugfxfuncset.o)
 .bss           0x0000000080048da8        0x0 /usr/lib/n64/nusys/libnusys.a(nugfxinit_ex2.o)
 .bss           0x0000000080048da8        0x0 /usr/lib/n64/nusys/libnusys.a(nugfxsetcfb.o)
 .bss           0x0000000080048da8        0x0 /usr/lib/n64/nusys/libnusys.a(nugfxsetucodefifo.o)
 .bss           0x0000000080048da8        0x0 /usr/lib/n64/nusys/libnusys.a(nugfxswapcfb.o)
 .bss           0x0000000080048da8        0x0 /usr/lib/n64/nusys/libnusys.a(nugfxswapcfbfuncset.o)
 .bss           0x0000000080048da8        0x0 /usr/lib/n64/nusys/libnusys.a(nugfxtaskallendwait.o)
 *fill*         0x0000000080048da8        0x8 
 .bss           0x0000000080048db0     0x2598 /usr/lib/n64/nusys/libnusys.a(nugfxtaskmgr.o)
                0x0000000080048db0                nuGfxTaskEndFunc
                0x0000000080048db4                nuGfxSwapCfbFunc
                0x0000000080048db8                nuGfxUcodeFifoPtr
                0x0000000080048dbc                nuGfxCfbCounter
                0x0000000080048dc0                nuGfxDisplay
                0x0000000080048dc4                nuGfxZBuffer
                0x0000000080048dc8                nuGfxCfb_ptr
                0x0000000080048dcc                nuGfxCfb
                0x0000000080048dd0                nuGfxTaskMgrMesgQ
                0x0000000080048de8                nuGfxTaskSpool
                0x0000000080048df0                nuGfxTask
                0x0000000080049160                nuGfxUcode
 *fill*         0x000000008004b348        0x8 
 .bss           0x000000008004b350     0x21f0 /usr/lib/n64/nusys/libnusys.a(nugfxthread.o)
                0x000000008004b350                nuGfxThread
                0x000000008004b500                nuGfxMesgQ
                0x000000008004b518                nuGfxPreNMIFunc
                0x000000008004b51c                nuGfxFunc
 .bss           0x000000008004d540       0xe8 /usr/lib/n64/nusys/libnusys.a(nupiinit.o)
                0x000000008004d540                nuPiCartHandle
 *fill*         0x000000008004d628        0x8 
 .bss           0x000000008004d630    0x20000 /usr/lib/n64/nusys/libnusys.a(nurdpoutput.o)
                0x000000008004d630                nuRDPOutputBuf
 .bss           0x000000008006d630     0x6690 /usr/lib/n64/nusys/libnusys.a(nusched.o)
                0x000000008006d630                nuScPreNMIFlag
                0x000000008006d634                nuScPreNMIFunc
                0x000000008006d640                nusched
 .bss           0x0000000080073cc0      0xc10 /usr/lib/n64/nusys/libnusys.a(nuyieldbuf.o)
                0x0000000080073cc0                nuYieldBuf
 .bss           0x00000000800748d0      0x400 /usr/lib/n64/nusys/libnusys.a(nudramstack.o)
                0x00000000800748d0                nuDramStack
 .bss           0x0000000080074cd0        0x0 /usr/lib/n64/nusys/libnusys.a(nugfxdisplayoff.o)
 .bss           0x0000000080074cd0        0x0 /usr/lib/n64/nusys/libnusys.a(nugfxretracewait.o)
 */libnualstl_n.a:*.o(COMMON)
 */libnualstl_n.a:*.o(.scommon)
 */libnualstl_n.a:*.o(.*bss*)
 */libn_mus.a:*.o(COMMON)
 */libn_mus.a:*.o(.scommon)
 */libn_mus.a:*.o(.*bss*)
 */libn_audio_sc.a:*.o(COMMON)
 */libn_audio_sc.a:*.o(.scommon)
 */libn_audio_sc.a:*.o(.*bss*)
 */libswift*.a:*.o(COMMON)
 */libswift*.a:*.o(.scommon)
 */libswift*.a:*.o(.*bss*)
                0x0000000080074cd0                _codeSegmentBssEnd = (ADDR (.code.noload) + SIZEOF (.code.noload))
                0x000000000003b1a0                _codeSegmentBssSize = SIZEOF (.code.noload)
LOAD /usr/lib/n64/nusys/nusys_rom.o
LOAD build/src/gfx_statics.o
LOAD build/src/main.o
LOAD build/src/stage1_data.o
LOAD build/src/stage1_matrix.o
LOAD build/src/swift_stubs.o
LOAD build/asm/entry.o
LOAD build/asm/rom_header.o
LOAD build/boot.6102.o
LOAD build/swiftlib.o
LOAD /workspace/swift-libs/mips-none-none-elf/libswiftEmbeddedPlatformPOSIX.a
LOAD /workspace/swift-libs/mips-none-none-elf/libswiftExclusivitySingleThreaded.a
LOAD /workspace/swift-libs/mips-none-none-elf/libswiftUnicodeDataTables.a
LOAD /usr/lib/n64/nusys/libnualstl_n.a
LOAD /usr/lib/n64/libn_mus.a
LOAD /usr/lib/n64/libn_audio_sc.a
LOAD /usr/lib/n64/nusys/libnusys.a
LOAD /usr/lib/n64/libn_audio.a
LOAD /usr/lib/n64/libultra_rom.a
LOAD /usr/lib/n64/libnustd.a
LOAD /opt/crashsdk/lib/gcc/mips64-elf/12.2.0/libgcc.a
LOAD /usr/lib/n64/PR/rspboot.o
LOAD /usr/lib/n64/PR/aspMain.o
LOAD /usr/lib/n64/PR/n_aspMain.o
LOAD /usr/lib/n64/PR/gspF3DEX2.fifo.o
LOAD /usr/lib/n64/PR/gspL3DEX2.fifo.o
LOAD /usr/lib/n64/PR/gspF3DEX2.Rej.fifo.o
LOAD /usr/lib/n64/PR/gspF3DEX2.NoN.fifo.o
LOAD /usr/lib/n64/PR/gspF3DLX2.Rej.fifo.o
LOAD /usr/lib/n64/PR/gspS2DEX2.fifo.o
OUTPUT(build/calling-swift-from-c.elf elf32-bigmips)

.bss            0x0000000080074cd0        0x0 load address 0x00000000000500d0
 .bss           0x0000000080074cd0        0x0 build/asm/rom_header.o
 .bss           0x0000000080074cd0        0x0 build/asm/entry.o

.reginfo        0x0000000000000000       0x18
 .reginfo       0x0000000000000000       0x18 build/asm/rom_header.o

.pdr            0x0000000000000000     0x1b40
 .pdr           0x0000000000000000        0x0 build/asm/rom_header.o
 .pdr           0x0000000000000000        0x0 build/asm/entry.o
 .pdr           0x0000000000000000       0x40 /usr/lib/n64/nusys/nusys_rom.o
 .pdr           0x0000000000000040      0x960 build/swiftlib.o
 .pdr           0x00000000000009a0        0x0 build/src/gfx_statics.o
 .pdr           0x00000000000009a0       0x20 build/src/main.o
 .pdr           0x00000000000009c0        0x0 build/src/stage1_data.o
 .pdr           0x00000000000009c0       0x60 build/src/stage1_matrix.o
 .pdr           0x0000000000000a20       0x60 build/src/swift_stubs.o
 .pdr           0x0000000000000a80       0x20 /usr/lib/n64/nusys/libnusys.a(nugfxdisplayon.o)
 .pdr           0x0000000000000aa0       0x20 /usr/lib/n64/nusys/libnusys.a(nugfxfuncset.o)
 .pdr           0x0000000000000ac0       0x20 /usr/lib/n64/nusys/libnusys.a(nugfxinit_ex2.o)
 .pdr           0x0000000000000ae0       0x20 /usr/lib/n64/nusys/libnusys.a(nugfxsetcfb.o)
 .pdr           0x0000000000000b00       0x20 /usr/lib/n64/nusys/libnusys.a(nugfxsetucodefifo.o)
 .pdr           0x0000000000000b20       0x20 /usr/lib/n64/nusys/libnusys.a(nugfxswapcfb.o)
 .pdr           0x0000000000000b40       0x20 /usr/lib/n64/nusys/libnusys.a(nugfxswapcfbfuncset.o)
 .pdr           0x0000000000000b60       0x20 /usr/lib/n64/nusys/libnusys.a(nugfxtaskallendwait.o)
 .pdr           0x0000000000000b80       0x60 /usr/lib/n64/nusys/libnusys.a(nugfxtaskmgr.o)
 .pdr           0x0000000000000be0       0x40 /usr/lib/n64/nusys/libnusys.a(nugfxthread.o)
 .pdr           0x0000000000000c20       0x20 /usr/lib/n64/nusys/libnusys.a(nupiinit.o)
 .pdr           0x0000000000000c40        0x0 /usr/lib/n64/nusys/libnusys.a(nurdpoutput.o)
 .pdr           0x0000000000000c40      0x180 /usr/lib/n64/nusys/libnusys.a(nusched.o)
 .pdr           0x0000000000000dc0        0x0 /usr/lib/n64/nusys/libnusys.a(nuyieldbuf.o)
 .pdr           0x0000000000000dc0        0x0 /usr/lib/n64/nusys/libnusys.a(nudramstack.o)
 .pdr           0x0000000000000dc0       0x20 /usr/lib/n64/nusys/libnusys.a(nugfxdisplayoff.o)
 .pdr           0x0000000000000de0       0x20 /usr/lib/n64/nusys/libnusys.a(nugfxretracewait.o)
 .pdr           0x0000000000000e00       0x20 /usr/lib/n64/libultra_rom.a(afterprenmi.o)
 .pdr           0x0000000000000e20       0x60 /usr/lib/n64/libultra_rom.a(initialize.o)
 .pdr           0x0000000000000e80       0x20 /usr/lib/n64/libultra_rom.a(cartrominit.o)
 .pdr           0x0000000000000ea0       0x60 /usr/lib/n64/libultra_rom.a(piacs.o)
 .pdr           0x0000000000000f00       0x20 /usr/lib/n64/libultra_rom.a(pimgr.o)
 .pdr           0x0000000000000f20       0x20 /usr/lib/n64/libultra_rom.a(pirawdma.o)
 .pdr           0x0000000000000f40       0x20 /usr/lib/n64/libultra_rom.a(createthread.o)
 .pdr           0x0000000000000f60       0x20 /usr/lib/n64/libultra_rom.a(getthreadpri.o)
 .pdr           0x0000000000000f80       0x20 /usr/lib/n64/libultra_rom.a(setthreadpri.o)
 .pdr           0x0000000000000fa0       0x20 /usr/lib/n64/libultra_rom.a(startthread.o)
 .pdr           0x0000000000000fc0       0x20 /usr/lib/n64/libultra_rom.a(thread.o)
 .pdr           0x0000000000000fe0       0x20 /usr/lib/n64/libultra_rom.a(spsetpc.o)
 .pdr           0x0000000000001000       0x40 /usr/lib/n64/libultra_rom.a(sptask.o)
 .pdr           0x0000000000001040       0x20 /usr/lib/n64/libultra_rom.a(sptaskyield.o)
 .pdr           0x0000000000001060       0x20 /usr/lib/n64/libultra_rom.a(sptaskyielded.o)
 .pdr           0x0000000000001080       0x60 /usr/lib/n64/libultra_rom.a(string.o)
 .pdr           0x00000000000010e0       0x20 /usr/lib/n64/libultra_rom.a(createmesgqueue.o)
 .pdr           0x0000000000001100       0x20 /usr/lib/n64/libultra_rom.a(recvmesg.o)
 .pdr           0x0000000000001120       0x20 /usr/lib/n64/libultra_rom.a(sendmesg.o)
 .pdr           0x0000000000001140       0x20 /usr/lib/n64/libultra_rom.a(seteventmesg.o)
 .pdr           0x0000000000001160       0x20 /usr/lib/n64/libultra_rom.a(virtualtophysical.o)
 .pdr           0x0000000000001180       0x20 /usr/lib/n64/libultra_rom.a(viblack.o)
 .pdr           0x00000000000011a0       0x20 /usr/lib/n64/libultra_rom.a(vi.o)
 .pdr           0x00000000000011c0       0x20 /usr/lib/n64/libultra_rom.a(vigetcurrframebuf.o)
 .pdr           0x00000000000011e0       0x20 /usr/lib/n64/libultra_rom.a(vigetnextframebuf.o)
 .pdr           0x0000000000001200       0x40 /usr/lib/n64/libultra_rom.a(vimgr.o)
 .pdr           0x0000000000001240       0x20 /usr/lib/n64/libultra_rom.a(visetevent.o)
 .pdr           0x0000000000001260       0x20 /usr/lib/n64/libultra_rom.a(visetmode.o)
 .pdr           0x0000000000001280       0x20 /usr/lib/n64/libultra_rom.a(visetspecial.o)
 .pdr           0x00000000000012a0       0x20 /usr/lib/n64/libultra_rom.a(visetyscale.o)
 .pdr           0x00000000000012c0       0x20 /usr/lib/n64/libultra_rom.a(viswapbuf.o)
 .pdr           0x00000000000012e0       0x20 /usr/lib/n64/libultra_rom.a(viswapcontext.o)
 .pdr           0x0000000000001300        0x0 /usr/lib/n64/libultra_rom.a(vitbl.o)
 .pdr           0x0000000000001300       0x80 /usr/lib/n64/libultra_rom.a(timerintr.o)
 .pdr           0x0000000000001380       0x20 /usr/lib/n64/libultra_rom.a(sirawread.o)
 .pdr           0x00000000000013a0       0x20 /usr/lib/n64/libultra_rom.a(sirawwrite.o)
 .pdr           0x00000000000013c0       0x40 /usr/lib/n64/libultra_rom.a(lookat.o)
 .pdr           0x0000000000001400       0x80 /usr/lib/n64/libultra_rom.a(mtxutil.o)
 .pdr           0x0000000000001480       0x40 /usr/lib/n64/libultra_rom.a(perspective.o)
 .pdr           0x00000000000014c0       0x40 /usr/lib/n64/libultra_rom.a(position.o)
 .pdr           0x0000000000001500       0x20 /usr/lib/n64/libultra_rom.a(sinf.o)
 .pdr           0x0000000000001520        0x0 /usr/lib/n64/libultra_rom.a(vimodempallan1.o)
 .pdr           0x0000000000001520        0x0 /usr/lib/n64/libultra_rom.a(vimodentsclan1.o)
 .pdr           0x0000000000001520        0x0 /usr/lib/n64/libultra_rom.a(vimodepallan1.o)
 .pdr           0x0000000000001520        0x0 /usr/lib/n64/libultra_rom.a(parameters.o)
 .pdr           0x0000000000001520      0x140 /usr/lib/n64/libultra_rom.a(exceptasm.o)
 .pdr           0x0000000000001660       0x40 /usr/lib/n64/libultra_rom.a(interrupt.o)
 .pdr           0x00000000000016a0       0x20 /usr/lib/n64/libultra_rom.a(setintmask.o)
 .pdr           0x00000000000016c0       0x20 /usr/lib/n64/libultra_rom.a(maptlbrdb.o)
 .pdr           0x00000000000016e0       0x20 /usr/lib/n64/libultra_rom.a(probetlb.o)
 .pdr           0x0000000000001700       0x20 /usr/lib/n64/libultra_rom.a(unmaptlball.o)
 .pdr           0x0000000000001720       0x20 /usr/lib/n64/libultra_rom.a(getcause.o)
 .pdr           0x0000000000001740       0x20 /usr/lib/n64/libultra_rom.a(getcount.o)
 .pdr           0x0000000000001760       0x20 /usr/lib/n64/libultra_rom.a(getsr.o)
 .pdr           0x0000000000001780       0x20 /usr/lib/n64/libultra_rom.a(setcompare.o)
 .pdr           0x00000000000017a0       0x20 /usr/lib/n64/libultra_rom.a(setfpccsr.o)
 .pdr           0x00000000000017c0       0x20 /usr/lib/n64/libultra_rom.a(setsr.o)
 .pdr           0x00000000000017e0       0x20 /usr/lib/n64/libultra_rom.a(setwatchlo.o)
 .pdr           0x0000000000001800       0x20 /usr/lib/n64/libultra_rom.a(bcopy.o)
 .pdr           0x0000000000001820       0x20 /usr/lib/n64/libultra_rom.a(bzero.o)
 .pdr           0x0000000000001840        0x0 /usr/lib/n64/libultra_rom.a(libm_vals.o)
 .pdr           0x0000000000001840       0x20 /usr/lib/n64/libultra_rom.a(sqrtf.o)
 .pdr           0x0000000000001860       0x20 /usr/lib/n64/libultra_rom.a(invalicache.o)
 .pdr           0x0000000000001880       0x20 /usr/lib/n64/libultra_rom.a(writebackdcacheall.o)
 .pdr           0x00000000000018a0       0x20 /usr/lib/n64/libultra_rom.a(writebackdcache.o)
 .pdr           0x00000000000018c0       0x20 /usr/lib/n64/libultra_rom.a(devmgr.o)
 .pdr           0x00000000000018e0       0x20 /usr/lib/n64/libultra_rom.a(epirawdma.o)
 .pdr           0x0000000000001900       0x20 /usr/lib/n64/libultra_rom.a(epirawread.o)
 .pdr           0x0000000000001920       0x20 /usr/lib/n64/libultra_rom.a(epirawwrite.o)
 .pdr           0x0000000000001940       0x20 /usr/lib/n64/libultra_rom.a(resetglobalintmask.o)
 .pdr           0x0000000000001960       0x20 /usr/lib/n64/libultra_rom.a(setglobalintmask.o)
 .pdr           0x0000000000001980        0x0 /usr/lib/n64/libultra_rom.a(kdebugserver.o)
 .pdr           0x0000000000001980       0x20 /usr/lib/n64/libultra_rom.a(destroythread.o)
 .pdr           0x00000000000019a0       0x20 /usr/lib/n64/libultra_rom.a(yieldthread.o)
 .pdr           0x00000000000019c0       0x20 /usr/lib/n64/libultra_rom.a(sp.o)
 .pdr           0x00000000000019e0       0x20 /usr/lib/n64/libultra_rom.a(spgetstat.o)
 .pdr           0x0000000000001a00       0x20 /usr/lib/n64/libultra_rom.a(sprawdma.o)
 .pdr           0x0000000000001a20       0x20 /usr/lib/n64/libultra_rom.a(spsetstat.o)
 .pdr           0x0000000000001a40       0x20 /usr/lib/n64/libultra_rom.a(vigetcurrcontext.o)
 .pdr           0x0000000000001a60       0x20 /usr/lib/n64/libultra_rom.a(si.o)
 .pdr           0x0000000000001a80       0x20 /usr/lib/n64/libultra_rom.a(cosf.o)
 .pdr           0x0000000000001aa0       0x20 /usr/lib/n64/libnustd.a(malloc.o)
 .pdr           0x0000000000001ac0       0x20 /usr/lib/n64/libnustd.a(memset.o)
 .pdr           0x0000000000001ae0       0x40 /usr/lib/n64/libnustd.a(initheap.o)
 .pdr           0x0000000000001b20       0x20 /usr/lib/n64/libnustd.a(_malloc.o)

.gnu.attributes
                0x0000000000000000       0x10
 .gnu.attributes
                0x0000000000000000       0x10 build/asm/rom_header.o
 .gnu.attributes
                0x0000000000000010       0x10 build/asm/entry.o
 .gnu.attributes
                0x0000000000000020       0x10 /usr/lib/n64/nusys/nusys_rom.o
 .gnu.attributes
                0x0000000000000030       0x10 build/src/gfx_statics.o
 .gnu.attributes
                0x0000000000000040       0x10 build/src/main.o
 .gnu.attributes
                0x0000000000000050       0x10 build/src/stage1_data.o
 .gnu.attributes
                0x0000000000000060       0x10 build/src/stage1_matrix.o
 .gnu.attributes
                0x0000000000000070       0x10 build/src/swift_stubs.o
 .gnu.attributes
                0x0000000000000080       0x10 /usr/lib/n64/nusys/libnusys.a(nugfxdisplayon.o)
 .gnu.attributes
                0x0000000000000090       0x10 /usr/lib/n64/nusys/libnusys.a(nugfxfuncset.o)
 .gnu.attributes
                0x00000000000000a0       0x10 /usr/lib/n64/nusys/libnusys.a(nugfxinit_ex2.o)
 .gnu.attributes
                0x00000000000000b0       0x10 /usr/lib/n64/nusys/libnusys.a(nugfxsetcfb.o)
 .gnu.attributes
                0x00000000000000c0       0x10 /usr/lib/n64/nusys/libnusys.a(nugfxsetucodefifo.o)
 .gnu.attributes
                0x00000000000000d0       0x10 /usr/lib/n64/nusys/libnusys.a(nugfxswapcfb.o)
 .gnu.attributes
                0x00000000000000e0       0x10 /usr/lib/n64/nusys/libnusys.a(nugfxswapcfbfuncset.o)
 .gnu.attributes
                0x00000000000000f0       0x10 /usr/lib/n64/nusys/libnusys.a(nugfxtaskallendwait.o)
 .gnu.attributes
                0x0000000000000100       0x10 /usr/lib/n64/nusys/libnusys.a(nugfxtaskmgr.o)
 .gnu.attributes
                0x0000000000000110       0x10 /usr/lib/n64/nusys/libnusys.a(nugfxthread.o)
 .gnu.attributes
                0x0000000000000120       0x10 /usr/lib/n64/nusys/libnusys.a(nupiinit.o)
 .gnu.attributes
                0x0000000000000130       0x10 /usr/lib/n64/nusys/libnusys.a(nurdpoutput.o)
 .gnu.attributes
                0x0000000000000140       0x10 /usr/lib/n64/nusys/libnusys.a(nusched.o)
 .gnu.attributes
                0x0000000000000150       0x10 /usr/lib/n64/nusys/libnusys.a(nuyieldbuf.o)
 .gnu.attributes
                0x0000000000000160       0x10 /usr/lib/n64/nusys/libnusys.a(nudramstack.o)
 .gnu.attributes
                0x0000000000000170       0x10 /usr/lib/n64/nusys/libnusys.a(nugfxdisplayoff.o)
 .gnu.attributes
                0x0000000000000180       0x10 /usr/lib/n64/nusys/libnusys.a(nugfxretracewait.o)
 .gnu.attributes
                0x0000000000000190       0x10 /usr/lib/n64/libultra_rom.a(afterprenmi.o)
 .gnu.attributes
                0x00000000000001a0       0x10 /usr/lib/n64/libultra_rom.a(initialize.o)
 .gnu.attributes
                0x00000000000001b0       0x10 /usr/lib/n64/libultra_rom.a(cartrominit.o)
 .gnu.attributes
                0x00000000000001c0       0x10 /usr/lib/n64/libultra_rom.a(piacs.o)
 .gnu.attributes
                0x00000000000001d0       0x10 /usr/lib/n64/libultra_rom.a(pimgr.o)
 .gnu.attributes
                0x00000000000001e0       0x10 /usr/lib/n64/libultra_rom.a(pirawdma.o)
 .gnu.attributes
                0x00000000000001f0       0x10 /usr/lib/n64/libultra_rom.a(createthread.o)
 .gnu.attributes
                0x0000000000000200       0x10 /usr/lib/n64/libultra_rom.a(getthreadpri.o)
 .gnu.attributes
                0x0000000000000210       0x10 /usr/lib/n64/libultra_rom.a(setthreadpri.o)
 .gnu.attributes
                0x0000000000000220       0x10 /usr/lib/n64/libultra_rom.a(startthread.o)
 .gnu.attributes
                0x0000000000000230       0x10 /usr/lib/n64/libultra_rom.a(thread.o)
 .gnu.attributes
                0x0000000000000240       0x10 /usr/lib/n64/libultra_rom.a(spsetpc.o)
 .gnu.attributes
                0x0000000000000250       0x10 /usr/lib/n64/libultra_rom.a(sptask.o)
 .gnu.attributes
                0x0000000000000260       0x10 /usr/lib/n64/libultra_rom.a(sptaskyield.o)
 .gnu.attributes
                0x0000000000000270       0x10 /usr/lib/n64/libultra_rom.a(sptaskyielded.o)
 .gnu.attributes
                0x0000000000000280       0x10 /usr/lib/n64/libultra_rom.a(string.o)
 .gnu.attributes
                0x0000000000000290       0x10 /usr/lib/n64/libultra_rom.a(createmesgqueue.o)
 .gnu.attributes
                0x00000000000002a0       0x10 /usr/lib/n64/libultra_rom.a(recvmesg.o)
 .gnu.attributes
                0x00000000000002b0       0x10 /usr/lib/n64/libultra_rom.a(sendmesg.o)
 .gnu.attributes
                0x00000000000002c0       0x10 /usr/lib/n64/libultra_rom.a(seteventmesg.o)
 .gnu.attributes
                0x00000000000002d0       0x10 /usr/lib/n64/libultra_rom.a(virtualtophysical.o)
 .gnu.attributes
                0x00000000000002e0       0x10 /usr/lib/n64/libultra_rom.a(viblack.o)
 .gnu.attributes
                0x00000000000002f0       0x10 /usr/lib/n64/libultra_rom.a(vi.o)
 .gnu.attributes
                0x0000000000000300       0x10 /usr/lib/n64/libultra_rom.a(vigetcurrframebuf.o)
 .gnu.attributes
                0x0000000000000310       0x10 /usr/lib/n64/libultra_rom.a(vigetnextframebuf.o)
 .gnu.attributes
                0x0000000000000320       0x10 /usr/lib/n64/libultra_rom.a(vimgr.o)
 .gnu.attributes
                0x0000000000000330       0x10 /usr/lib/n64/libultra_rom.a(visetevent.o)
 .gnu.attributes
                0x0000000000000340       0x10 /usr/lib/n64/libultra_rom.a(visetmode.o)
 .gnu.attributes
                0x0000000000000350       0x10 /usr/lib/n64/libultra_rom.a(visetspecial.o)
 .gnu.attributes
                0x0000000000000360       0x10 /usr/lib/n64/libultra_rom.a(visetyscale.o)
 .gnu.attributes
                0x0000000000000370       0x10 /usr/lib/n64/libultra_rom.a(viswapbuf.o)
 .gnu.attributes
                0x0000000000000380       0x10 /usr/lib/n64/libultra_rom.a(viswapcontext.o)
 .gnu.attributes
                0x0000000000000390       0x10 /usr/lib/n64/libultra_rom.a(vitbl.o)
 .gnu.attributes
                0x00000000000003a0       0x10 /usr/lib/n64/libultra_rom.a(timerintr.o)
 .gnu.attributes
                0x00000000000003b0       0x10 /usr/lib/n64/libultra_rom.a(sirawread.o)
 .gnu.attributes
                0x00000000000003c0       0x10 /usr/lib/n64/libultra_rom.a(sirawwrite.o)
 .gnu.attributes
                0x00000000000003d0       0x10 /usr/lib/n64/libultra_rom.a(lookat.o)
 .gnu.attributes
                0x00000000000003e0       0x10 /usr/lib/n64/libultra_rom.a(mtxutil.o)
 .gnu.attributes
                0x00000000000003f0       0x10 /usr/lib/n64/libultra_rom.a(perspective.o)
 .gnu.attributes
                0x0000000000000400       0x10 /usr/lib/n64/libultra_rom.a(position.o)
 .gnu.attributes
                0x0000000000000410       0x10 /usr/lib/n64/libultra_rom.a(sinf.o)
 .gnu.attributes
                0x0000000000000420       0x10 /usr/lib/n64/libultra_rom.a(vimodempallan1.o)
 .gnu.attributes
                0x0000000000000430       0x10 /usr/lib/n64/libultra_rom.a(vimodentsclan1.o)
 .gnu.attributes
                0x0000000000000440       0x10 /usr/lib/n64/libultra_rom.a(vimodepallan1.o)
 .gnu.attributes
                0x0000000000000450       0x10 /usr/lib/n64/libultra_rom.a(parameters.o)
 .gnu.attributes
                0x0000000000000460       0x10 /usr/lib/n64/libultra_rom.a(exceptasm.o)
 .gnu.attributes
                0x0000000000000470       0x10 /usr/lib/n64/libultra_rom.a(interrupt.o)
 .gnu.attributes
                0x0000000000000480       0x10 /usr/lib/n64/libultra_rom.a(setintmask.o)
 .gnu.attributes
                0x0000000000000490       0x10 /usr/lib/n64/libultra_rom.a(maptlbrdb.o)
 .gnu.attributes
                0x00000000000004a0       0x10 /usr/lib/n64/libultra_rom.a(probetlb.o)
 .gnu.attributes
                0x00000000000004b0       0x10 /usr/lib/n64/libultra_rom.a(unmaptlball.o)
 .gnu.attributes
                0x00000000000004c0       0x10 /usr/lib/n64/libultra_rom.a(getcause.o)
 .gnu.attributes
                0x00000000000004d0       0x10 /usr/lib/n64/libultra_rom.a(getcount.o)
 .gnu.attributes
                0x00000000000004e0       0x10 /usr/lib/n64/libultra_rom.a(getsr.o)
 .gnu.attributes
                0x00000000000004f0       0x10 /usr/lib/n64/libultra_rom.a(setcompare.o)
 .gnu.attributes
                0x0000000000000500       0x10 /usr/lib/n64/libultra_rom.a(setfpccsr.o)
 .gnu.attributes
                0x0000000000000510       0x10 /usr/lib/n64/libultra_rom.a(setsr.o)
 .gnu.attributes
                0x0000000000000520       0x10 /usr/lib/n64/libultra_rom.a(setwatchlo.o)
 .gnu.attributes
                0x0000000000000530       0x10 /usr/lib/n64/libultra_rom.a(bcopy.o)
 .gnu.attributes
                0x0000000000000540       0x10 /usr/lib/n64/libultra_rom.a(bzero.o)
 .gnu.attributes
                0x0000000000000550       0x10 /usr/lib/n64/libultra_rom.a(libm_vals.o)
 .gnu.attributes
                0x0000000000000560       0x10 /usr/lib/n64/libultra_rom.a(sqrtf.o)
 .gnu.attributes
                0x0000000000000570       0x10 /usr/lib/n64/libultra_rom.a(invalicache.o)
 .gnu.attributes
                0x0000000000000580       0x10 /usr/lib/n64/libultra_rom.a(writebackdcacheall.o)
 .gnu.attributes
                0x0000000000000590       0x10 /usr/lib/n64/libultra_rom.a(writebackdcache.o)
 .gnu.attributes
                0x00000000000005a0       0x10 /usr/lib/n64/libultra_rom.a(devmgr.o)
 .gnu.attributes
                0x00000000000005b0       0x10 /usr/lib/n64/libultra_rom.a(epirawdma.o)
 .gnu.attributes
                0x00000000000005c0       0x10 /usr/lib/n64/libultra_rom.a(epirawread.o)
 .gnu.attributes
                0x00000000000005d0       0x10 /usr/lib/n64/libultra_rom.a(epirawwrite.o)
 .gnu.attributes
                0x00000000000005e0       0x10 /usr/lib/n64/libultra_rom.a(resetglobalintmask.o)
 .gnu.attributes
                0x00000000000005f0       0x10 /usr/lib/n64/libultra_rom.a(setglobalintmask.o)
 .gnu.attributes
                0x0000000000000600       0x10 /usr/lib/n64/libultra_rom.a(kdebugserver.o)
 .gnu.attributes
                0x0000000000000610       0x10 /usr/lib/n64/libultra_rom.a(destroythread.o)
 .gnu.attributes
                0x0000000000000620       0x10 /usr/lib/n64/libultra_rom.a(yieldthread.o)
 .gnu.attributes
                0x0000000000000630       0x10 /usr/lib/n64/libultra_rom.a(sp.o)
 .gnu.attributes
                0x0000000000000640       0x10 /usr/lib/n64/libultra_rom.a(spgetstat.o)
 .gnu.attributes
                0x0000000000000650       0x10 /usr/lib/n64/libultra_rom.a(sprawdma.o)
 .gnu.attributes
                0x0000000000000660       0x10 /usr/lib/n64/libultra_rom.a(spsetstat.o)
 .gnu.attributes
                0x0000000000000670       0x10 /usr/lib/n64/libultra_rom.a(vigetcurrcontext.o)
 .gnu.attributes
                0x0000000000000680       0x10 /usr/lib/n64/libultra_rom.a(si.o)
 .gnu.attributes
                0x0000000000000690       0x10 /usr/lib/n64/libultra_rom.a(cosf.o)
 .gnu.attributes
                0x00000000000006a0       0x10 /usr/lib/n64/libnustd.a(malloc.o)
 .gnu.attributes
                0x00000000000006b0       0x10 /usr/lib/n64/libnustd.a(memset.o)
 .gnu.attributes
                0x00000000000006c0       0x10 /usr/lib/n64/libnustd.a(initheap.o)
 .gnu.attributes
                0x00000000000006d0       0x10 /usr/lib/n64/libnustd.a(_malloc.o)

.comment        0x0000000000000000       0x12
 .comment       0x0000000000000000       0x12 /usr/lib/n64/nusys/nusys_rom.o
                                         0x13 (size before relaxing)
 .comment       0x0000000000000012       0x13 build/src/gfx_statics.o
 .comment       0x0000000000000012       0x13 build/src/main.o
 .comment       0x0000000000000012       0x13 build/src/stage1_data.o
 .comment       0x0000000000000012       0x13 build/src/stage1_matrix.o
 .comment       0x0000000000000012       0x13 build/src/swift_stubs.o
 .comment       0x0000000000000012       0x13 /usr/lib/n64/nusys/libnusys.a(nugfxdisplayon.o)
 .comment       0x0000000000000012       0x13 /usr/lib/n64/nusys/libnusys.a(nugfxfuncset.o)
 .comment       0x0000000000000012       0x13 /usr/lib/n64/nusys/libnusys.a(nugfxinit_ex2.o)
 .comment       0x0000000000000012       0x13 /usr/lib/n64/nusys/libnusys.a(nugfxsetcfb.o)
 .comment       0x0000000000000012       0x13 /usr/lib/n64/nusys/libnusys.a(nugfxsetucodefifo.o)
 .comment       0x0000000000000012       0x13 /usr/lib/n64/nusys/libnusys.a(nugfxswapcfb.o)
 .comment       0x0000000000000012       0x13 /usr/lib/n64/nusys/libnusys.a(nugfxswapcfbfuncset.o)
 .comment       0x0000000000000012       0x13 /usr/lib/n64/nusys/libnusys.a(nugfxtaskallendwait.o)
 .comment       0x0000000000000012       0x13 /usr/lib/n64/nusys/libnusys.a(nugfxtaskmgr.o)
 .comment       0x0000000000000012       0x13 /usr/lib/n64/nusys/libnusys.a(nugfxthread.o)
 .comment       0x0000000000000012       0x13 /usr/lib/n64/nusys/libnusys.a(nupiinit.o)
 .comment       0x0000000000000012       0x13 /usr/lib/n64/nusys/libnusys.a(nurdpoutput.o)
 .comment       0x0000000000000012       0x13 /usr/lib/n64/nusys/libnusys.a(nusched.o)
 .comment       0x0000000000000012       0x13 /usr/lib/n64/nusys/libnusys.a(nuyieldbuf.o)
 .comment       0x0000000000000012       0x13 /usr/lib/n64/nusys/libnusys.a(nudramstack.o)
 .comment       0x0000000000000012       0x13 /usr/lib/n64/nusys/libnusys.a(nugfxdisplayoff.o)
 .comment       0x0000000000000012       0x13 /usr/lib/n64/nusys/libnusys.a(nugfxretracewait.o)
 .comment       0x0000000000000012       0x13 /usr/lib/n64/libultra_rom.a(afterprenmi.o)
 .comment       0x0000000000000012       0x13 /usr/lib/n64/libultra_rom.a(initialize.o)
 .comment       0x0000000000000012       0x13 /usr/lib/n64/libultra_rom.a(cartrominit.o)
 .comment       0x0000000000000012       0x13 /usr/lib/n64/libultra_rom.a(piacs.o)
 .comment       0x0000000000000012       0x13 /usr/lib/n64/libultra_rom.a(pimgr.o)
 .comment       0x0000000000000012       0x13 /usr/lib/n64/libultra_rom.a(pirawdma.o)
 .comment       0x0000000000000012       0x13 /usr/lib/n64/libultra_rom.a(createthread.o)
 .comment       0x0000000000000012       0x13 /usr/lib/n64/libultra_rom.a(getthreadpri.o)
 .comment       0x0000000000000012       0x13 /usr/lib/n64/libultra_rom.a(setthreadpri.o)
 .comment       0x0000000000000012       0x13 /usr/lib/n64/libultra_rom.a(startthread.o)
 .comment       0x0000000000000012       0x13 /usr/lib/n64/libultra_rom.a(thread.o)
 .comment       0x0000000000000012       0x13 /usr/lib/n64/libultra_rom.a(spsetpc.o)
 .comment       0x0000000000000012       0x13 /usr/lib/n64/libultra_rom.a(sptask.o)
 .comment       0x0000000000000012       0x13 /usr/lib/n64/libultra_rom.a(sptaskyield.o)
 .comment       0x0000000000000012       0x13 /usr/lib/n64/libultra_rom.a(sptaskyielded.o)
 .comment       0x0000000000000012       0x13 /usr/lib/n64/libultra_rom.a(string.o)
 .comment       0x0000000000000012       0x13 /usr/lib/n64/libultra_rom.a(createmesgqueue.o)
 .comment       0x0000000000000012       0x13 /usr/lib/n64/libultra_rom.a(recvmesg.o)
 .comment       0x0000000000000012       0x13 /usr/lib/n64/libultra_rom.a(sendmesg.o)
 .comment       0x0000000000000012       0x13 /usr/lib/n64/libultra_rom.a(seteventmesg.o)
 .comment       0x0000000000000012       0x13 /usr/lib/n64/libultra_rom.a(virtualtophysical.o)
 .comment       0x0000000000000012       0x13 /usr/lib/n64/libultra_rom.a(viblack.o)
 .comment       0x0000000000000012       0x13 /usr/lib/n64/libultra_rom.a(vi.o)
 .comment       0x0000000000000012       0x13 /usr/lib/n64/libultra_rom.a(vigetcurrframebuf.o)
 .comment       0x0000000000000012       0x13 /usr/lib/n64/libultra_rom.a(vigetnextframebuf.o)
 .comment       0x0000000000000012       0x13 /usr/lib/n64/libultra_rom.a(vimgr.o)
 .comment       0x0000000000000012       0x13 /usr/lib/n64/libultra_rom.a(visetevent.o)
 .comment       0x0000000000000012       0x13 /usr/lib/n64/libultra_rom.a(visetmode.o)
 .comment       0x0000000000000012       0x13 /usr/lib/n64/libultra_rom.a(visetspecial.o)
 .comment       0x0000000000000012       0x13 /usr/lib/n64/libultra_rom.a(visetyscale.o)
 .comment       0x0000000000000012       0x13 /usr/lib/n64/libultra_rom.a(viswapbuf.o)
 .comment       0x0000000000000012       0x13 /usr/lib/n64/libultra_rom.a(viswapcontext.o)
 .comment       0x0000000000000012       0x13 /usr/lib/n64/libultra_rom.a(vitbl.o)
 .comment       0x0000000000000012       0x13 /usr/lib/n64/libultra_rom.a(timerintr.o)
 .comment       0x0000000000000012       0x13 /usr/lib/n64/libultra_rom.a(sirawread.o)
 .comment       0x0000000000000012       0x13 /usr/lib/n64/libultra_rom.a(sirawwrite.o)
 .comment       0x0000000000000012       0x13 /usr/lib/n64/libultra_rom.a(lookat.o)
 .comment       0x0000000000000012       0x13 /usr/lib/n64/libultra_rom.a(mtxutil.o)
 .comment       0x0000000000000012       0x13 /usr/lib/n64/libultra_rom.a(perspective.o)
 .comment       0x0000000000000012       0x13 /usr/lib/n64/libultra_rom.a(position.o)
 .comment       0x0000000000000012       0x13 /usr/lib/n64/libultra_rom.a(sinf.o)
 .comment       0x0000000000000012       0x13 /usr/lib/n64/libultra_rom.a(vimodempallan1.o)
 .comment       0x0000000000000012       0x13 /usr/lib/n64/libultra_rom.a(vimodentsclan1.o)
 .comment       0x0000000000000012       0x13 /usr/lib/n64/libultra_rom.a(vimodepallan1.o)
 .comment       0x0000000000000012       0x13 /usr/lib/n64/libultra_rom.a(devmgr.o)
 .comment       0x0000000000000012       0x13 /usr/lib/n64/libultra_rom.a(epirawdma.o)
 .comment       0x0000000000000012       0x13 /usr/lib/n64/libultra_rom.a(epirawread.o)
 .comment       0x0000000000000012       0x13 /usr/lib/n64/libultra_rom.a(epirawwrite.o)
 .comment       0x0000000000000012       0x13 /usr/lib/n64/libultra_rom.a(resetglobalintmask.o)
 .comment       0x0000000000000012       0x13 /usr/lib/n64/libultra_rom.a(setglobalintmask.o)
 .comment       0x0000000000000012       0x13 /usr/lib/n64/libultra_rom.a(kdebugserver.o)
 .comment       0x0000000000000012       0x13 /usr/lib/n64/libultra_rom.a(destroythread.o)
 .comment       0x0000000000000012       0x13 /usr/lib/n64/libultra_rom.a(yieldthread.o)
 .comment       0x0000000000000012       0x13 /usr/lib/n64/libultra_rom.a(sp.o)
 .comment       0x0000000000000012       0x13 /usr/lib/n64/libultra_rom.a(spgetstat.o)
 .comment       0x0000000000000012       0x13 /usr/lib/n64/libultra_rom.a(sprawdma.o)
 .comment       0x0000000000000012       0x13 /usr/lib/n64/libultra_rom.a(spsetstat.o)
 .comment       0x0000000000000012       0x13 /usr/lib/n64/libultra_rom.a(vigetcurrcontext.o)
 .comment       0x0000000000000012       0x13 /usr/lib/n64/libultra_rom.a(si.o)
 .comment       0x0000000000000012       0x13 /usr/lib/n64/libultra_rom.a(cosf.o)
 .comment       0x0000000000000012       0x13 /usr/lib/n64/libnustd.a(malloc.o)
 .comment       0x0000000000000012       0x13 /usr/lib/n64/libnustd.a(memset.o)
 .comment       0x0000000000000012       0x13 /usr/lib/n64/libnustd.a(initheap.o)
 .comment       0x0000000000000012       0x13 /usr/lib/n64/libnustd.a(_malloc.o)

.mdebug.abi32   0x0000000000000000        0x0
 .mdebug.abi32  0x0000000000000000        0x0 /usr/lib/n64/nusys/nusys_rom.o
 .mdebug.abi32  0x0000000000000000        0x0 build/swiftlib.o
 .mdebug.abi32  0x0000000000000000        0x0 build/src/gfx_statics.o
 .mdebug.abi32  0x0000000000000000        0x0 build/src/main.o
 .mdebug.abi32  0x0000000000000000        0x0 build/src/stage1_data.o
 .mdebug.abi32  0x0000000000000000        0x0 build/src/stage1_matrix.o
 .mdebug.abi32  0x0000000000000000        0x0 build/src/swift_stubs.o
 .mdebug.abi32  0x0000000000000000        0x0 /usr/lib/n64/nusys/libnusys.a(nugfxdisplayon.o)
 .mdebug.abi32  0x0000000000000000        0x0 /usr/lib/n64/nusys/libnusys.a(nugfxfuncset.o)
 .mdebug.abi32  0x0000000000000000        0x0 /usr/lib/n64/nusys/libnusys.a(nugfxinit_ex2.o)
 .mdebug.abi32  0x0000000000000000        0x0 /usr/lib/n64/nusys/libnusys.a(nugfxsetcfb.o)
 .mdebug.abi32  0x0000000000000000        0x0 /usr/lib/n64/nusys/libnusys.a(nugfxsetucodefifo.o)
 .mdebug.abi32  0x0000000000000000        0x0 /usr/lib/n64/nusys/libnusys.a(nugfxswapcfb.o)
 .mdebug.abi32  0x0000000000000000        0x0 /usr/lib/n64/nusys/libnusys.a(nugfxswapcfbfuncset.o)
 .mdebug.abi32  0x0000000000000000        0x0 /usr/lib/n64/nusys/libnusys.a(nugfxtaskallendwait.o)
 .mdebug.abi32  0x0000000000000000        0x0 /usr/lib/n64/nusys/libnusys.a(nugfxtaskmgr.o)
 .mdebug.abi32  0x0000000000000000        0x0 /usr/lib/n64/nusys/libnusys.a(nugfxthread.o)
 .mdebug.abi32  0x0000000000000000        0x0 /usr/lib/n64/nusys/libnusys.a(nupiinit.o)
 .mdebug.abi32  0x0000000000000000        0x0 /usr/lib/n64/nusys/libnusys.a(nurdpoutput.o)