Archive member included to satisfy reference by file (symbol)

/usr/lib/n64/nusys/libnusys.a(nugfxdisplayon.o)
                              build/src/main.o (nuGfxDisplayOn)
/usr/lib/n64/nusys/libnusys.a(nugfxfuncset.o)
                              build/src/main.o (nuGfxFuncSet)
/usr/lib/n64/nusys/libnusys.a(nugfxinit_ex2.o)
                              build/src/main.o (nuGfxInitEX2)
/usr/lib/n64/nusys/libnusys.a(nugfxsetcfb.o)
                              /usr/lib/n64/nusys/libnusys.a(nugfxinit_ex2.o) (nuGfxSetCfb)
/usr/lib/n64/nusys/libnusys.a(nugfxsetucodefifo.o)
                              /usr/lib/n64/nusys/libnusys.a(nugfxinit_ex2.o) (nuGfxSetUcodeFifo)
/usr/lib/n64/nusys/libnusys.a(nugfxswapcfb.o)
                              /usr/lib/n64/nusys/libnusys.a(nugfxinit_ex2.o) (nuGfxSwapCfb)
/usr/lib/n64/nusys/libnusys.a(nugfxswapcfbfuncset.o)
                              /usr/lib/n64/nusys/libnusys.a(nugfxinit_ex2.o) (nuGfxSwapCfbFuncSet)
/usr/lib/n64/nusys/libnusys.a(nugfxtaskallendwait.o)
                              /usr/lib/n64/nusys/libnusys.a(nugfxfuncset.o) (nuGfxTaskAllEndWait)
/usr/lib/n64/nusys/libnusys.a(nugfxtaskmgr.o)
                              /usr/lib/n64/nusys/libnusys.a(nugfxswapcfbfuncset.o) (nuGfxSwapCfbFunc)
/usr/lib/n64/nusys/libnusys.a(nugfxthread.o)
                              /usr/lib/n64/nusys/libnusys.a(nugfxfuncset.o) (nuGfxFunc)
/usr/lib/n64/nusys/libnusys.a(nupiinit.o)
                              /usr/lib/n64/nusys/nusys_rom.o (nuPiInit)
/usr/lib/n64/nusys/libnusys.a(nurdpoutput.o)
                              /usr/lib/n64/nusys/libnusys.a(nugfxinit_ex2.o) (nuRDPOutputBuf)
/usr/lib/n64/nusys/libnusys.a(nusched.o)
                              /usr/lib/n64/nusys/libnusys.a(nugfxtaskmgr.o) (nusched)
/usr/lib/n64/nusys/libnusys.a(nuyieldbuf.o)
                              /usr/lib/n64/nusys/libnusys.a(nugfxtaskmgr.o) (nuYieldBuf)
/usr/lib/n64/nusys/libnusys.a(nudramstack.o)
                              /usr/lib/n64/nusys/libnusys.a(nugfxtaskmgr.o) (nuDramStack)
/usr/lib/n64/nusys/libnusys.a(nugfxdisplayoff.o)
                              /usr/lib/n64/nusys/libnusys.a(nugfxtaskmgr.o) (nuGfxDisplayOff)
/usr/lib/n64/nusys/libnusys.a(nugfxretracewait.o)
                              /usr/lib/n64/nusys/libnusys.a(nugfxsetcfb.o) (nuGfxRetraceWait)
/usr/lib/n64/libultra_rom.a(afterprenmi.o)
                              /usr/lib/n64/nusys/libnusys.a(nusched.o) (osAfterPreNMI)
/usr/lib/n64/libultra_rom.a(initialize.o)
                              /usr/lib/n64/nusys/nusys_rom.o (osInitialize)
/usr/lib/n64/libultra_rom.a(cartrominit.o)
                              /usr/lib/n64/nusys/libnusys.a(nupiinit.o) (osCartRomInit)
/usr/lib/n64/libultra_rom.a(piacs.o)
                              /usr/lib/n64/libultra_rom.a(cartrominit.o) (__osPiGetAccess)
/usr/lib/n64/libultra_rom.a(pimgr.o)
                              /usr/lib/n64/nusys/libnusys.a(nupiinit.o) (osCreatePiManager)
/usr/lib/n64/libultra_rom.a(pirawdma.o)
                              /usr/lib/n64/libultra_rom.a(pimgr.o) (__osPiRawStartDma)
/usr/lib/n64/libultra_rom.a(createthread.o)
                              /usr/lib/n64/nusys/nusys_rom.o (osCreateThread)
/usr/lib/n64/libultra_rom.a(getthreadpri.o)
                              /usr/lib/n64/libultra_rom.a(pimgr.o) (osGetThreadPri)
/usr/lib/n64/libultra_rom.a(setthreadpri.o)
                              /usr/lib/n64/nusys/nusys_rom.o (osSetThreadPri)
/usr/lib/n64/libultra_rom.a(startthread.o)
                              /usr/lib/n64/nusys/nusys_rom.o (osStartThread)
/usr/lib/n64/libultra_rom.a(thread.o)
                              /usr/lib/n64/libultra_rom.a(setthreadpri.o) (__osDequeueThread)
/usr/lib/n64/libultra_rom.a(spsetpc.o)
                              /usr/lib/n64/libultra_rom.a(afterprenmi.o) (__osSpSetPc)
/usr/lib/n64/libultra_rom.a(sptask.o)
                              /usr/lib/n64/nusys/libnusys.a(nusched.o) (osSpTaskLoad)
/usr/lib/n64/libultra_rom.a(sptaskyield.o)
                              /usr/lib/n64/nusys/libnusys.a(nusched.o) (osSpTaskYield)
/usr/lib/n64/libultra_rom.a(sptaskyielded.o)
                              /usr/lib/n64/nusys/libnusys.a(nusched.o) (osSpTaskYielded)
/usr/lib/n64/libultra_rom.a(string.o)
                              /usr/lib/n64/libultra_rom.a(initialize.o) (memcpy)
/usr/lib/n64/libultra_rom.a(createmesgqueue.o)
                              /usr/lib/n64/nusys/libnusys.a(nugfxtaskmgr.o) (osCreateMesgQueue)
/usr/lib/n64/libultra_rom.a(recvmesg.o)
                              /usr/lib/n64/nusys/libnusys.a(nugfxtaskmgr.o) (osRecvMesg)
/usr/lib/n64/libultra_rom.a(sendmesg.o)
                              /usr/lib/n64/nusys/libnusys.a(nugfxtaskmgr.o) (osSendMesg)
/usr/lib/n64/libultra_rom.a(seteventmesg.o)
                              /usr/lib/n64/nusys/libnusys.a(nusched.o) (osSetEventMesg)
/usr/lib/n64/libultra_rom.a(virtualtophysical.o)
[...]
Memory Configuration

Name             Origin             Length             Attributes
*default*        0x0000000000000000 0xffffffffffffffff

Linker script and memory map

                0x0000000000014fb4                __romPos = 0x0
                0x0000000004000000                _bootSegmentStart = ADDR (.boot)
                0x0000000000000000                _bootSegmentRomStart = __romPos

.MIPS.abiflags  0x0000000000000000       0x18
 .MIPS.abiflags
                0x0000000000000000       0x18 build/asm/rom_header.o

.boot           0x0000000004000000     0x1000 load address 0x0000000000000000
 build/asm/rom_header.o(.text)
 .text          0x0000000004000000       0x40 build/asm/rom_header.o
 build/boot.6102.o(.data)
 .data          0x0000000004000040      0xfc0 build/boot.6102.o
                0x0000000004000040                _binary__usr_lib_n64_PR_bootcode_boot_6102_start
                0x0000000004001000                _binary__usr_lib_n64_PR_bootcode_boot_6102_end
                0x0000000004001000                _bootSegmentEnd = (ADDR (.boot) + SIZEOF (.boot))
                0x0000000000001000                _bootSegmentRomEnd = (__romPos + SIZEOF (.boot))
                0x0000000000014fb4                __romPos = (__romPos + SIZEOF (.boot))
                0x0000000080025c00                _codeSegmentStart = ADDR (.code)
                0x0000000000001000                _codeSegmentRomStart = __romPos

.code           0x0000000080025c00    0x13fb4 load address 0x0000000000001000
 build/asm/entry.o(.start)
 .start         0x0000000080025c00       0x3c build/asm/entry.o
                0x0000000080025c00                __start
 /usr/lib/n64/nusys/nusys_rom.o(.text)
 *fill*         0x0000000080025c3c        0x4 
 .text          0x0000000080025c40       0xf0 /usr/lib/n64/nusys/nusys_rom.o
                0x0000000080025cdc                nuBoot
 build/src*.o(.text)
 .text          0x0000000080025d30        0x0 build/src/gfx_statics.o
 .text          0x0000000080025d30       0x70 build/src/main.o
                0x0000000080025d30                mainproc
 .text          0x0000000080025da0      0x680 build/src/stage1.o
                0x0000000080025da0                stage1_draw_box
                0x0000000080025fcc                stage1_draw
                0x0000000080026304                stage1_update
                0x00000000800263b0                stage1_init
                0x00000000800263d4                stage1_loop
 .text          0x0000000080026420       0xa8 build/src/swift_stubs.o
                0x0000000080026420                __stack_chk_fail
                0x0000000080026434                posix_memalign
                0x00000000800264a0                free
 build/swiftlib.o(.text)
 *fill*         0x00000000800264c8        0x8 
 .text          0x00000000800264d0     0x1d8c build/swiftlib.o
                0x00000000800264d0                call_swift
                0x00000000800264f8                gfx_rcp_init
                0x0000000080026580                gfx_clear_cfb
                0x00000000800266f8                gfx_new_task
                0x0000000080026780                stage0_init
                0x00000000800267a8                stage0_loop
                0x00000000800268e8                swift_allocBox
                0x00000000800269c8                swift_makeBoxUnique
                0x0000000080026a98                swift_releaseBox
                0x0000000080026b68                swift_deallocBox
                0x0000000080026b98                swift_allocEmptyBox
                0x0000000080026c00                swift_allocObject
                0x0000000080026cc0                swift_allocObjectTyped
                0x0000000080026d80                swift_initStackObject
                0x0000000080026db8                swift_initStaticObject
                0x0000000080026e20                swift_deallocClassInstance
                0x0000000080026e60                swift_deallocPartialClassInstance
                0x0000000080026ed8                swift_slowAlloc
                0x0000000080026f78                swift_willThrow
                0x0000000080026fa0                swift_unexpectedError
                0x0000000080026fb8                swift_setDeallocating
                0x0000000080027298                swift_isUniquelyReferenced_native
                0x00000000800272e8                swift_isUniquelyReferenced_nonNull_native
                0x0000000080027328                swift_isEscapingClosureAtFileLocation
                0x0000000080027378                swift_getObjectType
                0x00000000800273a8                swift_dynamicCastClass
                0x0000000080027408                swift_dynamicCastClassUnconditional
                0x0000000080027458                swift_dynamicCast
                0x0000000080027760                swift_once
                0x00000000800277f8                swift_coroFrameAlloc
                0x0000000080027860                swift_deletedMethodError
                0x0000000080027878                swift_allocError
                0x0000000080027a50                _swift_embedded_error_destroy_impl
                0x0000000080027ab0                swift_deallocError
                0x0000000080027ae0                swift_getErrorValue
                0x0000000080027b38                swift_intToFloat32
                0x0000000080027c40                swift_intToFloat64
                0x0000000080027d40                swift_clearSensitive
                0x0000000080027d90                swift_retainCount
                0x0000000080027f00                swift_release_n
                0x0000000080027f30                swift_retain
                0x0000000080027f60                swift_nonatomic_retain
                0x0000000080027f90                swift_bridgeObjectRetain
                0x0000000080027fc0                swift_errorRetain
                0x0000000080027ff0                swift_bridgeObjectRelease
                0x0000000080028020                swift_retain_n
                0x0000000080028050                swift_nonatomic_retain_n
                0x0000000080028080                swift_bridgeObjectRetain_n
                0x00000000800280b0                swift_nonatomic_release_n
                0x00000000800280e0                swift_bridgeObjectRelease_n
                0x0000000080028110                swift_errorInMain
                0x0000000080028140                swift_deallocUninitializedObject
                0x0000000080028170                swift_deallocObject
                0x00000000800281a0                swift_slowDealloc
                0x00000000800281d0                swift_release
                0x0000000080028200                swift_nonatomic_release
                0x0000000080028230                swift_errorRelease
 */libultra_rom.a:*.o(.text)
 *fill*         0x000000008002825c        0x4 
 .text          0x0000000080028260        0x8 /usr/lib/n64/libultra_rom.a(afterprenmi.o)
                0x0000000080028260                osAfterPreNMI
 *fill*         0x0000000080028268        0x8 
 .text          0x0000000080028270      0x240 /usr/lib/n64/libultra_rom.a(initialize.o)
                0x0000000080028270                __createSpeedParam
                0x00000000800282d4                osInitialize
                0x00000000800284a8                osInitialize_isv
 .text          0x00000000800284b0      0x128 /usr/lib/n64/libultra_rom.a(cartrominit.o)
                0x00000000800284b0                osCartRomInit
 *fill*         0x00000000800285d8        0x8 
 .text          0x00000000800285e0       0x9c /usr/lib/n64/libultra_rom.a(piacs.o)
                0x00000000800285e0                __osPiCreateAccessQueue
                0x000000008002862c                __osPiGetAccess
                0x0000000080028668                __osPiRelAccess
 *fill*         0x000000008002867c        0x4 
 .text          0x0000000080028680      0x188 /usr/lib/n64/libultra_rom.a(pimgr.o)
                0x0000000080028680                osCreatePiManager
 *fill*         0x0000000080028808        0x8 
 .text          0x0000000080028810       0xbc /usr/lib/n64/libultra_rom.a(pirawdma.o)
                0x0000000080028810                __osPiRawStartDma
 *fill*         0x00000000800288cc        0x4 
 .text          0x00000000800288d0       0xb4 /usr/lib/n64/libultra_rom.a(createthread.o)
                0x00000000800288d0                osCreateThread
 *fill*         0x0000000080028984        0xc 
 .text          0x0000000080028990       0x18 /usr/lib/n64/libultra_rom.a(getthreadpri.o)
                0x0000000080028990                osGetThreadPri
 *fill*         0x00000000800289a8        0x8 
 .text          0x00000000800289b0       0xc0 /usr/lib/n64/libultra_rom.a(setthreadpri.o)
                0x00000000800289b0                osSetThreadPri
 .text          0x0000000080028a70      0x104 /usr/lib/n64/libultra_rom.a(startthread.o)
                0x0000000080028a70                osStartThread
 *fill*         0x0000000080028b74        0xc 
 .text          0x0000000080028b80       0x30 /usr/lib/n64/libultra_rom.a(thread.o)
                0x0000000080028b80                __osDequeueThread
 .text          0x0000000080028bb0       0x28 /usr/lib/n64/libultra_rom.a(spsetpc.o)
                0x0000000080028bb0                __osSpSetPc
 *fill*         0x0000000080028bd8        0x8 
 .text          0x0000000080028be0      0x1fc /usr/lib/n64/libultra_rom.a(sptask.o)
                0x0000000080028be0                osSpTaskLoad
                0x0000000080028db8                osSpTaskStartGo
 *fill*         0x0000000080028ddc        0x4 
 .text          0x0000000080028de0        0x8 /usr/lib/n64/libultra_rom.a(sptaskyield.o)
                0x0000000080028de0                osSpTaskYield
 *fill*         0x0000000080028de8        0x8 
 .text          0x0000000080028df0       0x4c /usr/lib/n64/libultra_rom.a(sptaskyielded.o)
                0x0000000080028df0                osSpTaskYielded
 *fill*         0x0000000080028e3c        0x4 
 .text          0x0000000080028e40       0x7c /usr/lib/n64/libultra_rom.a(string.o)
                0x0000000080028e40                strchr
                0x0000000080028e78                strlen
                0x0000000080028e90                memcpy
 *fill*         0x0000000080028ebc        0x4 
 .text          0x0000000080028ec0       0x24 /usr/lib/n64/libultra_rom.a(createmesgqueue.o)
                0x0000000080028ec0                osCreateMesgQueue
 *fill*         0x0000000080028ee4        0xc 
 .text          0x0000000080028ef0       0xf8 /usr/lib/n64/libultra_rom.a(recvmesg.o)
                0x0000000080028ef0                osRecvMesg
 *fill*         0x0000000080028fe8        0x8 
 .text          0x0000000080028ff0      0x10c /usr/lib/n64/libultra_rom.a(sendmesg.o)
                0x0000000080028ff0                osSendMesg
 *fill*         0x00000000800290fc        0x4 
 .text          0x0000000080029100       0xa0 /usr/lib/n64/libultra_rom.a(seteventmesg.o)
                0x0000000080029100                osSetEventMesg
 .text          0x00000000800291a0       0x4c /usr/lib/n64/libultra_rom.a(virtualtophysical.o)
                0x00000000800291a0                osVirtualToPhysical
 *fill*         0x00000000800291ec        0x4 
 .text          0x00000000800291f0       0x48 /usr/lib/n64/libultra_rom.a(viblack.o)
                0x00000000800291f0                osViBlack
 *fill*         0x0000000080029238        0x8 
 .text          0x0000000080029240       0xbc /usr/lib/n64/libultra_rom.a(vi.o)
                0x0000000080029240                __osViInit
 *fill*         0x00000000800292fc        0x4 
 .text          0x0000000080029300       0x38 /usr/lib/n64/libultra_rom.a(vigetcurrframebuf.o)
                0x0000000080029300                osViGetCurrentFramebuffer
 *fill*         0x0000000080029338        0x8 
 .text          0x0000000080029340       0x38 /usr/lib/n64/libultra_rom.a(vigetnextframebuf.o)
                0x0000000080029340                osViGetNextFramebuffer
 *fill*         0x0000000080029378        0x8 
 .text          0x0000000080029380      0x2a4 /usr/lib/n64/libultra_rom.a(vimgr.o)
                0x00000000800294a0                osCreateViManager
 *fill*         0x0000000080029624        0xc 
 .text          0x0000000080029630       0x54 /usr/lib/n64/libultra_rom.a(visetevent.o)
                0x0000000080029630                osViSetEvent
 *fill*         0x0000000080029684        0xc 
 .text          0x0000000080029690       0x44 /usr/lib/n64/libultra_rom.a(visetmode.o)
                0x0000000080029690                osViSetMode
 *fill*         0x00000000800296d4        0xc 
 .text          0x00000000800296e0      0x124 /usr/lib/n64/libultra_rom.a(visetspecial.o)
                0x00000000800296e0                osViSetSpecialFeatures
 *fill*         0x0000000080029804        0xc 
 .text          0x0000000080029810       0x40 /usr/lib/n64/libultra_rom.a(visetyscale.o)
                0x0000000080029810                osViSetYScale
 .text          0x0000000080029850       0x40 /usr/lib/n64/libultra_rom.a(viswapbuf.o)
                0x0000000080029850                osViSwapBuffer
 .text          0x0000000080029890      0x214 /usr/lib/n64/libultra_rom.a(viswapcontext.o)
                0x0000000080029890                __osViSwapContext
 *fill*         0x0000000080029aa4        0xc 
 .text          0x0000000080029ab0        0x0 /usr/lib/n64/libultra_rom.a(vitbl.o)
 .text          0x0000000080029ab0      0x29c /usr/lib/n64/libultra_rom.a(timerintr.o)
                0x0000000080029ab0                __osTimerServicesInit
                0x0000000080029b00                __osSetTimerIntr
                0x0000000080029b68                __osInsertTimer
                0x0000000080029c44                __osTimerInterrupt
 *fill*         0x0000000080029d4c        0x4 
 .text          0x0000000080029d50       0x4c /usr/lib/n64/libultra_rom.a(sirawread.o)
                0x0000000080029d50                __osSiRawReadIo
 *fill*         0x0000000080029d9c        0x4 
 .text          0x0000000080029da0       0x48 /usr/lib/n64/libultra_rom.a(sirawwrite.o)
                0x0000000080029da0                __osSiRawWriteIo
 *fill*         0x0000000080029de8        0x8 
 .text          0x0000000080029df0      0x304 /usr/lib/n64/libultra_rom.a(lookat.o)
                0x0000000080029df0                guLookAtF
                0x000000008002a090                guLookAt
 *fill*         0x000000008002a0f4        0xc 
 .text          0x000000008002a100      0x1c0 /usr/lib/n64/libultra_rom.a(mtxutil.o)
                0x000000008002a100                guMtxF2L
                0x000000008002a1a4                guMtxL2F
                0x000000008002a248                guMtxIdentF
                0x000000008002a298                guMtxIdent
 .text          0x000000008002a2c0      0x1bc /usr/lib/n64/libultra_rom.a(perspective.o)
                0x000000008002a2c0                guPerspectiveF
                0x000000008002a430                guPerspective
 *fill*         0x000000008002a47c        0x4 
 .text          0x000000008002a480      0x204 /usr/lib/n64/libultra_rom.a(position.o)
                0x000000008002a480                guPositionF
                0x000000008002a630                guPosition
 *fill*         0x000000008002a684        0xc 
 .text          0x000000008002a690      0x178 /usr/lib/n64/libultra_rom.a(sinf.o)
                0x000000008002a690                fsin
                0x000000008002a690                __sinf
                0x000000008002a690                sinf
 *fill*         0x000000008002a808        0x8 
 .text          0x000000008002a810        0x0 /usr/lib/n64/libultra_rom.a(vimodempallan1.o)
 .text          0x000000008002a810        0x0 /usr/lib/n64/libultra_rom.a(vimodentsclan1.o)
 .text          0x000000008002a810        0x0 /usr/lib/n64/libultra_rom.a(vimodepallan1.o)
 .text          0x000000008002a810       0x60 /usr/lib/n64/libultra_rom.a(parameters.o)
 .text          0x000000008002a870      0x964 /usr/lib/n64/libultra_rom.a(exceptasm.o)
                0x000000008002a870                __osExceptionPreamble
                0x000000008002a880                __osException
                0x000000008002adfc                send_mesg
                0x000000008002aeb4                handle_CpU
                0x000000008002aee8                __osEnqueueAndYield
                0x000000008002afec                __osEnqueueThread
                0x000000008002b034                __osPopThread
                0x000000008002b044                __osNop
                0x000000008002b04c                __osDispatchThread
                0x000000008002b1c8                __osCleanupThread
 *fill*         0x000000008002b1d4        0xc 
 .text          0x000000008002b1e0       0x8c /usr/lib/n64/libultra_rom.a(interrupt.o)
                0x000000008002b1e0                __osDisableInt
                0x000000008002b250                __osRestoreInt
 *fill*         0x000000008002b26c        0x4 
 .text          0x000000008002b270       0xa0 /usr/lib/n64/libultra_rom.a(setintmask.o)
                0x000000008002b270                osSetIntMask
 .text          0x000000008002b310       0x58 /usr/lib/n64/libultra_rom.a(maptlbrdb.o)
                0x000000008002b310                osMapTLBRdb
 *fill*         0x000000008002b368        0x8 
 .text          0x000000008002b370       0xb8 /usr/lib/n64/libultra_rom.a(probetlb.o)
                0x000000008002b370                __osProbeTLB
 *fill*         0x000000008002b428        0x8 
 .text          0x000000008002b430       0x44 /usr/lib/n64/libultra_rom.a(unmaptlball.o)
                0x000000008002b430                osUnmapTLBAll
 *fill*         0x000000008002b474        0xc 
 .text          0x000000008002b480        0xc /usr/lib/n64/libultra_rom.a(getcause.o)
                0x000000008002b480                __osGetCause
 *fill*         0x000000008002b48c        0x4 
 .text          0x000000008002b490        0xc /usr/lib/n64/libultra_rom.a(getcount.o)
                0x000000008002b490                osGetCount
 *fill*         0x000000008002b49c        0x4 
 .text          0x000000008002b4a0        0xc /usr/lib/n64/libultra_rom.a(getsr.o)
                0x000000008002b4a0                __osGetSR
 *fill*         0x000000008002b4ac        0x4 
 .text          0x000000008002b4b0        0xc /usr/lib/n64/libultra_rom.a(setcompare.o)
                0x000000008002b4b0                __osSetCompare
 *fill*         0x000000008002b4bc        0x4 
 .text          0x000000008002b4c0       0x10 /usr/lib/n64/libultra_rom.a(setfpccsr.o)
                0x000000008002b4c0                __osSetFpcCsr
 .text          0x000000008002b4d0       0x10 /usr/lib/n64/libultra_rom.a(setsr.o)
                0x000000008002b4d0                __osSetSR
 .text          0x000000008002b4e0       0x10 /usr/lib/n64/libultra_rom.a(setwatchlo.o)
                0x000000008002b4e0                __osSetWatchLo
 .text          0x000000008002b4f0      0x31c /usr/lib/n64/libultra_rom.a(bcopy.o)
                0x000000008002b4f0                bcopy
 *fill*         0x000000008002b80c        0x4 
 .text          0x000000008002b810       0xa0 /usr/lib/n64/libultra_rom.a(bzero.o)
                0x000000008002b810                bzero
 .text          0x000000008002b8b0        0x0 /usr/lib/n64/libultra_rom.a(libm_vals.o)
 .text          0x000000008002b8b0        0x8 /usr/lib/n64/libultra_rom.a(sqrtf.o)
                0x000000008002b8b0                sqrtf
 *fill*         0x000000008002b8b8        0x8 
 .text          0x000000008002b8c0       0x74 /usr/lib/n64/libultra_rom.a(invalicache.o)
                0x000000008002b8c0                osInvalICache
 *fill*         0x000000008002b934        0xc 
 .text          0x000000008002b940       0x28 /usr/lib/n64/libultra_rom.a(writebackdcacheall.o)
                0x000000008002b940                osWritebackDCacheAll
 *fill*         0x000000008002b968        0x8 
 .text          0x000000008002b970       0x74 /usr/lib/n64/libultra_rom.a(writebackdcache.o)
                0x000000008002b970                osWritebackDCache
 *fill*         0x000000008002b9e4        0xc 
 .text          0x000000008002b9f0      0x384 /usr/lib/n64/libultra_rom.a(devmgr.o)
                0x000000008002b9f0                __osDevMgrMain
 *fill*         0x000000008002bd74        0xc 
 .text          0x000000008002bd80      0x1b0 /usr/lib/n64/libultra_rom.a(epirawdma.o)
                0x000000008002bd80                __osEPiRawStartDma
 .text          0x000000008002bf30      0x130 /usr/lib/n64/libultra_rom.a(epirawread.o)
                0x000000008002bf30                __osEPiRawReadIo
 .text          0x000000008002c060      0x12c /usr/lib/n64/libultra_rom.a(epirawwrite.o)
                0x000000008002c060                __osEPiRawWriteIo
 *fill*         0x000000008002c18c        0x4 
 .text          0x000000008002c190       0x40 /usr/lib/n64/libultra_rom.a(resetglobalintmask.o)
                0x000000008002c190                __osResetGlobalIntMask
 .text          0x000000008002c1d0       0x38 /usr/lib/n64/libultra_rom.a(setglobalintmask.o)
                0x000000008002c1d0                __osSetGlobalIntMask
 *fill*         0x000000008002c208        0x8 
 .text          0x000000008002c210        0x0 /usr/lib/n64/libultra_rom.a(kdebugserver.o)
 .text          0x000000008002c210       0xb8 /usr/lib/n64/libultra_rom.a(destroythread.o)
                0x000000008002c210                osDestroyThread
 *fill*         0x000000008002c2c8        0x8 
 .text          0x000000008002c2d0       0x44 /usr/lib/n64/libultra_rom.a(yieldthread.o)
                0x000000008002c2d0                osYieldThread
 *fill*         0x000000008002c314        0xc 
 .text          0x000000008002c320       0x14 /usr/lib/n64/libultra_rom.a(sp.o)
                0x000000008002c320                __osSpDeviceBusy
 *fill*         0x000000008002c334        0xc 
 .text          0x000000008002c340       0x10 /usr/lib/n64/libultra_rom.a(spgetstat.o)
                0x000000008002c340                __osSpGetStatus
 .text          0x000000008002c350       0x94 /usr/lib/n64/libultra_rom.a(sprawdma.o)
                0x000000008002c350                __osSpRawStartDma
 *fill*         0x000000008002c3e4        0xc 
 .text          0x000000008002c3f0       0x10 /usr/lib/n64/libultra_rom.a(spsetstat.o)
                0x000000008002c3f0                __osSpSetStatus
 .text          0x000000008002c400        0xc /usr/lib/n64/libultra_rom.a(vigetcurrcontext.o)
                0x000000008002c400                __osViGetCurrentContext
 *fill*         0x000000008002c40c        0x4 
 .text          0x000000008002c410       0x14 /usr/lib/n64/libultra_rom.a(si.o)
                0x000000008002c410                __osSiDeviceBusy
 *fill*         0x000000008002c424        0xc 
 .text          0x000000008002c430      0x134 /usr/lib/n64/libultra_rom.a(cosf.o)
                0x000000008002c430                fcos
                0x000000008002c430                cosf
                0x000000008002c430                __cosf
 */libnustd.a:*.o(.text)
 *fill*         0x000000008002c564        0xc 
 .text          0x000000008002c570       0x28 /usr/lib/n64/libnustd.a(malloc.o)
                0x000000008002c570                malloc
 *fill*         0x000000008002c598        0x8 
 .text          0x000000008002c5a0       0x24 /usr/lib/n64/libnustd.a(memset.o)
                0x000000008002c5a0                memset
 *fill*         0x000000008002c5c4        0xc 
 .text          0x000000008002c5d0       0x6c /usr/lib/n64/libnustd.a(initheap.o)
                0x000000008002c5d0                _InitHeap
                0x000000008002c60c                InitHeap
 *fill*         0x000000008002c63c        0x4 
 .text          0x000000008002c640       0xbc /usr/lib/n64/libnustd.a(_malloc.o)
                0x000000008002c640                _malloc
 */libnusys.a:*.o(.text)
 *fill*         0x000000008002c6fc        0x4 
 .text          0x000000008002c700       0x10 /usr/lib/n64/nusys/libnusys.a(nugfxdisplayon.o)
                0x000000008002c700                nuGfxDisplayOn
 .text          0x000000008002c710       0x38 /usr/lib/n64/nusys/libnusys.a(nugfxfuncset.o)
                0x000000008002c710                nuGfxFuncSet
 *fill*         0x000000008002c748        0x8 
 .text          0x000000008002c750       0xb4 /usr/lib/n64/nusys/libnusys.a(nugfxinit_ex2.o)
                0x000000008002c750                nuGfxInitEX2
 *fill*         0x000000008002c804        0xc 
 .text          0x000000008002c810      0x104 /usr/lib/n64/nusys/libnusys.a(nugfxsetcfb.o)
                0x000000008002c810                nuGfxSetCfb
 *fill*         0x000000008002c914        0xc 
 .text          0x000000008002c920       0x14 /usr/lib/n64/nusys/libnusys.a(nugfxsetucodefifo.o)
                0x000000008002c920                nuGfxSetUcodeFifo
 *fill*         0x000000008002c934        0xc 
 .text          0x000000008002c940        0x8 /usr/lib/n64/nusys/libnusys.a(nugfxswapcfb.o)
                0x000000008002c940                nuGfxSwapCfb
 *fill*         0x000000008002c948        0x8 
 .text          0x000000008002c950       0x34 /usr/lib/n64/nusys/libnusys.a(nugfxswapcfbfuncset.o)
                0x000000008002c950                nuGfxSwapCfbFuncSet
 *fill*         0x000000008002c984        0xc 
 .text          0x000000008002c990       0x18 /usr/lib/n64/nusys/libnusys.a(nugfxtaskallendwait.o)
                0x000000008002c990                nuGfxTaskAllEndWait
 *fill*         0x000000008002c9a8        0x8 
 .text          0x000000008002c9b0      0x360 /usr/lib/n64/nusys/libnusys.a(nugfxtaskmgr.o)
                0x000000008002c9b0                nuGfxTaskMgr
                0x000000008002caac                nuGfxTaskMgrInit
                0x000000008002cbbc                nuGfxTaskStart
 .text          0x000000008002cd10      0x108 /usr/lib/n64/nusys/libnusys.a(nugfxthread.o)
                0x000000008002cdc8                nuGfxThreadStart
 *fill*         0x000000008002ce18        0x8 
 .text          0x000000008002ce20       0x40 /usr/lib/n64/nusys/libnusys.a(nupiinit.o)
                0x000000008002ce20                nuPiInit
 .text          0x000000008002ce60        0x0 /usr/lib/n64/nusys/libnusys.a(nurdpoutput.o)
 .text          0x000000008002ce60      0x808 /usr/lib/n64/nusys/libnusys.a(nusched.o)
                0x000000008002d118                nuScCreateScheduler
                0x000000008002d354                nuScGetAudioMQ
                0x000000008002d360                nuScGetGfxMQ
                0x000000008002d36c                nuScAddClient
                0x000000008002d404                nuScResetClientMesgType
                0x000000008002d440                nuScRemoveClient
                0x000000008002d650                nuScSetFrameBufferNum
                0x000000008002d65c                nuScGetFrameRate
 *fill*         0x000000008002d668        0x8 
 .text          0x000000008002d670        0x0 /usr/lib/n64/nusys/libnusys.a(nuyieldbuf.o)
 .text          0x000000008002d670        0x0 /usr/lib/n64/nusys/libnusys.a(nudramstack.o)
 .text          0x000000008002d670       0x10 /usr/lib/n64/nusys/libnusys.a(nugfxdisplayoff.o)
                0x000000008002d670                nuGfxDisplayOff
 .text          0x000000008002d680       0x64 /usr/lib/n64/nusys/libnusys.a(nugfxretracewait.o)
                0x000000008002d680                nuGfxRetraceWait
 */libnualstl_n.a:*.o(.text)
 */libn_mus.a:*.o(.text)
 */libn_audio_sc.a:*.o(.text)
 */libgcc.a:*.o(.text)
 */libswift*.a:*.o(.text)
 /usr/lib/n64/PR/rspboot.o(.text)
 *fill*         0x000000008002d6e4        0xc 
 .text          0x000000008002d6f0       0xd0 /usr/lib/n64/PR/rspboot.o
                0x000000008002d6f0                rspbootTextStart
                0x000000008002d7c0                rspbootTextEnd
 /usr/lib/n64/PR/aspMain.o(.text)
 .text          0x000000008002d7c0      0xe20 /usr/lib/n64/PR/aspMain.o
                0x000000008002d7c0                aspMainTextStart
                0x000000008002e5e0                aspMainTextEnd
 /usr/lib/n64/PR/n_aspMain.o(.text)
 .text          0x000000008002e5e0      0xc60 /usr/lib/n64/PR/n_aspMain.o
                0x000000008002e5e0                n_aspMainTextStart
                0x000000008002f240                n_aspMainTextEnd
 /usr/lib/n64/PR/gspF3DEX2.fifo.o(.text)
 .text          0x000000008002f240     0x1390 /usr/lib/n64/PR/gspF3DEX2.fifo.o
                0x000000008002f240                gspF3DEX2_fifoTextStart
                0x00000000800305d0                gspF3DEX2_fifoTextEnd
 /usr/lib/n64/PR/gspL3DEX2.fifo.o(.text)
 .text          0x00000000800305d0     0x1190 /usr/lib/n64/PR/gspL3DEX2.fifo.o
                0x00000000800305d0                gspL3DEX2_fifoTextStart
                0x0000000080031760                gspL3DEX2_fifoTextEnd
 /usr/lib/n64/PR/gspF3DEX2.Rej.fifo.o(.text)
 .text          0x0000000080031760     0x1190 /usr/lib/n64/PR/gspF3DEX2.Rej.fifo.o
                0x0000000080031760                gspF3DEX2_Rej_fifoTextStart
                0x00000000800328f0                gspF3DEX2_Rej_fifoTextEnd
 /usr/lib/n64/PR/gspF3DEX2.NoN.fifo.o(.text)
 .text          0x00000000800328f0     0x1390 /usr/lib/n64/PR/gspF3DEX2.NoN.fifo.o
                0x00000000800328f0                gspF3DEX2_NoN_fifoTextStart
                0x0000000080033c80                gspF3DEX2_NoN_fifoTextEnd
 /usr/lib/n64/PR/gspF3DLX2.Rej.fifo.o(.text)
 .text          0x0000000080033c80     0x1190 /usr/lib/n64/PR/gspF3DLX2.Rej.fifo.o
                0x0000000080033c80                gspF3DLX2_Rej_fifoTextStart
                0x0000000080034e10                gspF3DLX2_Rej_fifoTextEnd
 /usr/lib/n64/PR/gspS2DEX2.fifo.o(.text)
 .text          0x0000000080034e10     0x18c0 /usr/lib/n64/PR/gspS2DEX2.fifo.o
                0x0000000080034e10                gspS2DEX2_fifoTextStart
                0x00000000800366d0                gspS2DEX2_fifoTextEnd
 /usr/lib/n64/nusys/nusys_rom.o(.data*)
 .data          0x00000000800366d0        0x0 /usr/lib/n64/nusys/nusys_rom.o
 build/src*.o(.data*)
 .data          0x00000000800366d0       0x68 build/src/gfx_statics.o
                0x00000000800366d0                current_task
                0x00000000800366e8                gfx_setup_rdpstate
                0x0000000080036710                gfx_setup_rspstate
 *fill*         0x0000000080036738        0x8 
 .data          0x0000000080036740        0x0 build/src/main.o
 .data          0x0000000080036740       0xa0 build/src/stage1.o
                0x0000000080036760                square_verts
 .data          0x00000000800367e0        0x4 build/src/swift_stubs.o
                0x00000000800367e0                __stack_chk_guard
 build/swiftlib.o(.data*)
 *fill*         0x00000000800367e4        0xc 
 .data          0x00000000800367f0       0x10 build/swiftlib.o
 */libultra_rom.a:*.o(.data*)
 .data          0x0000000080036800        0x0 /usr/lib/n64/libultra_rom.a(afterprenmi.o)
 .data          0x0000000080036800       0x10 /usr/lib/n64/libultra_rom.a(initialize.o)
                0x0000000080036800                __OSGlobalIntMask
                0x0000000080036804                osViClock
                0x0000000080036808                osClockRate
 .data          0x0000000080036810        0x4 /usr/lib/n64/libultra_rom.a(cartrominit.o)
 *fill*         0x0000000080036814        0xc 
 .data          0x0000000080036820        0x0 /usr/lib/n64/libultra_rom.a(piacs.o)
 .data          0x0000000080036820        0x8 /usr/lib/n64/libultra_rom.a(pimgr.o)
                0x0000000080036820                __osCurrentHandle
 *fill*         0x0000000080036828        0x8 
 .data          0x0000000080036830        0x0 /usr/lib/n64/libultra_rom.a(pirawdma.o)
 .data          0x0000000080036830        0x0 /usr/lib/n64/libultra_rom.a(createthread.o)
 .data          0x0000000080036830        0x0 /usr/lib/n64/libultra_rom.a(getthreadpri.o)
 .data          0x0000000080036830        0x0 /usr/lib/n64/libultra_rom.a(setthreadpri.o)
 .data          0x0000000080036830        0x0 /usr/lib/n64/libultra_rom.a(startthread.o)
 .data          0x0000000080036830       0x10 /usr/lib/n64/libultra_rom.a(thread.o)
                0x0000000080036830                __osActiveQueue
                0x0000000080036834                __osRunQueue
                0x0000000080036838                __osThreadTail
 .data          0x0000000080036840        0x0 /usr/lib/n64/libultra_rom.a(spsetpc.o)
 .data          0x0000000080036840        0x0 /usr/lib/n64/libultra_rom.a(sptask.o)
 .data          0x0000000080036840        0x0 /usr/lib/n64/libultra_rom.a(sptaskyield.o)
 .data          0x0000000080036840        0x0 /usr/lib/n64/libultra_rom.a(sptaskyielded.o)
 .data          0x0000000080036840        0x0 /usr/lib/n64/libultra_rom.a(string.o)
 .data          0x0000000080036840        0x0 /usr/lib/n64/libultra_rom.a(createmesgqueue.o)
 .data          0x0000000080036840        0x0 /usr/lib/n64/libultra_rom.a(recvmesg.o)
 .data          0x0000000080036840        0x0 /usr/lib/n64/libultra_rom.a(sendmesg.o)
 .data          0x0000000080036840        0x0 /usr/lib/n64/libultra_rom.a(seteventmesg.o)
 .data          0x0000000080036840        0x0 /usr/lib/n64/libultra_rom.a(virtualtophysical.o)
 .data          0x0000000080036840        0x0 /usr/lib/n64/libultra_rom.a(viblack.o)
 .data          0x0000000080036840        0x8 /usr/lib/n64/libultra_rom.a(vi.o)
                0x0000000080036840                __osViNext
                0x0000000080036844                __osViCurr
 *fill*         0x0000000080036848        0x8 
 .data          0x0000000080036850        0x0 /usr/lib/n64/libultra_rom.a(vigetcurrframebuf.o)
 .data          0x0000000080036850        0x0 /usr/lib/n64/libultra_rom.a(vigetnextframebuf.o)
 .data          0x0000000080036850        0x0 /usr/lib/n64/libultra_rom.a(vimgr.o)
 .data          0x0000000080036850        0x0 /usr/lib/n64/libultra_rom.a(visetevent.o)
 .data          0x0000000080036850        0x0 /usr/lib/n64/libultra_rom.a(visetmode.o)
 .data          0x0000000080036850        0x0 /usr/lib/n64/libultra_rom.a(visetspecial.o)
 .data          0x0000000080036850        0x0 /usr/lib/n64/libultra_rom.a(visetyscale.o)
 .data          0x0000000080036850        0x0 /usr/lib/n64/libultra_rom.a(viswapbuf.o)
 .data          0x0000000080036850        0x0 /usr/lib/n64/libultra_rom.a(viswapcontext.o)
 .data          0x0000000080036850     0x1180 /usr/lib/n64/libultra_rom.a(vitbl.o)
                0x0000000080036850                osViModeTable
 .data          0x00000000800379d0        0x4 /usr/lib/n64/libultra_rom.a(timerintr.o)
                0x00000000800379d0                __osTimerList
 *fill*         0x00000000800379d4        0xc 
 .data          0x00000000800379e0        0x0 /usr/lib/n64/libultra_rom.a(sirawread.o)
 .data          0x00000000800379e0        0x0 /usr/lib/n64/libultra_rom.a(sirawwrite.o)
 .data          0x00000000800379e0        0x0 /usr/lib/n64/libultra_rom.a(lookat.o)
 .data          0x00000000800379e0        0x0 /usr/lib/n64/libultra_rom.a(mtxutil.o)
 .data          0x00000000800379e0        0x0 /usr/lib/n64/libultra_rom.a(perspective.o)
 .data          0x00000000800379e0        0x0 /usr/lib/n64/libultra_rom.a(position.o)
 .data          0x00000000800379e0        0x0 /usr/lib/n64/libultra_rom.a(sinf.o)
 .data          0x00000000800379e0       0x50 /usr/lib/n64/libultra_rom.a(vimodempallan1.o)
                0x00000000800379e0                osViModeMpalLan1
 .data          0x0000000080037a30       0x50 /usr/lib/n64/libultra_rom.a(vimodentsclan1.o)
                0x0000000080037a30                osViModeNtscLan1
 .data          0x0000000080037a80       0x50 /usr/lib/n64/libultra_rom.a(vimodepallan1.o)
                0x0000000080037a80                osViModePalLan1
 .data          0x0000000080037ad0        0x0 /usr/lib/n64/libultra_rom.a(parameters.o)
 .data          0x0000000080037ad0       0x30 /usr/lib/n64/libultra_rom.a(exceptasm.o)
                0x0000000080037ad0                __osHwIntTable
                0x0000000080037af8                __osPiIntTable
 .data          0x0000000080037b00        0x0 /usr/lib/n64/libultra_rom.a(interrupt.o)
 .data          0x0000000080037b00        0x0 /usr/lib/n64/libultra_rom.a(setintmask.o)
 .data          0x0000000080037b00        0x0 /usr/lib/n64/libultra_rom.a(maptlbrdb.o)
 .data          0x0000000080037b00        0x0 /usr/lib/n64/libultra_rom.a(probetlb.o)
 .data          0x0000000080037b00        0x0 /usr/lib/n64/libultra_rom.a(unmaptlball.o)
 .data          0x0000000080037b00        0x0 /usr/lib/n64/libultra_rom.a(getcause.o)
 .data          0x0000000080037b00        0x0 /usr/lib/n64/libultra_rom.a(getcount.o)
 .data          0x0000000080037b00        0x0 /usr/lib/n64/libultra_rom.a(getsr.o)
 .data          0x0000000080037b00        0x0 /usr/lib/n64/libultra_rom.a(setcompare.o)
 .data          0x0000000080037b00        0x0 /usr/lib/n64/libultra_rom.a(setfpccsr.o)
 .data          0x0000000080037b00        0x0 /usr/lib/n64/libultra_rom.a(setsr.o)
 .data          0x0000000080037b00        0x0 /usr/lib/n64/libultra_rom.a(setwatchlo.o)
 .data          0x0000000080037b00        0x0 /usr/lib/n64/libultra_rom.a(bcopy.o)
 .data          0x0000000080037b00        0x0 /usr/lib/n64/libultra_rom.a(bzero.o)
 .data          0x0000000080037b00        0x0 /usr/lib/n64/libultra_rom.a(libm_vals.o)
 .data          0x0000000080037b00        0x0 /usr/lib/n64/libultra_rom.a(sqrtf.o)
 .data          0x0000000080037b00        0x0 /usr/lib/n64/libultra_rom.a(invalicache.o)
 .data          0x0000000080037b00        0x0 /usr/lib/n64/libultra_rom.a(writebackdcacheall.o)
 .data          0x0000000080037b00        0x0 /usr/lib/n64/libultra_rom.a(writebackdcache.o)
 .data          0x0000000080037b00        0x0 /usr/lib/n64/libultra_rom.a(devmgr.o)
 .data          0x0000000080037b00        0x0 /usr/lib/n64/libultra_rom.a(epirawdma.o)
 .data          0x0000000080037b00        0x0 /usr/lib/n64/libultra_rom.a(epirawread.o)
 .data          0x0000000080037b00        0x0 /usr/lib/n64/libultra_rom.a(epirawwrite.o)
 .data          0x0000000080037b00        0x0 /usr/lib/n64/libultra_rom.a(resetglobalintmask.o)
 .data          0x0000000080037b00        0x0 /usr/lib/n64/libultra_rom.a(setglobalintmask.o)
 .data          0x0000000080037b00        0x0 /usr/lib/n64/libultra_rom.a(kdebugserver.o)
 .data          0x0000000080037b00        0x0 /usr/lib/n64/libultra_rom.a(destroythread.o)
 .data          0x0000000080037b00        0x0 /usr/lib/n64/libultra_rom.a(yieldthread.o)
 .data          0x0000000080037b00        0x0 /usr/lib/n64/libultra_rom.a(sp.o)
 .data          0x0000000080037b00        0x0 /usr/lib/n64/libultra_rom.a(spgetstat.o)
 .data          0x0000000080037b00        0x0 /usr/lib/n64/libultra_rom.a(sprawdma.o)
 .data          0x0000000080037b00        0x0 /usr/lib/n64/libultra_rom.a(spsetstat.o)
 .data          0x0000000080037b00        0x0 /usr/lib/n64/libultra_rom.a(vigetcurrcontext.o)
 .data          0x0000000080037b00        0x0 /usr/lib/n64/libultra_rom.a(si.o)
 .data          0x0000000080037b00        0x0 /usr/lib/n64/libultra_rom.a(cosf.o)
 */libnustd.a:*.o(.data*)
 .data          0x0000000080037b00        0x0 /usr/lib/n64/libnustd.a(malloc.o)
 .data          0x0000000080037b00        0x0 /usr/lib/n64/libnustd.a(memset.o)
 .data          0x0000000080037b00        0x4 /usr/lib/n64/libnustd.a(initheap.o)
                0x0000000080037b00                malloc_ptr
 *fill*         0x0000000080037b04        0xc 
 .data          0x0000000080037b10        0x0 /usr/lib/n64/libnustd.a(_malloc.o)
 */libnusys.a:*.o(.data*)
 .data          0x0000000080037b10        0x0 /usr/lib/n64/nusys/libnusys.a(nugfxdisplayon.o)
 .data          0x0000000080037b10        0x0 /usr/lib/n64/nusys/libnusys.a(nugfxfuncset.o)
 .data          0x0000000080037b10      0x124 /usr/lib/n64/nusys/libnusys.a(nugfxinit_ex2.o)
 *fill*         0x0000000080037c34        0xc 
 .data          0x0000000080037c40        0x0 /usr/lib/n64/nusys/libnusys.a(nugfxsetcfb.o)
 .data          0x0000000080037c40        0x0 /usr/lib/n64/nusys/libnusys.a(nugfxsetucodefifo.o)
 .data          0x0000000080037c40        0x0 /usr/lib/n64/nusys/libnusys.a(nugfxswapcfb.o)
 .data          0x0000000080037c40        0x0 /usr/lib/n64/nusys/libnusys.a(nugfxswapcfbfuncset.o)
 .data          0x0000000080037c40        0x0 /usr/lib/n64/nusys/libnusys.a(nugfxtaskallendwait.o)
 .data          0x0000000080037c40        0x8 /usr/lib/n64/nusys/libnusys.a(nugfxtaskmgr.o)
                0x0000000080037c40                nuGfxUcodeFifoSize
                0x0000000080037c44                nuGfxCfbNum
 *fill*         0x0000000080037c48        0x8 
 .data          0x0000000080037c50        0x0 /usr/lib/n64/nusys/libnusys.a(nugfxthread.o)
 .data          0x0000000080037c50        0x0 /usr/lib/n64/nusys/libnusys.a(nupiinit.o)
 .data          0x0000000080037c50        0x0 /usr/lib/n64/nusys/libnusys.a(nurdpoutput.o)
 .data          0x0000000080037c50       0x11 /usr/lib/n64/nusys/libnusys.a(nusched.o)
                0x0000000080037c50                nuScRetraceCounter
                0x0000000080037c54                nuVersion
 *fill*         0x0000000080037c61        0xf 
 .data          0x0000000080037c70        0x0 /usr/lib/n64/nusys/libnusys.a(nuyieldbuf.o)
 .data          0x0000000080037c70        0x0 /usr/lib/n64/nusys/libnusys.a(nudramstack.o)
 .data          0x0000000080037c70        0x0 /usr/lib/n64/nusys/libnusys.a(nugfxdisplayoff.o)
 .data          0x0000000080037c70        0x0 /usr/lib/n64/nusys/libnusys.a(nugfxretracewait.o)
 */libnualstl_n.a:*.o(.data*)
 */libn_mus.a:*.o(.data*)
 */libn_audio_sc.a:*.o(.data*)
 */libswift*.a:*.o(.data*)
 /usr/lib/n64/PR/rspboot.o(.data*)
 .data          0x0000000080037c70        0x0 /usr/lib/n64/PR/rspboot.o
                0x0000000080037c70                rspbootDataEnd
                0x0000000080037c70                rspbootDataStart
 /usr/lib/n64/PR/aspMain.o(.data*)
 .data          0x0000000080037c70      0x2c0 /usr/lib/n64/PR/aspMain.o
                0x0000000080037c70                aspMainDataStart
                0x0000000080037f30                aspMainDataEnd
 /usr/lib/n64/PR/n_aspMain.o(.data*)
 .data          0x0000000080037f30      0x2b0 /usr/lib/n64/PR/n_aspMain.o
                0x0000000080037f30                n_aspMainDataStart
                0x00000000800381e0                n_aspMainDataEnd
 /usr/lib/n64/PR/gspF3DEX2.fifo.o(.data*)
 .data          0x00000000800381e0      0x420 /usr/lib/n64/PR/gspF3DEX2.fifo.o
                0x00000000800381e0                gspF3DEX2_fifoDataStart
                0x0000000080038600                gspF3DEX2_fifoDataEnd
 /usr/lib/n64/PR/gspL3DEX2.fifo.o(.data*)
 .data          0x0000000080038600      0x3f0 /usr/lib/n64/PR/gspL3DEX2.fifo.o
                0x0000000080038600                gspL3DEX2_fifoDataStart
                0x00000000800389f0                gspL3DEX2_fifoDataEnd
 /usr/lib/n64/PR/gspF3DEX2.Rej.fifo.o(.data*)
 .data          0x00000000800389f0      0x410 /usr/lib/n64/PR/gspF3DEX2.Rej.fifo.o
                0x00000000800389f0                gspF3DEX2_Rej_fifoDataStart
                0x0000000080038e00                gspF3DEX2_Rej_fifoDataEnd
 /usr/lib/n64/PR/gspF3DEX2.NoN.fifo.o(.data*)
 .data          0x0000000080038e00      0x420 /usr/lib/n64/PR/gspF3DEX2.NoN.fifo.o
                0x0000000080038e00                gspF3DEX2_NoN_fifoDataStart
                0x0000000080039220                gspF3DEX2_NoN_fifoDataEnd
 /usr/lib/n64/PR/gspF3DLX2.Rej.fifo.o(.data*)
 .data          0x0000000080039220      0x410 /usr/lib/n64/PR/gspF3DLX2.Rej.fifo.o
                0x0000000080039220                gspF3DLX2_Rej_fifoDataStart
                0x0000000080039630                gspF3DLX2_Rej_fifoDataEnd
 /usr/lib/n64/PR/gspS2DEX2.fifo.o(.data*)
 .data          0x0000000080039630      0x390 /usr/lib/n64/PR/gspS2DEX2.fifo.o
                0x0000000080039630                gspS2DEX2_fifoDataStart
                0x00000000800399c0                gspS2DEX2_fifoDataEnd
 /usr/lib/n64/nusys/nusys_rom.o(.*rodata*)
 build/src*.o(.*rodata*)
 .rodata        0x00000000800399c0       0x1c build/src/stage1.o
 build/swiftlib.o(.rodata*)
 *fill*         0x00000000800399dc        0x4 
 .rodata.cst8   0x00000000800399e0       0x10 build/swiftlib.o
                                         0x18 (size before relaxing)
 .rodata.cst4   0x00000000800399f0        0x4 build/swiftlib.o
 */libultra_rom.a:*.o(.*rodata*)
 *fill*         0x00000000800399f4        0xc 
 .rodata.cst4   0x0000000080039a00        0x4 /usr/lib/n64/libultra_rom.a(viswapcontext.o)
 *fill*         0x0000000080039a04        0xc 
 .rodata.cst4   0x0000000080039a10        0x4 /usr/lib/n64/libultra_rom.a(lookat.o)
                                          0x8 (size before relaxing)
 *fill*         0x0000000080039a14        0xc 
 .rodata.cst4   0x0000000080039a20        0x8 /usr/lib/n64/libultra_rom.a(mtxutil.o)
                                          0xc (size before relaxing)
 *fill*         0x0000000080039a28        0x8 
 .rodata.cst8   0x0000000080039a30       0x18 /usr/lib/n64/libultra_rom.a(perspective.o)
 *fill*         0x0000000080039a48        0x8 
 .rodata.cst4   0x0000000080039a50        0x8 /usr/lib/n64/libultra_rom.a(perspective.o)
                                          0xc (size before relaxing)
 *fill*         0x0000000080039a58        0x8 
 .rodata.cst4   0x0000000080039a60        0x4 /usr/lib/n64/libultra_rom.a(position.o)
                                          0x8 (size before relaxing)
 *fill*         0x0000000080039a64        0xc 
 .rodata.cst8   0x0000000080039a70       0x40 /usr/lib/n64/libultra_rom.a(sinf.o)
 .rodata        0x0000000080039ab0       0x44 /usr/lib/n64/libultra_rom.a(exceptasm.o)
 *fill*         0x0000000080039af4        0xc 
 .rodata        0x0000000080039b00       0x80 /usr/lib/n64/libultra_rom.a(setintmask.o)
                0x0000000080039b00                __osRcpImTable
 .rodata        0x0000000080039b80        0x4 /usr/lib/n64/libultra_rom.a(libm_vals.o)
                0x0000000080039b80                __libm_qnan_f
 *fill*         0x0000000080039b84        0xc 
 .rodata        0x0000000080039b90       0x1c /usr/lib/n64/libultra_rom.a(devmgr.o)
 .rodata.cst8   0x0000000080039bac       0x40 /usr/lib/n64/libultra_rom.a(cosf.o)
 */libnustd.a:*.o(*.rodata*)
 */libnusys.a:*.o(.*rodata*)
 *fill*         0x0000000080039bac        0x4 
 .rodata.cst4   0x0000000080039bb0        0x4 /usr/lib/n64/nusys/libnusys.a(nusched.o)
 */libnualstl_n.a:*.o(.*rodata*)
 */libn_mus.a:*.o(.*rodata*)
 */libn_audio_sc.a:*.o(.*rodata*)
 */libgcc.a:*.o(.*rodata*)
 */libswift*.a:*.o(.*rodata*)
                0x0000000080039bb4                _codeSegmentEnd = (ADDR (.code) + SIZEOF (.code))
                0x0000000000014fb4                _codeSegmentRomEnd = (__romPos + SIZEOF (.code))
                0x0000000000014fb4                __romPos = (__romPos + SIZEOF (.code))
                0x0000000080039c00                _codeSegmentBssStart = ADDR (.code.noload)

.text           0x0000000080039bb4        0x0 load address 0x0000000000014fb4
 .text          0x0000000080039bb4        0x0 build/asm/entry.o

.text._swift_exceptionPersonality
                0x0000000080039bb8       0x14 load address 0x0000000000014fb8
 .text._swift_exceptionPersonality
                0x0000000080039bb8       0x14 build/swiftlib.o
                0x0000000080039bb8                _swift_exceptionPersonality

.text._swift_fatalError
                0x0000000080039bd0       0x2c load address 0x0000000000014fd0
 .text._swift_fatalError
                0x0000000080039bd0       0x2c build/swiftlib.o
                0x0000000080039bd0                _swift_fatalError

.rel.dyn        0x0000000080039bfc        0x0 load address 0x0000000000014ffc
 .rel.dyn       0x0000000080039bfc        0x0 /usr/lib/n64/nusys/libnusys.a(nugfxinit_ex2.o)

.data           0x0000000080039bfc        0x0 load address 0x0000000000014ffc
 .data          0x0000000080039bfc        0x0 build/asm/rom_header.o
 .data          0x0000000080039bfc        0x0 build/asm/entry.o

.code.noload    0x0000000080039c00    0x3b1a0 load address 0x0000000000015000
 /usr/lib/n64/nusys/nusys_rom.o(COMMON)
 /usr/lib/n64/nusys/nusys_rom.o(.scommon)
 /usr/lib/n64/nusys/nusys_rom.o(.*bss*)
 .bss           0x0000000080039c00     0x4370 /usr/lib/n64/nusys/nusys_rom.o
                0x0000000080039c00                nuIdleFunc
                0x0000000080039c10                nuMainStack
 build/src*.o(.*bss*)
 .bss           0x000000008003df70     0x8604 build/src/gfx_statics.o
                0x000000008003df70                gfx_tasks
                0x0000000080046570                gfx_list_ptr
 .bss           0x0000000080046574        0x0 build/src/main.o
 .bss           0x0000000080046574       0x14 build/src/stage1.o
                0x0000000080046574                box_rotation_roll
                0x0000000080046578                box_rotation_pitch
 .bss           0x0000000080046588        0x0 build/src/swift_stubs.o
 build/swiftlib.o(.bss*)
 *fill*         0x0000000080046588        0x8 
 .bss           0x0000000080046590        0xd build/swiftlib.o
                0x0000000080046590                _swift_embedded_error_metadata_storage
 */libultra_rom.a:*.o(COMMON)
 */libultra_rom.a:*.o(.scommon)
 */libultra_rom.a:*.o(.*bss*)
 .bss           0x000000008004659d        0x0 /usr/lib/n64/libultra_rom.a(afterprenmi.o)
 *fill*         0x000000008004659d        0x3 
 .bss           0x00000000800465a0        0x8 /usr/lib/n64/libultra_rom.a(initialize.o)
                0x00000000800465a0                __osFinalrom
                0x00000000800465a4                __osShutdown
 .bss           0x00000000800465a8       0x74 /usr/lib/n64/libultra_rom.a(cartrominit.o)
                0x00000000800465a8                __CartRomHandle
 *fill*         0x000000008004661c        0x4 
 .bss           0x0000000080046620       0x20 /usr/lib/n64/libultra_rom.a(piacs.o)
                0x0000000080046620                __osPiAccessQueue
                0x0000000080046638                __osPiAccessQueueEnabled
 .bss           0x0000000080046640     0x12e0 /usr/lib/n64/libultra_rom.a(pimgr.o)
                0x0000000080046640                __Dom2SpeedParam
                0x00000000800466b8                __Dom1SpeedParam
                0x000000008004672c                __osPiTable
                0x0000000080046730                __osPiDevMgr
 .bss           0x0000000080047920        0x0 /usr/lib/n64/libultra_rom.a(pirawdma.o)
 .bss           0x0000000080047920        0x0 /usr/lib/n64/libultra_rom.a(createthread.o)
 .bss           0x0000000080047920        0x0 /usr/lib/n64/libultra_rom.a(getthreadpri.o)
 .bss           0x0000000080047920        0x0 /usr/lib/n64/libultra_rom.a(setthreadpri.o)
 .bss           0x0000000080047920        0x0 /usr/lib/n64/libultra_rom.a(startthread.o)
 .bss           0x0000000080047920        0x8 /usr/lib/n64/libultra_rom.a(thread.o)
                0x0000000080047920                __osFaultedThread
                0x0000000080047924                __osRunningThread
 .bss           0x0000000080047928        0x0 /usr/lib/n64/libultra_rom.a(spsetpc.o)
 .bss           0x0000000080047928       0x40 /usr/lib/n64/libultra_rom.a(sptask.o)
 .bss           0x0000000080047968        0x0 /usr/lib/n64/libultra_rom.a(sptaskyield.o)
 .bss           0x0000000080047968        0x0 /usr/lib/n64/libultra_rom.a(sptaskyielded.o)
 .bss           0x0000000080047968        0x0 /usr/lib/n64/libultra_rom.a(string.o)
 .bss           0x0000000080047968        0x0 /usr/lib/n64/libultra_rom.a(createmesgqueue.o)
 .bss           0x0000000080047968        0x0 /usr/lib/n64/libultra_rom.a(recvmesg.o)
 .bss           0x0000000080047968        0x0 /usr/lib/n64/libultra_rom.a(sendmesg.o)
 .bss           0x0000000080047968       0x80 /usr/lib/n64/libultra_rom.a(seteventmesg.o)
                0x0000000080047968                __osPreNMI
                0x0000000080047970                __osEventStateTab
 .bss           0x00000000800479e8        0x0 /usr/lib/n64/libultra_rom.a(virtualtophysical.o)
 .bss           0x00000000800479e8        0x0 /usr/lib/n64/libultra_rom.a(viblack.o)
 .bss           0x00000000800479e8       0x60 /usr/lib/n64/libultra_rom.a(vi.o)
 .bss           0x0000000080047a48        0x0 /usr/lib/n64/libultra_rom.a(vigetcurrframebuf.o)
 .bss           0x0000000080047a48        0x0 /usr/lib/n64/libultra_rom.a(vigetnextframebuf.o)
 *fill*         0x0000000080047a48        0x8 
 .bss           0x0000000080047a50     0x1240 /usr/lib/n64/libultra_rom.a(vimgr.o)
                0x0000000080047a50                __additional_scanline
                0x0000000080047a54                __osViDevMgr
 .bss           0x0000000080048c90        0x0 /usr/lib/n64/libultra_rom.a(visetevent.o)
 .bss           0x0000000080048c90        0x0 /usr/lib/n64/libultra_rom.a(visetmode.o)
 .bss           0x0000000080048c90        0x0 /usr/lib/n64/libultra_rom.a(visetspecial.o)
 .bss           0x0000000080048c90        0x0 /usr/lib/n64/libultra_rom.a(visetyscale.o)
 .bss           0x0000000080048c90        0x0 /usr/lib/n64/libultra_rom.a(viswapbuf.o)
 .bss           0x0000000080048c90        0x0 /usr/lib/n64/libultra_rom.a(viswapcontext.o)
 .bss           0x0000000080048c90        0x0 /usr/lib/n64/libultra_rom.a(vitbl.o)
 .bss           0x0000000080048c90       0x38 /usr/lib/n64/libultra_rom.a(timerintr.o)
                0x0000000080048c90                __osBaseTimer
                0x0000000080048cb0                __osTimerCounter
                0x0000000080048cb4                __osViIntrCount
                0x0000000080048cb8                __osBaseCounter
                0x0000000080048cc0                __osCurrentTime
 .bss           0x0000000080048cc8        0x0 /usr/lib/n64/libultra_rom.a(sirawread.o)
 .bss           0x0000000080048cc8        0x0 /usr/lib/n64/libultra_rom.a(sirawwrite.o)
 .bss           0x0000000080048cc8        0x0 /usr/lib/n64/libultra_rom.a(lookat.o)
 .bss           0x0000000080048cc8        0x0 /usr/lib/n64/libultra_rom.a(mtxutil.o)
 .bss           0x0000000080048cc8        0x0 /usr/lib/n64/libultra_rom.a(perspective.o)
 .bss           0x0000000080048cc8        0x0 /usr/lib/n64/libultra_rom.a(position.o)
 .bss           0x0000000080048cc8        0x0 /usr/lib/n64/libultra_rom.a(sinf.o)
 .bss           0x0000000080048cc8        0x0 /usr/lib/n64/libultra_rom.a(vimodempallan1.o)
 .bss           0x0000000080048cc8        0x0 /usr/lib/n64/libultra_rom.a(vimodentsclan1.o)
 .bss           0x0000000080048cc8        0x0 /usr/lib/n64/libultra_rom.a(vimodepallan1.o)
 .bss           0x0000000080048cc8        0x0 /usr/lib/n64/libultra_rom.a(parameters.o)
 .bss           0x0000000080048cc8        0x0 /usr/lib/n64/libultra_rom.a(exceptasm.o)
 .bss           0x0000000080048cc8        0x0 /usr/lib/n64/libultra_rom.a(interrupt.o)
 .bss           0x0000000080048cc8        0x0 /usr/lib/n64/libultra_rom.a(setintmask.o)
 .bss           0x0000000080048cc8        0x0 /usr/lib/n64/libultra_rom.a(maptlbrdb.o)
 .bss           0x0000000080048cc8        0x0 /usr/lib/n64/libultra_rom.a(probetlb.o)
 .bss           0x0000000080048cc8        0x0 /usr/lib/n64/libultra_rom.a(unmaptlball.o)
 .bss           0x0000000080048cc8        0x0 /usr/lib/n64/libultra_rom.a(getcause.o)
 .bss           0x0000000080048cc8        0x0 /usr/lib/n64/libultra_rom.a(getcount.o)
 .bss           0x0000000080048cc8        0x0 /usr/lib/n64/libultra_rom.a(getsr.o)
 .bss           0x0000000080048cc8        0x0 /usr/lib/n64/libultra_rom.a(setcompare.o)
 .bss           0x0000000080048cc8        0x0 /usr/lib/n64/libultra_rom.a(setfpccsr.o)
 .bss           0x0000000080048cc8        0x0 /usr/lib/n64/libultra_rom.a(setsr.o)
 .bss           0x0000000080048cc8        0x0 /usr/lib/n64/libultra_rom.a(setwatchlo.o)
 .bss           0x0000000080048cc8        0x0 /usr/lib/n64/libultra_rom.a(bcopy.o)
 .bss           0x0000000080048cc8        0x0 /usr/lib/n64/libultra_rom.a(bzero.o)
 .bss           0x0000000080048cc8        0x0 /usr/lib/n64/libultra_rom.a(libm_vals.o)
 .bss           0x0000000080048cc8        0x0 /usr/lib/n64/libultra_rom.a(sqrtf.o)
 .bss           0x0000000080048cc8        0x0 /usr/lib/n64/libultra_rom.a(invalicache.o)
 .bss           0x0000000080048cc8        0x0 /usr/lib/n64/libultra_rom.a(writebackdcacheall.o)
 .bss           0x0000000080048cc8        0x0 /usr/lib/n64/libultra_rom.a(writebackdcache.o)
 .bss           0x0000000080048cc8        0x0 /usr/lib/n64/libultra_rom.a(devmgr.o)
 .bss           0x0000000080048cc8        0x0 /usr/lib/n64/libultra_rom.a(epirawdma.o)
 .bss           0x0000000080048cc8        0x0 /usr/lib/n64/libultra_rom.a(epirawread.o)
 .bss           0x0000000080048cc8        0x0 /usr/lib/n64/libultra_rom.a(epirawwrite.o)
 .bss           0x0000000080048cc8        0x0 /usr/lib/n64/libultra_rom.a(resetglobalintmask.o)
 .bss           0x0000000080048cc8        0x0 /usr/lib/n64/libultra_rom.a(setglobalintmask.o)
 .bss           0x0000000080048cc8      0x1b0 /usr/lib/n64/libultra_rom.a(kdebugserver.o)
                0x0000000080048cc8                __osThreadSave
 .bss           0x0000000080048e78        0x0 /usr/lib/n64/libultra_rom.a(destroythread.o)
 .bss           0x0000000080048e78        0x0 /usr/lib/n64/libultra_rom.a(yieldthread.o)
 .bss           0x0000000080048e78        0x0 /usr/lib/n64/libultra_rom.a(sp.o)
 .bss           0x0000000080048e78        0x0 /usr/lib/n64/libultra_rom.a(spgetstat.o)
 .bss           0x0000000080048e78        0x0 /usr/lib/n64/libultra_rom.a(sprawdma.o)
 .bss           0x0000000080048e78        0x0 /usr/lib/n64/libultra_rom.a(spsetstat.o)
 .bss           0x0000000080048e78        0x0 /usr/lib/n64/libultra_rom.a(vigetcurrcontext.o)
 .bss           0x0000000080048e78        0x0 /usr/lib/n64/libultra_rom.a(si.o)
 .bss           0x0000000080048e78        0x0 /usr/lib/n64/libultra_rom.a(cosf.o)
 */libnustd.a:*.o(COMMON)
 */libnustd.a:*.o(.scommon)
 */libnustd.a:*.o(.*bss*)
 .bss           0x0000000080048e78        0x0 /usr/lib/n64/libnustd.a(malloc.o)
 .bss           0x0000000080048e78        0x0 /usr/lib/n64/libnustd.a(memset.o)
 .bss           0x0000000080048e78        0x0 /usr/lib/n64/libnustd.a(initheap.o)
 .bss           0x0000000080048e78        0x0 /usr/lib/n64/libnustd.a(_malloc.o)
 */libnusys.a:*.o(COMMON)
 */libnusys.a:*.o(.scommon)
 */libnusys.a:*.o(.*bss*)
 .bss           0x0000000080048e78        0x0 /usr/lib/n64/nusys/libnusys.a(nugfxdisplayon.o)
 .bss           0x0000000080048e78        0x0 /usr/lib/n64/nusys/libnusys.a(nugfxfuncset.o)
 .bss           0x0000000080048e78        0x0 /usr/lib/n64/nusys/libnusys.a(nugfxinit_ex2.o)
 .bss           0x0000000080048e78        0x0 /usr/lib/n64/nusys/libnusys.a(nugfxsetcfb.o)
 .bss           0x0000000080048e78        0x0 /usr/lib/n64/nusys/libnusys.a(nugfxsetucodefifo.o)
 .bss           0x0000000080048e78        0x0 /usr/lib/n64/nusys/libnusys.a(nugfxswapcfb.o)
 .bss           0x0000000080048e78        0x0 /usr/lib/n64/nusys/libnusys.a(nugfxswapcfbfuncset.o)
 .bss           0x0000000080048e78        0x0 /usr/lib/n64/nusys/libnusys.a(nugfxtaskallendwait.o)
 *fill*         0x0000000080048e78        0x8 
 .bss           0x0000000080048e80     0x2598 /usr/lib/n64/nusys/libnusys.a(nugfxtaskmgr.o)
                0x0000000080048e80                nuGfxTaskEndFunc
                0x0000000080048e84                nuGfxSwapCfbFunc
                0x0000000080048e88                nuGfxUcodeFifoPtr
                0x0000000080048e8c                nuGfxCfbCounter
                0x0000000080048e90                nuGfxDisplay
                0x0000000080048e94                nuGfxZBuffer
                0x0000000080048e98                nuGfxCfb_ptr
                0x0000000080048e9c                nuGfxCfb
                0x0000000080048ea0                nuGfxTaskMgrMesgQ
                0x0000000080048eb8                nuGfxTaskSpool
                0x0000000080048ec0                nuGfxTask
                0x0000000080049230                nuGfxUcode
 *fill*         0x000000008004b418        0x8 
 .bss           0x000000008004b420     0x21f0 /usr/lib/n64/nusys/libnusys.a(nugfxthread.o)
                0x000000008004b420                nuGfxThread
                0x000000008004b5d0                nuGfxMesgQ
                0x000000008004b5e8                nuGfxPreNMIFunc
                0x000000008004b5ec                nuGfxFunc
 .bss           0x000000008004d610       0xe8 /usr/lib/n64/nusys/libnusys.a(nupiinit.o)
                0x000000008004d610                nuPiCartHandle
 *fill*         0x000000008004d6f8        0x8 
 .bss           0x000000008004d700    0x20000 /usr/lib/n64/nusys/libnusys.a(nurdpoutput.o)
                0x000000008004d700                nuRDPOutputBuf
 .bss           0x000000008006d700     0x6690 /usr/lib/n64/nusys/libnusys.a(nusched.o)
                0x000000008006d700                nuScPreNMIFlag
                0x000000008006d704                nuScPreNMIFunc
                0x000000008006d710                nusched
 .bss           0x0000000080073d90      0xc10 /usr/lib/n64/nusys/libnusys.a(nuyieldbuf.o)
                0x0000000080073d90                nuYieldBuf
 .bss           0x00000000800749a0      0x400 /usr/lib/n64/nusys/libnusys.a(nudramstack.o)
                0x00000000800749a0                nuDramStack
 .bss           0x0000000080074da0        0x0 /usr/lib/n64/nusys/libnusys.a(nugfxdisplayoff.o)
 .bss           0x0000000080074da0        0x0 /usr/lib/n64/nusys/libnusys.a(nugfxretracewait.o)
 */libnualstl_n.a:*.o(COMMON)
 */libnualstl_n.a:*.o(.scommon)
 */libnualstl_n.a:*.o(.*bss*)
 */libn_mus.a:*.o(COMMON)
 */libn_mus.a:*.o(.scommon)
 */libn_mus.a:*.o(.*bss*)
 */libn_audio_sc.a:*.o(COMMON)
 */libn_audio_sc.a:*.o(.scommon)
 */libn_audio_sc.a:*.o(.*bss*)
 */libswift*.a:*.o(COMMON)
 */libswift*.a:*.o(.scommon)
 */libswift*.a:*.o(.*bss*)
                0x0000000080074da0                _codeSegmentBssEnd = (ADDR (.code.noload) + SIZEOF (.code.noload))
                0x000000000003b1a0                _codeSegmentBssSize = SIZEOF (.code.noload)
LOAD /usr/lib/n64/nusys/nusys_rom.o
LOAD build/src/gfx_statics.o
LOAD build/src/main.o
LOAD build/src/stage1.o
LOAD build/src/swift_stubs.o
LOAD build/asm/entry.o
LOAD build/asm/rom_header.o
LOAD build/boot.6102.o
LOAD build/swiftlib.o
LOAD /workspace/swift-libs/mips-none-none-elf/libswiftEmbeddedPlatformPOSIX.a
LOAD /workspace/swift-libs/mips-none-none-elf/libswiftExclusivitySingleThreaded.a
LOAD /workspace/swift-libs/mips-none-none-elf/libswiftUnicodeDataTables.a
LOAD /usr/lib/n64/nusys/libnualstl_n.a
LOAD /usr/lib/n64/libn_mus.a
LOAD /usr/lib/n64/libn_audio_sc.a
LOAD /usr/lib/n64/nusys/libnusys.a
LOAD /usr/lib/n64/libn_audio.a
LOAD /usr/lib/n64/libultra_rom.a
LOAD /usr/lib/n64/libnustd.a
LOAD /opt/crashsdk/lib/gcc/mips64-elf/12.2.0/libgcc.a
LOAD /usr/lib/n64/PR/rspboot.o
LOAD /usr/lib/n64/PR/aspMain.o
LOAD /usr/lib/n64/PR/n_aspMain.o
LOAD /usr/lib/n64/PR/gspF3DEX2.fifo.o
LOAD /usr/lib/n64/PR/gspL3DEX2.fifo.o
LOAD /usr/lib/n64/PR/gspF3DEX2.Rej.fifo.o
LOAD /usr/lib/n64/PR/gspF3DEX2.NoN.fifo.o
LOAD /usr/lib/n64/PR/gspF3DLX2.Rej.fifo.o
LOAD /usr/lib/n64/PR/gspS2DEX2.fifo.o
OUTPUT(build/calling-swift-from-c.elf elf32-bigmips)

.bss            0x0000000080074da0        0x0 load address 0x00000000000501a0
 .bss           0x0000000080074da0        0x0 build/asm/rom_header.o
 .bss           0x0000000080074da0        0x0 build/asm/entry.o

.reginfo        0x0000000000000000       0x18
 .reginfo       0x0000000000000000       0x18 build/asm/rom_header.o

.pdr            0x0000000000000000     0x1b20
 .pdr           0x0000000000000000        0x0 build/asm/rom_header.o
 .pdr           0x0000000000000000        0x0 build/asm/entry.o
 .pdr           0x0000000000000000       0x40 /usr/lib/n64/nusys/nusys_rom.o
 .pdr           0x0000000000000040      0x900 build/swiftlib.o
 .pdr           0x0000000000000940        0x0 build/src/gfx_statics.o
 .pdr           0x0000000000000940       0x20 build/src/main.o
 .pdr           0x0000000000000960       0xa0 build/src/stage1.o
 .pdr           0x0000000000000a00       0x60 build/src/swift_stubs.o
 .pdr           0x0000000000000a60       0x20 /usr/lib/n64/nusys/libnusys.a(nugfxdisplayon.o)
 .pdr           0x0000000000000a80       0x20 /usr/lib/n64/nusys/libnusys.a(nugfxfuncset.o)
 .pdr           0x0000000000000aa0       0x20 /usr/lib/n64/nusys/libnusys.a(nugfxinit_ex2.o)
 .pdr           0x0000000000000ac0       0x20 /usr/lib/n64/nusys/libnusys.a(nugfxsetcfb.o)
 .pdr           0x0000000000000ae0       0x20 /usr/lib/n64/nusys/libnusys.a(nugfxsetucodefifo.o)
 .pdr           0x0000000000000b00       0x20 /usr/lib/n64/nusys/libnusys.a(nugfxswapcfb.o)
 .pdr           0x0000000000000b20       0x20 /usr/lib/n64/nusys/libnusys.a(nugfxswapcfbfuncset.o)
 .pdr           0x0000000000000b40       0x20 /usr/lib/n64/nusys/libnusys.a(nugfxtaskallendwait.o)
 .pdr           0x0000000000000b60       0x60 /usr/lib/n64/nusys/libnusys.a(nugfxtaskmgr.o)
 .pdr           0x0000000000000bc0       0x40 /usr/lib/n64/nusys/libnusys.a(nugfxthread.o)
 .pdr           0x0000000000000c00       0x20 /usr/lib/n64/nusys/libnusys.a(nupiinit.o)
 .pdr           0x0000000000000c20        0x0 /usr/lib/n64/nusys/libnusys.a(nurdpoutput.o)
 .pdr           0x0000000000000c20      0x180 /usr/lib/n64/nusys/libnusys.a(nusched.o)
 .pdr           0x0000000000000da0        0x0 /usr/lib/n64/nusys/libnusys.a(nuyieldbuf.o)
 .pdr           0x0000000000000da0        0x0 /usr/lib/n64/nusys/libnusys.a(nudramstack.o)
 .pdr           0x0000000000000da0       0x20 /usr/lib/n64/nusys/libnusys.a(nugfxdisplayoff.o)
 .pdr           0x0000000000000dc0       0x20 /usr/lib/n64/nusys/libnusys.a(nugfxretracewait.o)
 .pdr           0x0000000000000de0       0x20 /usr/lib/n64/libultra_rom.a(afterprenmi.o)
 .pdr           0x0000000000000e00       0x60 /usr/lib/n64/libultra_rom.a(initialize.o)
 .pdr           0x0000000000000e60       0x20 /usr/lib/n64/libultra_rom.a(cartrominit.o)
 .pdr           0x0000000000000e80       0x60 /usr/lib/n64/libultra_rom.a(piacs.o)
 .pdr           0x0000000000000ee0       0x20 /usr/lib/n64/libultra_rom.a(pimgr.o)
 .pdr           0x0000000000000f00       0x20 /usr/lib/n64/libultra_rom.a(pirawdma.o)
 .pdr           0x0000000000000f20       0x20 /usr/lib/n64/libultra_rom.a(createthread.o)
 .pdr           0x0000000000000f40       0x20 /usr/lib/n64/libultra_rom.a(getthreadpri.o)
 .pdr           0x0000000000000f60       0x20 /usr/lib/n64/libultra_rom.a(setthreadpri.o)
 .pdr           0x0000000000000f80       0x20 /usr/lib/n64/libultra_rom.a(startthread.o)
 .pdr           0x0000000000000fa0       0x20 /usr/lib/n64/libultra_rom.a(thread.o)
 .pdr           0x0000000000000fc0       0x20 /usr/lib/n64/libultra_rom.a(spsetpc.o)
 .pdr           0x0000000000000fe0       0x40 /usr/lib/n64/libultra_rom.a(sptask.o)
 .pdr           0x0000000000001020       0x20 /usr/lib/n64/libultra_rom.a(sptaskyield.o)
 .pdr           0x0000000000001040       0x20 /usr/lib/n64/libultra_rom.a(sptaskyielded.o)
 .pdr           0x0000000000001060       0x60 /usr/lib/n64/libultra_rom.a(string.o)
 .pdr           0x00000000000010c0       0x20 /usr/lib/n64/libultra_rom.a(createmesgqueue.o)
 .pdr           0x00000000000010e0       0x20 /usr/lib/n64/libultra_rom.a(recvmesg.o)
 .pdr           0x0000000000001100       0x20 /usr/lib/n64/libultra_rom.a(sendmesg.o)
 .pdr           0x0000000000001120       0x20 /usr/lib/n64/libultra_rom.a(seteventmesg.o)
 .pdr           0x0000000000001140       0x20 /usr/lib/n64/libultra_rom.a(virtualtophysical.o)
 .pdr           0x0000000000001160       0x20 /usr/lib/n64/libultra_rom.a(viblack.o)
 .pdr           0x0000000000001180       0x20 /usr/lib/n64/libultra_rom.a(vi.o)
 .pdr           0x00000000000011a0       0x20 /usr/lib/n64/libultra_rom.a(vigetcurrframebuf.o)
 .pdr           0x00000000000011c0       0x20 /usr/lib/n64/libultra_rom.a(vigetnextframebuf.o)
 .pdr           0x00000000000011e0       0x40 /usr/lib/n64/libultra_rom.a(vimgr.o)
 .pdr           0x0000000000001220       0x20 /usr/lib/n64/libultra_rom.a(visetevent.o)
 .pdr           0x0000000000001240       0x20 /usr/lib/n64/libultra_rom.a(visetmode.o)
 .pdr           0x0000000000001260       0x20 /usr/lib/n64/libultra_rom.a(visetspecial.o)
 .pdr           0x0000000000001280       0x20 /usr/lib/n64/libultra_rom.a(visetyscale.o)
 .pdr           0x00000000000012a0       0x20 /usr/lib/n64/libultra_rom.a(viswapbuf.o)
 .pdr           0x00000000000012c0       0x20 /usr/lib/n64/libultra_rom.a(viswapcontext.o)
 .pdr           0x00000000000012e0        0x0 /usr/lib/n64/libultra_rom.a(vitbl.o)
 .pdr           0x00000000000012e0       0x80 /usr/lib/n64/libultra_rom.a(timerintr.o)
 .pdr           0x0000000000001360       0x20 /usr/lib/n64/libultra_rom.a(sirawread.o)
 .pdr           0x0000000000001380       0x20 /usr/lib/n64/libultra_rom.a(sirawwrite.o)
 .pdr           0x00000000000013a0       0x40 /usr/lib/n64/libultra_rom.a(lookat.o)
 .pdr           0x00000000000013e0       0x80 /usr/lib/n64/libultra_rom.a(mtxutil.o)
 .pdr           0x0000000000001460       0x40 /usr/lib/n64/libultra_rom.a(perspective.o)
 .pdr           0x00000000000014a0       0x40 /usr/lib/n64/libultra_rom.a(position.o)
 .pdr           0x00000000000014e0       0x20 /usr/lib/n64/libultra_rom.a(sinf.o)
 .pdr           0x0000000000001500        0x0 /usr/lib/n64/libultra_rom.a(vimodempallan1.o)
 .pdr           0x0000000000001500        0x0 /usr/lib/n64/libultra_rom.a(vimodentsclan1.o)
 .pdr           0x0000000000001500        0x0 /usr/lib/n64/libultra_rom.a(vimodepallan1.o)
 .pdr           0x0000000000001500        0x0 /usr/lib/n64/libultra_rom.a(parameters.o)
 .pdr           0x0000000000001500      0x140 /usr/lib/n64/libultra_rom.a(exceptasm.o)
 .pdr           0x0000000000001640       0x40 /usr/lib/n64/libultra_rom.a(interrupt.o)
 .pdr           0x0000000000001680       0x20 /usr/lib/n64/libultra_rom.a(setintmask.o)
 .pdr           0x00000000000016a0       0x20 /usr/lib/n64/libultra_rom.a(maptlbrdb.o)
 .pdr           0x00000000000016c0       0x20 /usr/lib/n64/libultra_rom.a(probetlb.o)
 .pdr           0x00000000000016e0       0x20 /usr/lib/n64/libultra_rom.a(unmaptlball.o)
 .pdr           0x0000000000001700       0x20 /usr/lib/n64/libultra_rom.a(getcause.o)
 .pdr           0x0000000000001720       0x20 /usr/lib/n64/libultra_rom.a(getcount.o)
 .pdr           0x0000000000001740       0x20 /usr/lib/n64/libultra_rom.a(getsr.o)
 .pdr           0x0000000000001760       0x20 /usr/lib/n64/libultra_rom.a(setcompare.o)
 .pdr           0x0000000000001780       0x20 /usr/lib/n64/libultra_rom.a(setfpccsr.o)
 .pdr           0x00000000000017a0       0x20 /usr/lib/n64/libultra_rom.a(setsr.o)
 .pdr           0x00000000000017c0       0x20 /usr/lib/n64/libultra_rom.a(setwatchlo.o)
 .pdr           0x00000000000017e0       0x20 /usr/lib/n64/libultra_rom.a(bcopy.o)
 .pdr           0x0000000000001800       0x20 /usr/lib/n64/libultra_rom.a(bzero.o)
 .pdr           0x0000000000001820        0x0 /usr/lib/n64/libultra_rom.a(libm_vals.o)
 .pdr           0x0000000000001820       0x20 /usr/lib/n64/libultra_rom.a(sqrtf.o)
 .pdr           0x0000000000001840       0x20 /usr/lib/n64/libultra_rom.a(invalicache.o)
 .pdr           0x0000000000001860       0x20 /usr/lib/n64/libultra_rom.a(writebackdcacheall.o)
 .pdr           0x0000000000001880       0x20 /usr/lib/n64/libultra_rom.a(writebackdcache.o)
 .pdr           0x00000000000018a0       0x20 /usr/lib/n64/libultra_rom.a(devmgr.o)
 .pdr           0x00000000000018c0       0x20 /usr/lib/n64/libultra_rom.a(epirawdma.o)
 .pdr           0x00000000000018e0       0x20 /usr/lib/n64/libultra_rom.a(epirawread.o)
 .pdr           0x0000000000001900       0x20 /usr/lib/n64/libultra_rom.a(epirawwrite.o)
 .pdr           0x0000000000001920       0x20 /usr/lib/n64/libultra_rom.a(resetglobalintmask.o)
 .pdr           0x0000000000001940       0x20 /usr/lib/n64/libultra_rom.a(setglobalintmask.o)
 .pdr           0x0000000000001960        0x0 /usr/lib/n64/libultra_rom.a(kdebugserver.o)
 .pdr           0x0000000000001960       0x20 /usr/lib/n64/libultra_rom.a(destroythread.o)
 .pdr           0x0000000000001980       0x20 /usr/lib/n64/libultra_rom.a(yieldthread.o)
 .pdr           0x00000000000019a0       0x20 /usr/lib/n64/libultra_rom.a(sp.o)
 .pdr           0x00000000000019c0       0x20 /usr/lib/n64/libultra_rom.a(spgetstat.o)
 .pdr           0x00000000000019e0       0x20 /usr/lib/n64/libultra_rom.a(sprawdma.o)
 .pdr           0x0000000000001a00       0x20 /usr/lib/n64/libultra_rom.a(spsetstat.o)
 .pdr           0x0000000000001a20       0x20 /usr/lib/n64/libultra_rom.a(vigetcurrcontext.o)
 .pdr           0x0000000000001a40       0x20 /usr/lib/n64/libultra_rom.a(si.o)
 .pdr           0x0000000000001a60       0x20 /usr/lib/n64/libultra_rom.a(cosf.o)
 .pdr           0x0000000000001a80       0x20 /usr/lib/n64/libnustd.a(malloc.o)
 .pdr           0x0000000000001aa0       0x20 /usr/lib/n64/libnustd.a(memset.o)
 .pdr           0x0000000000001ac0       0x40 /usr/lib/n64/libnustd.a(initheap.o)
 .pdr           0x0000000000001b00       0x20 /usr/lib/n64/libnustd.a(_malloc.o)

.gnu.attributes
                0x0000000000000000       0x10
 .gnu.attributes
                0x0000000000000000       0x10 build/asm/rom_header.o
 .gnu.attributes
                0x0000000000000010       0x10 build/asm/entry.o
 .gnu.attributes
                0x0000000000000020       0x10 /usr/lib/n64/nusys/nusys_rom.o
 .gnu.attributes
                0x0000000000000030       0x10 build/src/gfx_statics.o
 .gnu.attributes
                0x0000000000000040       0x10 build/src/main.o
 .gnu.attributes
                0x0000000000000050       0x10 build/src/stage1.o
 .gnu.attributes
                0x0000000000000060       0x10 build/src/swift_stubs.o
 .gnu.attributes
                0x0000000000000070       0x10 /usr/lib/n64/nusys/libnusys.a(nugfxdisplayon.o)
 .gnu.attributes
                0x0000000000000080       0x10 /usr/lib/n64/nusys/libnusys.a(nugfxfuncset.o)
 .gnu.attributes
                0x0000000000000090       0x10 /usr/lib/n64/nusys/libnusys.a(nugfxinit_ex2.o)
 .gnu.attributes
                0x00000000000000a0       0x10 /usr/lib/n64/nusys/libnusys.a(nugfxsetcfb.o)
 .gnu.attributes
                0x00000000000000b0       0x10 /usr/lib/n64/nusys/libnusys.a(nugfxsetucodefifo.o)
 .gnu.attributes
                0x00000000000000c0       0x10 /usr/lib/n64/nusys/libnusys.a(nugfxswapcfb.o)
 .gnu.attributes
                0x00000000000000d0       0x10 /usr/lib/n64/nusys/libnusys.a(nugfxswapcfbfuncset.o)
 .gnu.attributes
                0x00000000000000e0       0x10 /usr/lib/n64/nusys/libnusys.a(nugfxtaskallendwait.o)
 .gnu.attributes
                0x00000000000000f0       0x10 /usr/lib/n64/nusys/libnusys.a(nugfxtaskmgr.o)
 .gnu.attributes
                0x0000000000000100       0x10 /usr/lib/n64/nusys/libnusys.a(nugfxthread.o)
 .gnu.attributes
                0x0000000000000110       0x10 /usr/lib/n64/nusys/libnusys.a(nupiinit.o)
 .gnu.attributes
                0x0000000000000120       0x10 /usr/lib/n64/nusys/libnusys.a(nurdpoutput.o)
 .gnu.attributes
                0x0000000000000130       0x10 /usr/lib/n64/nusys/libnusys.a(nusched.o)
 .gnu.attributes
                0x0000000000000140       0x10 /usr/lib/n64/nusys/libnusys.a(nuyieldbuf.o)
 .gnu.attributes
                0x0000000000000150       0x10 /usr/lib/n64/nusys/libnusys.a(nudramstack.o)
 .gnu.attributes
                0x0000000000000160       0x10 /usr/lib/n64/nusys/libnusys.a(nugfxdisplayoff.o)
 .gnu.attributes
                0x0000000000000170       0x10 /usr/lib/n64/nusys/libnusys.a(nugfxretracewait.o)
 .gnu.attributes
                0x0000000000000180       0x10 /usr/lib/n64/libultra_rom.a(afterprenmi.o)
 .gnu.attributes
                0x0000000000000190       0x10 /usr/lib/n64/libultra_rom.a(initialize.o)
 .gnu.attributes
                0x00000000000001a0       0x10 /usr/lib/n64/libultra_rom.a(cartrominit.o)
 .gnu.attributes
                0x00000000000001b0       0x10 /usr/lib/n64/libultra_rom.a(piacs.o)
 .gnu.attributes
                0x00000000000001c0       0x10 /usr/lib/n64/libultra_rom.a(pimgr.o)
 .gnu.attributes
                0x00000000000001d0       0x10 /usr/lib/n64/libultra_rom.a(pirawdma.o)
 .gnu.attributes
                0x00000000000001e0       0x10 /usr/lib/n64/libultra_rom.a(createthread.o)
 .gnu.attributes
                0x00000000000001f0       0x10 /usr/lib/n64/libultra_rom.a(getthreadpri.o)
 .gnu.attributes
                0x0000000000000200       0x10 /usr/lib/n64/libultra_rom.a(setthreadpri.o)
 .gnu.attributes
                0x0000000000000210       0x10 /usr/lib/n64/libultra_rom.a(startthread.o)
 .gnu.attributes
                0x0000000000000220       0x10 /usr/lib/n64/libultra_rom.a(thread.o)
 .gnu.attributes
                0x0000000000000230       0x10 /usr/lib/n64/libultra_rom.a(spsetpc.o)
 .gnu.attributes
                0x0000000000000240       0x10 /usr/lib/n64/libultra_rom.a(sptask.o)
 .gnu.attributes
                0x0000000000000250       0x10 /usr/lib/n64/libultra_rom.a(sptaskyield.o)
 .gnu.attributes
                0x0000000000000260       0x10 /usr/lib/n64/libultra_rom.a(sptaskyielded.o)
 .gnu.attributes
                0x0000000000000270       0x10 /usr/lib/n64/libultra_rom.a(string.o)
 .gnu.attributes
                0x0000000000000280       0x10 /usr/lib/n64/libultra_rom.a(createmesgqueue.o)
 .gnu.attributes
                0x0000000000000290       0x10 /usr/lib/n64/libultra_rom.a(recvmesg.o)
 .gnu.attributes
                0x00000000000002a0       0x10 /usr/lib/n64/libultra_rom.a(sendmesg.o)
 .gnu.attributes
                0x00000000000002b0       0x10 /usr/lib/n64/libultra_rom.a(seteventmesg.o)
 .gnu.attributes
                0x00000000000002c0       0x10 /usr/lib/n64/libultra_rom.a(virtualtophysical.o)
 .gnu.attributes
                0x00000000000002d0       0x10 /usr/lib/n64/libultra_rom.a(viblack.o)
 .gnu.attributes
                0x00000000000002e0       0x10 /usr/lib/n64/libultra_rom.a(vi.o)
 .gnu.attributes
                0x00000000000002f0       0x10 /usr/lib/n64/libultra_rom.a(vigetcurrframebuf.o)
 .gnu.attributes
                0x0000000000000300       0x10 /usr/lib/n64/libultra_rom.a(vigetnextframebuf.o)
 .gnu.attributes
                0x0000000000000310       0x10 /usr/lib/n64/libultra_rom.a(vimgr.o)
 .gnu.attributes
                0x0000000000000320       0x10 /usr/lib/n64/libultra_rom.a(visetevent.o)
 .gnu.attributes
                0x0000000000000330       0x10 /usr/lib/n64/libultra_rom.a(visetmode.o)
 .gnu.attributes
                0x0000000000000340       0x10 /usr/lib/n64/libultra_rom.a(visetspecial.o)
 .gnu.attributes
                0x0000000000000350       0x10 /usr/lib/n64/libultra_rom.a(visetyscale.o)
 .gnu.attributes
                0x0000000000000360       0x10 /usr/lib/n64/libultra_rom.a(viswapbuf.o)
 .gnu.attributes
                0x0000000000000370       0x10 /usr/lib/n64/libultra_rom.a(viswapcontext.o)
 .gnu.attributes
                0x0000000000000380       0x10 /usr/lib/n64/libultra_rom.a(vitbl.o)
 .gnu.attributes
                0x0000000000000390       0x10 /usr/lib/n64/libultra_rom.a(timerintr.o)
 .gnu.attributes
                0x00000000000003a0       0x10 /usr/lib/n64/libultra_rom.a(sirawread.o)
 .gnu.attributes
                0x00000000000003b0       0x10 /usr/lib/n64/libultra_rom.a(sirawwrite.o)
 .gnu.attributes
                0x00000000000003c0       0x10 /usr/lib/n64/libultra_rom.a(lookat.o)
 .gnu.attributes
                0x00000000000003d0       0x10 /usr/lib/n64/libultra_rom.a(mtxutil.o)
 .gnu.attributes
                0x00000000000003e0       0x10 /usr/lib/n64/libultra_rom.a(perspective.o)
 .gnu.attributes
                0x00000000000003f0       0x10 /usr/lib/n64/libultra_rom.a(position.o)
 .gnu.attributes
                0x0000000000000400       0x10 /usr/lib/n64/libultra_rom.a(sinf.o)
 .gnu.attributes
                0x0000000000000410       0x10 /usr/lib/n64/libultra_rom.a(vimodempallan1.o)
 .gnu.attributes
                0x0000000000000420       0x10 /usr/lib/n64/libultra_rom.a(vimodentsclan1.o)
 .gnu.attributes
                0x0000000000000430       0x10 /usr/lib/n64/libultra_rom.a(vimodepallan1.o)
 .gnu.attributes
                0x0000000000000440       0x10 /usr/lib/n64/libultra_rom.a(parameters.o)
 .gnu.attributes
                0x0000000000000450       0x10 /usr/lib/n64/libultra_rom.a(exceptasm.o)
 .gnu.attributes
                0x0000000000000460       0x10 /usr/lib/n64/libultra_rom.a(interrupt.o)
 .gnu.attributes
                0x0000000000000470       0x10 /usr/lib/n64/libultra_rom.a(setintmask.o)
 .gnu.attributes
                0x0000000000000480       0x10 /usr/lib/n64/libultra_rom.a(maptlbrdb.o)
 .gnu.attributes
                0x0000000000000490       0x10 /usr/lib/n64/libultra_rom.a(probetlb.o)
 .gnu.attributes
                0x00000000000004a0       0x10 /usr/lib/n64/libultra_rom.a(unmaptlball.o)
 .gnu.attributes
                0x00000000000004b0       0x10 /usr/lib/n64/libultra_rom.a(getcause.o)
 .gnu.attributes
                0x00000000000004c0       0x10 /usr/lib/n64/libultra_rom.a(getcount.o)
 .gnu.attributes
                0x00000000000004d0       0x10 /usr/lib/n64/libultra_rom.a(getsr.o)
 .gnu.attributes
                0x00000000000004e0       0x10 /usr/lib/n64/libultra_rom.a(setcompare.o)
 .gnu.attributes
                0x00000000000004f0       0x10 /usr/lib/n64/libultra_rom.a(setfpccsr.o)
 .gnu.attributes
                0x0000000000000500       0x10 /usr/lib/n64/libultra_rom.a(setsr.o)
 .gnu.attributes
                0x0000000000000510       0x10 /usr/lib/n64/libultra_rom.a(setwatchlo.o)
 .gnu.attributes
                0x0000000000000520       0x10 /usr/lib/n64/libultra_rom.a(bcopy.o)
 .gnu.attributes
                0x0000000000000530       0x10 /usr/lib/n64/libultra_rom.a(bzero.o)
 .gnu.attributes
                0x0000000000000540       0x10 /usr/lib/n64/libultra_rom.a(libm_vals.o)
 .gnu.attributes
                0x0000000000000550       0x10 /usr/lib/n64/libultra_rom.a(sqrtf.o)
 .gnu.attributes
                0x0000000000000560       0x10 /usr/lib/n64/libultra_rom.a(invalicache.o)
 .gnu.attributes
                0x0000000000000570       0x10 /usr/lib/n64/libultra_rom.a(writebackdcacheall.o)
 .gnu.attributes
                0x0000000000000580       0x10 /usr/lib/n64/libultra_rom.a(writebackdcache.o)
 .gnu.attributes
                0x0000000000000590       0x10 /usr/lib/n64/libultra_rom.a(devmgr.o)
 .gnu.attributes
                0x00000000000005a0       0x10 /usr/lib/n64/libultra_rom.a(epirawdma.o)
 .gnu.attributes
                0x00000000000005b0       0x10 /usr/lib/n64/libultra_rom.a(epirawread.o)
 .gnu.attributes
                0x00000000000005c0       0x10 /usr/lib/n64/libultra_rom.a(epirawwrite.o)
 .gnu.attributes
                0x00000000000005d0       0x10 /usr/lib/n64/libultra_rom.a(resetglobalintmask.o)
 .gnu.attributes
                0x00000000000005e0       0x10 /usr/lib/n64/libultra_rom.a(setglobalintmask.o)
 .gnu.attributes
                0x00000000000005f0       0x10 /usr/lib/n64/libultra_rom.a(kdebugserver.o)
 .gnu.attributes
                0x0000000000000600       0x10 /usr/lib/n64/libultra_rom.a(destroythread.o)
 .gnu.attributes
                0x0000000000000610       0x10 /usr/lib/n64/libultra_rom.a(yieldthread.o)
 .gnu.attributes
                0x0000000000000620       0x10 /usr/lib/n64/libultra_rom.a(sp.o)
 .gnu.attributes
                0x0000000000000630       0x10 /usr/lib/n64/libultra_rom.a(spgetstat.o)
 .gnu.attributes
                0x0000000000000640       0x10 /usr/lib/n64/libultra_rom.a(sprawdma.o)
 .gnu.attributes
                0x0000000000000650       0x10 /usr/lib/n64/libultra_rom.a(spsetstat.o)
 .gnu.attributes
                0x0000000000000660       0x10 /usr/lib/n64/libultra_rom.a(vigetcurrcontext.o)
 .gnu.attributes
                0x0000000000000670       0x10 /usr/lib/n64/libultra_rom.a(si.o)
 .gnu.attributes
                0x0000000000000680       0x10 /usr/lib/n64/libultra_rom.a(cosf.o)
 .gnu.attributes
                0x0000000000000690       0x10 /usr/lib/n64/libnustd.a(malloc.o)
 .gnu.attributes
                0x00000000000006a0       0x10 /usr/lib/n64/libnustd.a(memset.o)
 .gnu.attributes
                0x00000000000006b0       0x10 /usr/lib/n64/libnustd.a(initheap.o)
 .gnu.attributes
                0x00000000000006c0       0x10 /usr/lib/n64/libnustd.a(_malloc.o)

.comment        0x0000000000000000       0x12
 .comment       0x0000000000000000       0x12 /usr/lib/n64/nusys/nusys_rom.o
                                         0x13 (size before relaxing)
 .comment       0x0000000000000012       0x13 build/src/gfx_statics.o
 .comment       0x0000000000000012       0x13 build/src/main.o
 .comment       0x0000000000000012       0x13 build/src/stage1.o
 .comment       0x0000000000000012       0x13 build/src/swift_stubs.o
 .comment       0x0000000000000012       0x13 /usr/lib/n64/nusys/libnusys.a(nugfxdisplayon.o)
 .comment       0x0000000000000012       0x13 /usr/lib/n64/nusys/libnusys.a(nugfxfuncset.o)
 .comment       0x0000000000000012       0x13 /usr/lib/n64/nusys/libnusys.a(nugfxinit_ex2.o)
 .comment       0x0000000000000012       0x13 /usr/lib/n64/nusys/libnusys.a(nugfxsetcfb.o)
 .comment       0x0000000000000012       0x13 /usr/lib/n64/nusys/libnusys.a(nugfxsetucodefifo.o)
 .comment       0x0000000000000012       0x13 /usr/lib/n64/nusys/libnusys.a(nugfxswapcfb.o)
 .comment       0x0000000000000012       0x13 /usr/lib/n64/nusys/libnusys.a(nugfxswapcfbfuncset.o)
 .comment       0x0000000000000012       0x13 /usr/lib/n64/nusys/libnusys.a(nugfxtaskallendwait.o)
 .comment       0x0000000000000012       0x13 /usr/lib/n64/nusys/libnusys.a(nugfxtaskmgr.o)
 .comment       0x0000000000000012       0x13 /usr/lib/n64/nusys/libnusys.a(nugfxthread.o)
 .comment       0x0000000000000012       0x13 /usr/lib/n64/nusys/libnusys.a(nupiinit.o)
 .comment       0x0000000000000012       0x13 /usr/lib/n64/nusys/libnusys.a(nurdpoutput.o)
 .comment       0x0000000000000012       0x13 /usr/lib/n64/nusys/libnusys.a(nusched.o)
 .comment       0x0000000000000012       0x13 /usr/lib/n64/nusys/libnusys.a(nuyieldbuf.o)
 .comment       0x0000000000000012       0x13 /usr/lib/n64/nusys/libnusys.a(nudramstack.o)
 .comment       0x0000000000000012       0x13 /usr/lib/n64/nusys/libnusys.a(nugfxdisplayoff.o)
 .comment       0x0000000000000012       0x13 /usr/lib/n64/nusys/libnusys.a(nugfxretracewait.o)
 .comment       0x0000000000000012       0x13 /usr/lib/n64/libultra_rom.a(afterprenmi.o)
 .comment       0x0000000000000012       0x13 /usr/lib/n64/libultra_rom.a(initialize.o)
 .comment       0x0000000000000012       0x13 /usr/lib/n64/libultra_rom.a(cartrominit.o)
 .comment       0x0000000000000012       0x13 /usr/lib/n64/libultra_rom.a(piacs.o)
 .comment       0x0000000000000012       0x13 /usr/lib/n64/libultra_rom.a(pimgr.o)
 .comment       0x0000000000000012       0x13 /usr/lib/n64/libultra_rom.a(pirawdma.o)
 .comment       0x0000000000000012       0x13 /usr/lib/n64/libultra_rom.a(createthread.o)
 .comment       0x0000000000000012       0x13 /usr/lib/n64/libultra_rom.a(getthreadpri.o)
 .comment       0x0000000000000012       0x13 /usr/lib/n64/libultra_rom.a(setthreadpri.o)
 .comment       0x0000000000000012       0x13 /usr/lib/n64/libultra_rom.a(startthread.o)
 .comment       0x0000000000000012       0x13 /usr/lib/n64/libultra_rom.a(thread.o)
 .comment       0x0000000000000012       0x13 /usr/lib/n64/libultra_rom.a(spsetpc.o)
 .comment       0x0000000000000012       0x13 /usr/lib/n64/libultra_rom.a(sptask.o)
 .comment       0x0000000000000012       0x13 /usr/lib/n64/libultra_rom.a(sptaskyield.o)
 .comment       0x0000000000000012       0x13 /usr/lib/n64/libultra_rom.a(sptaskyielded.o)
 .comment       0x0000000000000012       0x13 /usr/lib/n64/libultra_rom.a(string.o)
 .comment       0x0000000000000012       0x13 /usr/lib/n64/libultra_rom.a(createmesgqueue.o)
 .comment       0x0000000000000012       0x13 /usr/lib/n64/libultra_rom.a(recvmesg.o)
 .comment       0x0000000000000012       0x13 /usr/lib/n64/libultra_rom.a(sendmesg.o)
 .comment       0x0000000000000012       0x13 /usr/lib/n64/libultra_rom.a(seteventmesg.o)
 .comment       0x0000000000000012       0x13 /usr/lib/n64/libultra_rom.a(virtualtophysical.o)
 .comment       0x0000000000000012       0x13 /usr/lib/n64/libultra_rom.a(viblack.o)
 .comment       0x0000000000000012       0x13 /usr/lib/n64/libultra_rom.a(vi.o)
 .comment       0x0000000000000012       0x13 /usr/lib/n64/libultra_rom.a(vigetcurrframebuf.o)
 .comment       0x0000000000000012       0x13 /usr/lib/n64/libultra_rom.a(vigetnextframebuf.o)
 .comment       0x0000000000000012       0x13 /usr/lib/n64/libultra_rom.a(vimgr.o)
 .comment       0x0000000000000012       0x13 /usr/lib/n64/libultra_rom.a(visetevent.o)
 .comment       0x0000000000000012       0x13 /usr/lib/n64/libultra_rom.a(visetmode.o)
 .comment       0x0000000000000012       0x13 /usr/lib/n64/libultra_rom.a(visetspecial.o)
 .comment       0x0000000000000012       0x13 /usr/lib/n64/libultra_rom.a(visetyscale.o)
 .comment       0x0000000000000012       0x13 /usr/lib/n64/libultra_rom.a(viswapbuf.o)
 .comment       0x0000000000000012       0x13 /usr/lib/n64/libultra_rom.a(viswapcontext.o)
 .comment       0x0000000000000012       0x13 /usr/lib/n64/libultra_rom.a(vitbl.o)
 .comment       0x0000000000000012       0x13 /usr/lib/n64/libultra_rom.a(timerintr.o)
 .comment       0x0000000000000012       0x13 /usr/lib/n64/libultra_rom.a(sirawread.o)
 .comment       0x0000000000000012       0x13 /usr/lib/n64/libultra_rom.a(sirawwrite.o)
 .comment       0x0000000000000012       0x13 /usr/lib/n64/libultra_rom.a(lookat.o)
 .comment       0x0000000000000012       0x13 /usr/lib/n64/libultra_rom.a(mtxutil.o)
 .comment       0x0000000000000012       0x13 /usr/lib/n64/libultra_rom.a(perspective.o)
 .comment       0x0000000000000012       0x13 /usr/lib/n64/libultra_rom.a(position.o)
 .comment       0x0000000000000012       0x13 /usr/lib/n64/libultra_rom.a(sinf.o)
 .comment       0x0000000000000012       0x13 /usr/lib/n64/libultra_rom.a(vimodempallan1.o)
 .comment       0x0000000000000012       0x13 /usr/lib/n64/libultra_rom.a(vimodentsclan1.o)
 .comment       0x0000000000000012       0x13 /usr/lib/n64/libultra_rom.a(vimodepallan1.o)
 .comment       0x0000000000000012       0x13 /usr/lib/n64/libultra_rom.a(devmgr.o)
 .comment       0x0000000000000012       0x13 /usr/lib/n64/libultra_rom.a(epirawdma.o)
 .comment       0x0000000000000012       0x13 /usr/lib/n64/libultra_rom.a(epirawread.o)
 .comment       0x0000000000000012       0x13 /usr/lib/n64/libultra_rom.a(epirawwrite.o)
 .comment       0x0000000000000012       0x13 /usr/lib/n64/libultra_rom.a(resetglobalintmask.o)
 .comment       0x0000000000000012       0x13 /usr/lib/n64/libultra_rom.a(setglobalintmask.o)
 .comment       0x0000000000000012       0x13 /usr/lib/n64/libultra_rom.a(kdebugserver.o)
 .comment       0x0000000000000012       0x13 /usr/lib/n64/libultra_rom.a(destroythread.o)
 .comment       0x0000000000000012       0x13 /usr/lib/n64/libultra_rom.a(yieldthread.o)
 .comment       0x0000000000000012       0x13 /usr/lib/n64/libultra_rom.a(sp.o)
 .comment       0x0000000000000012       0x13 /usr/lib/n64/libultra_rom.a(spgetstat.o)
 .comment       0x0000000000000012       0x13 /usr/lib/n64/libultra_rom.a(sprawdma.o)
 .comment       0x0000000000000012       0x13 /usr/lib/n64/libultra_rom.a(spsetstat.o)
 .comment       0x0000000000000012       0x13 /usr/lib/n64/libultra_rom.a(vigetcurrcontext.o)
 .comment       0x0000000000000012       0x13 /usr/lib/n64/libultra_rom.a(si.o)
 .comment       0x0000000000000012       0x13 /usr/lib/n64/libultra_rom.a(cosf.o)
 .comment       0x0000000000000012       0x13 /usr/lib/n64/libnustd.a(malloc.o)
 .comment       0x0000000000000012       0x13 /usr/lib/n64/libnustd.a(memset.o)
 .comment       0x0000000000000012       0x13 /usr/lib/n64/libnustd.a(initheap.o)
 .comment       0x0000000000000012       0x13 /usr/lib/n64/libnustd.a(_malloc.o)

.mdebug.abi32   0x0000000000000000        0x0
 .mdebug.abi32  0x0000000000000000        0x0 /usr/lib/n64/nusys/nusys_rom.o
 .mdebug.abi32  0x0000000000000000        0x0 build/swiftlib.o
 .mdebug.abi32  0x0000000000000000        0x0 build/src/gfx_statics.o
 .mdebug.abi32  0x0000000000000000        0x0 build/src/main.o
 .mdebug.abi32  0x0000000000000000        0x0 build/src/stage1.o
 .mdebug.abi32  0x0000000000000000        0x0 build/src/swift_stubs.o
 .mdebug.abi32  0x0000000000000000        0x0 /usr/lib/n64/nusys/libnusys.a(nugfxdisplayon.o)
 .mdebug.abi32  0x0000000000000000        0x0 /usr/lib/n64/nusys/libnusys.a(nugfxfuncset.o)
 .mdebug.abi32  0x0000000000000000        0x0 /usr/lib/n64/nusys/libnusys.a(nugfxinit_ex2.o)
 .mdebug.abi32  0x0000000000000000        0x0 /usr/lib/n64/nusys/libnusys.a(nugfxsetcfb.o)
 .mdebug.abi32  0x0000000000000000        0x0 /usr/lib/n64/nusys/libnusys.a(nugfxsetucodefifo.o)
 .mdebug.abi32  0x0000000000000000        0x0 /usr/lib/n64/nusys/libnusys.a(nugfxswapcfb.o)
 .mdebug.abi32  0x0000000000000000        0x0 /usr/lib/n64/nusys/libnusys.a(nugfxswapcfbfuncset.o)
 .mdebug.abi32  0x0000000000000000        0x0 /usr/lib/n64/nusys/libnusys.a(nugfxtaskallendwait.o)
 .mdebug.abi32  0x0000000000000000        0x0 /usr/lib/n64/nusys/libnusys.a(nugfxtaskmgr.o)
 .mdebug.abi32  0x0000000000000000        0x0 /usr/lib/n64/nusys/libnusys.a(nugfxthread.o)
 .mdebug.abi32  0x0000000000000000        0x0 /usr/lib/n64/nusys/libnusys.a(nupiinit.o)
 .mdebug.abi32  0x0000000000000000        0x0 /usr/lib/n64/nusys/libnusys.a(nurdpoutput.o)
 .mdebug.abi32  0x0000000000000000        0x0 /usr/lib/n64/nusys/libnusys.a(nusched.o)
 .mdebug.abi32  0x0000000000000000        0x0 /usr/lib/n64/nusys/libnusys.a(nuyieldbuf.o)
 .mdebug.abi32  0x0000000000000000        0x0 /usr/lib/n64/nusys/libnusys.a(nudramstack.o)
 .mdebug.abi32  0x0000000000000000        0x0 /usr/lib/n64/nusys/libnusys.a(nugfxdisplayoff.o)
 .mdebug.abi32  0x0000000000000000        0x0 /usr/lib/n64/nusys/libnusys.a(nugfxretracewait.o)